01-17 07:28:59.288  1699  1699 W ActivityManager: Unable to start service Intent { act=android.service.notification.NotificationListenerService cmp=com.google.android.apps.nexuslauncher/com.android.launcher3.notification.NotificationListener } U=0: not found
01-17 07:28:59.288  1699  1699 W NotificationListeners: Unable to bind notification listener service: Intent { act=android.service.notification.NotificationListenerService cmp=com.google.android.apps.nexuslauncher/com.android.launcher3.notification.NotificationListener (has extras) }
01-17 07:28:59.359  1699  1699 D ConditionProviders.SCP: onSubscribe condition://android/schedule?days=1.2.3.4.5&start=22.0&end=7.0&exitAtAlarm=false
01-17 07:28:59.360  1699  1699 D ConditionProviders.SCP: setRegistered true
01-17 07:28:59.360  1699  1699 D ConditionProviders.SCP: notifyCondition condition://android/schedule?days=1.2.3.4.5&start=22.0&end=7.0&exitAtAlarm=false STATE_FALSE reason=!meetsSchedule
01-17 07:28:59.364  1699  1814 E ActivityThread: Failed to find provider info for com.android.calendar
01-17 07:28:59.366  1699  1814 E ActivityThread: Failed to find provider info for com.android.calendar
01-17 07:28:59.394  1699  1699 D ConditionProviders.SCP: Scheduling evaluate for Mon Jan 17 22:00:00 GMT+00:00 2022 (1642456800000), in +14h31m0s641ms, now=Mon Jan 17 07:28:59 GMT+00:00 2022 (1642404539359)
01-17 07:28:59.396  1699  1699 D ConditionProviders.SCP: onSubscribe condition://android/schedule?days=6.7&start=23.30&end=10.0&exitAtAlarm=false
01-17 07:28:59.397  1699  1699 D ConditionProviders.SCP: notifyCondition condition://android/schedule?days=6.7&start=23.30&end=10.0&exitAtAlarm=false STATE_FALSE reason=!meetsSchedule
01-17 07:28:59.397  1699  1699 D ConditionProviders.SCP: notifyCondition condition://android/schedule?days=1.2.3.4.5&start=22.0&end=7.0&exitAtAlarm=false STATE_FALSE reason=!meetsSchedule
01-17 07:28:59.399  1699  1699 D ConditionProviders.SCP: Scheduling evaluate for Mon Jan 17 10:00:00 GMT+00:00 2022 (1642413600000), in +2h31m0s603ms, now=Mon Jan 17 07:28:59 GMT+00:00 2022 (1642404539397)
01-17 07:28:59.442  1699  1721 I SyncManager: Got SyncJobService instance.
01-17 07:28:59.445  1699  1699 I LockSettingsService: Reporting device setup complete to IGateKeeperService
01-17 07:28:59.461  1699  1721 D AutofillManagerServiceImpl: Reset component for user 0
01-17 07:28:59.462  1699  1721 D AutofillManagerServiceImpl: Reset component for user 0
01-17 07:28:59.462  1699  1723 D AutofillUI: destroySaveUiUiThread(): already destroyed
01-17 07:28:59.465  1699  1699 I Telecom : WiredHeadsetManager: ACTION_HEADSET_PLUG event, plugged in: false, : WHC.oADA@AAE
01-17 07:28:59.484  1699  1896 W WallpaperManagerService: Cannot extract colors because wallpaper could not be read.
01-17 07:28:59.484  1699  1896 W WallpaperManagerService: Cannot extract colors because wallpaper could not be read.
01-17 07:28:59.491  1699  1699 I Telecom : PhoneAccountRegistrar: SimCallManager queried, returning: null: TSI.gSCM@AAM
01-17 07:28:59.521  1699  1896 I StatusBarManagerService: registerStatusBar bar=com.android.internal.statusbar.IStatusBar$Stub$Proxy@aba3c5b
01-17 07:28:59.542  1699  1699 D AutofillManagerService: Autofill restriction did not change for user 0: null
01-17 07:28:59.547  1699  1699 D ZenLog  : config: conditionChanged,ZenModeConfig[user=0,allowCalls=true,allowRepeatCallers=false,allowMessages=false,allowCallsFrom=contacts,allowMessagesFrom=contacts,allowReminders=true,allowEvents=true,allowWhenScreenOff=true,allowWhenScreenOn=true,automaticRules={EVENTS_DEFAULT_RULE=ZenRule[enabled=false,snoozing=false,name=Event,zenMode=ZEN_MODE_ALARMS,conditionId=condition://android/event?userId=-10000&calendar=&reply=1,condition=null,component=ComponentInfo{android/com.android.server.notification.EventConditionProvider},id=EVENTS_DEFAULT_RULE,creationTime=1642404537273,enabler=null], SCHEDULED_DEFAULT_RULE_1=ZenRule[enabled=false,snoozing=false,name=Weeknight,zenMode=ZEN_MODE_ALARMS,conditionId=condition://android/schedule?days=1.2.3.4.5&start=22.0&end=7.0&exitAtAlarm=false,condition=Condition[id=condition://android/schedule?days=1.2.3.4.5&start=22.0&end=7.0&exitAtAlarm=false,summary=...,line1=...,line2=...,icon=0,state=STATE_FALSE,flags=2],component=ComponentInfo{android/com.android.server.notification.ScheduleConditionProvider},id=SCHEDULED_DEFAULT_RULE_1,creationTime=1642404537272,enabler=null], SCHEDULED_DEFAULT_RULE_2=ZenRule[enabled=false,snoozing=false,name=Weekend,zenMode=ZEN_MODE_ALARMS,conditionId=condition://android/schedule?days=6.7&start=23.30&end=10.0&exitAtAlarm=false,condition=null,component=ComponentInfo{android/com.android.server.notification.ScheduleConditionProvider},id=SCHEDULED_DEFAULT_RULE_2,creationTime=1642404537272,enabler=null]},manualRule=null],Diff[automaticRule[SCHEDULED_DEFAULT_RULE_1].condition:null->Condition[id=condition://android/schedule?days=1.2.3.4.5&start=22.0&end=7.0&exitAtAlarm=false,summary=...,line1=...,line2=...,icon=0,state=STATE_FALSE,flags=2]]
01-17 07:28:59.558  1699  1699 D ZenLog  : config: conditionChanged,ZenModeConfig[user=0,allowCalls=true,allowRepeatCallers=false,allowMessages=false,allowCallsFrom=contacts,allowMessagesFrom=contacts,allowReminders=true,allowEvents=true,allowWhenScreenOff=true,allowWhenScreenOn=true,automaticRules={EVENTS_DEFAULT_RULE=ZenRule[enabled=false,snoozing=false,name=Event,zenMode=ZEN_MODE_ALARMS,conditionId=condition://android/event?userId=-10000&calendar=&reply=1,condition=Condition[id=condition://android/event?userId=-10000&calendar=&reply=1,summary=...,line1=...,line2=...,icon=0,state=STATE_FALSE,flags=2],component=ComponentInfo{android/com.android.server.notification.EventConditionProvider},id=EVENTS_DEFAULT_RULE,creationTime=1642404537273,enabler=null], SCHEDULED_DEFAULT_RULE_1=ZenRule[enabled=false,snoozing=false,name=Weeknight,zenMode=ZEN_MODE_ALARMS,conditionId=condition://android/schedule?days=1.2.3.4.5&start=22.0&end=7.0&exitAtAlarm=false,condition=Condition[id=condition://android/schedule?days=1.2.3.4.5&start=22.0&end=7.0&exitAtAlarm=false,summary=...,line1=...,line2=...,icon=0,state=STATE_FALSE,flags=2],component=ComponentInfo{android/com.android.server.notification.ScheduleConditionProvider},id=SCHEDULED_DEFAULT_RULE_1,creationTime=1642404537272,enabler=null], SCHEDULED_DEFAULT_RULE_2=ZenRule[enabled=false,snoozing=false,name=Weekend,zenMode=ZEN_MODE_ALARMS,conditionId=condition://android/schedule?days=6.7&start=23.30&end=10.0&exitAtAlarm=false,condition=null,component=ComponentInfo{android/com.android.server.notification.ScheduleConditionProvider},id=SCHEDULED_DEFAULT_RULE_2,creationTime=1642404537272,enabler=null]},manualRule=null],Diff[automaticRule[EVENTS_DEFAULT_RULE].condition:null->Condition[id=condition://android/event?userId=-10000&calendar=&reply=1,summary=...,line1=...,line2=...,icon=0,state=STATE_FALSE,flags=2]]
01-17 07:28:59.564  1699  1699 D ZenLog  : config: conditionChanged,ZenModeConfig[user=0,allowCalls=true,allowRepeatCallers=false,allowMessages=false,allowCallsFrom=contacts,allowMessagesFrom=contacts,allowReminders=true,allowEvents=true,allowWhenScreenOff=true,allowWhenScreenOn=true,automaticRules={EVENTS_DEFAULT_RULE=ZenRule[enabled=false,snoozing=false,name=Event,zenMode=ZEN_MODE_ALARMS,conditionId=condition://android/event?userId=-10000&calendar=&reply=1,condition=Condition[id=condition://android/event?userId=-10000&calendar=&reply=1,summary=...,line1=...,line2=...,icon=0,state=STATE_FALSE,flags=2],component=ComponentInfo{android/com.android.server.notification.EventConditionProvider},id=EVENTS_DEFAULT_RULE,creationTime=1642404537273,enabler=null], SCHEDULED_DEFAULT_RULE_1=ZenRule[enabled=false,snoozing=false,name=Weeknight,zenMode=ZEN_MODE_ALARMS,conditionId=condition://android/schedule?days=1.2.3.4.5&start=22.0&end=7.0&exitAtAlarm=false,condition=Condition[id=condition://android/schedule?days=1.2.3.4.5&start=22.0&end=7.0&exitAtAlarm=false,summary=...,line1=...,line2=...,icon=0,state=STATE_FALSE,flags=2],component=ComponentInfo{android/com.android.server.notification.ScheduleConditionProvider},id=SCHEDULED_DEFAULT_RULE_1,creationTime=1642404537272,enabler=null], SCHEDULED_DEFAULT_RULE_2=ZenRule[enabled=false,snoozing=false,name=Weekend,zenMode=ZEN_MODE_ALARMS,conditionId=condition://android/schedule?days=6.7&start=23.30&end=10.0&exitAtAlarm=false,condition=Condition[id=condition://android/schedule?days=6.7&start=23.30&end=10.0&exitAtAlarm=false,summary=...,line1=...,line2=...,icon=0,state=STATE_FALSE,flags=2],component=ComponentInfo{android/com.android.server.notification.ScheduleConditionProvider},id=SCHEDULED_DEFAULT_RULE_2,creationTime=1642404537272,enabler=null]},manualRule=null],Diff[automaticRule[SCHEDULED_DEFAULT_RULE_2].condition:null->Condition[id=condition://android/schedule?days=6.7&start=23.30&end=10.0&exitAtAlarm=false,summary=...,line1=...,line2=...,icon=0,state=STATE_FALSE,flags=2]]
01-17 07:28:59.577  1699  1699 I DevicePolicyManager: Set ro.device_owner property to false
01-17 07:28:59.684  1873  1873 I StatusBar: isKeyguardShowing() called before startKeyguard(), returning true
01-17 07:28:59.702  1873  1873 W StatusBar: isKeyguardSecure() called before startKeyguard(), returning false
01-17 07:28:59.702  1873  1873 W StatusBar: java.lang.Throwable
01-17 07:28:59.702  1873  1873 W StatusBar: 	at com.android.systemui.statusbar.phone.StatusBar.isKeyguardSecure(StatusBar.java:7551)
01-17 07:28:59.702  1873  1873 W StatusBar: 	at com.android.systemui.statusbar.phone.StatusBar.isCameraAllowedByAdmin(StatusBar.java:5436)
01-17 07:28:59.702  1873  1873 W StatusBar: 	at com.android.systemui.statusbar.phone.KeyguardBottomAreaView$DefaultRightButton.getIcon(KeyguardBottomAreaView.java:856)
01-17 07:28:59.702  1873  1873 W StatusBar: 	at com.android.systemui.statusbar.phone.KeyguardBottomAreaView.updateCameraVisibility(KeyguardBottomAreaView.java:382)
01-17 07:28:59.702  1873  1873 W StatusBar: 	at com.android.systemui.statusbar.phone.KeyguardBottomAreaView.setStatusBar(KeyguardBottomAreaView.java:351)
01-17 07:28:59.702  1873  1873 W StatusBar: 	at com.android.systemui.statusbar.phone.NotificationPanelView.setStatusBar(NotificationPanelView.java:252)
01-17 07:28:59.702  1873  1873 W StatusBar: 	at com.android.systemui.statusbar.phone.StatusBar.makeStatusBarView(StatusBar.java:1019)
01-17 07:28:59.702  1873  1873 W StatusBar: 	at com.android.systemui.statusbar.phone.StatusBar.addStatusBarWindow(StatusBar.java:3664)
01-17 07:28:59.702  1873  1873 W StatusBar: 	at com.android.systemui.statusbar.phone.StatusBar.createAndAddWindows(StatusBar.java:3660)
01-17 07:28:59.702  1873  1873 W StatusBar: 	at com.android.systemui.statusbar.phone.StatusBar.start(StatusBar.java:889)
01-17 07:28:59.702  1873  1873 W StatusBar: 	at com.google.android.systemui.statusbar.phone.StatusBarGoogle.start(StatusBarGoogle.java:56)
01-17 07:28:59.702  1873  1873 W StatusBar: 	at com.android.systemui.SystemBars.createStatusBarFromConfig(SystemBars.java:71)
01-17 07:28:59.702  1873  1873 W StatusBar: 	at com.android.systemui.SystemBars.start(SystemBars.java:42)
01-17 07:28:59.702  1873  1873 W StatusBar: 	at com.android.systemui.SystemUIApplication.startServicesIfNeeded(SystemUIApplication.java:215)
01-17 07:28:59.702  1873  1873 W StatusBar: 	at com.android.systemui.SystemUIApplication.startServicesIfNeeded(SystemUIApplication.java:164)
01-17 07:28:59.702  1873  1873 W StatusBar: 	at com.android.systemui.SystemUIService.onCreate(SystemUIService.java:33)
01-17 07:28:59.702  1873  1873 W StatusBar: 	at android.app.ActivityThread.handleCreateService(ActivityThread.java:3339)
01-17 07:28:59.702  1873  1873 W StatusBar: 	at android.app.ActivityThread.-wrap4(Unknown Source:0)
01-17 07:28:59.702  1873  1873 W StatusBar: 	at android.app.ActivityThread$H.handleMessage(ActivityThread.java:1677)
01-17 07:28:59.702  1873  1873 W StatusBar: 	at android.os.Handler.dispatchMessage(Handler.java:106)
01-17 07:28:59.702  1873  1873 W StatusBar: 	at android.os.Looper.loop(Looper.java:164)
01-17 07:28:59.702  1873  1873 W StatusBar: 	at android.app.ActivityThread.main(ActivityThread.java:6494)
01-17 07:28:59.702  1873  1873 W StatusBar: 	at java.lang.reflect.Method.invoke(Native Method)
01-17 07:28:59.702  1873  1873 W StatusBar: 	at com.android.internal.os.RuntimeInit$MethodAndArgsCaller.run(RuntimeInit.java:438)
01-17 07:28:59.702  1873  1873 W StatusBar: 	at com.android.internal.os.ZygoteInit.main(ZygoteInit.java:807)
01-17 07:28:59.726  1699  1699 D ZenLog  : set_zen_mode: off,conditionChanged
01-17 07:28:59.727  1699  1699 I chatty  : uid=1000 system_server identical 1 line
01-17 07:28:59.759  1699  1699 D ZenLog  : set_zen_mode: off,conditionChanged
01-17 07:28:59.803  1873  1873 I StatusBar: isKeyguardShowing() called before startKeyguard(), returning true
01-17 07:28:59.804  1873  1873 W StatusBar: isKeyguardSecure() called before startKeyguard(), returning false
01-17 07:28:59.804  1873  1873 W StatusBar: java.lang.Throwable
01-17 07:28:59.804  1873  1873 W StatusBar: 	at com.android.systemui.statusbar.phone.StatusBar.isKeyguardSecure(StatusBar.java:7551)
01-17 07:28:59.804  1873  1873 W StatusBar: 	at com.android.systemui.statusbar.phone.StatusBar.isCameraAllowedByAdmin(StatusBar.java:5436)
01-17 07:28:59.804  1873  1873 W StatusBar: 	at com.android.systemui.statusbar.phone.KeyguardBottomAreaView$DefaultRightButton.getIcon(KeyguardBottomAreaView.java:856)
01-17 07:28:59.804  1873  1873 W StatusBar: 	at com.android.systemui.statusbar.phone.KeyguardBottomAreaView.updateCameraVisibility(KeyguardBottomAreaView.java:382)
01-17 07:28:59.804  1873  1873 W StatusBar: 	at com.android.systemui.statusbar.phone.KeyguardBottomAreaView.setUserSetupComplete(KeyguardBottomAreaView.java:360)
01-17 07:28:59.804  1873  1873 W StatusBar: 	at com.android.systemui.statusbar.phone.NotificationPanelView.setUserSetupComplete(NotificationPanelView.java:2655)
01-17 07:28:59.804  1873  1873 W StatusBar: 	at com.android.systemui.statusbar.phone.StatusBar.makeStatusBarView(StatusBar.java:1162)
01-17 07:28:59.804  1873  1873 W StatusBar: 	at com.android.systemui.statusbar.phone.StatusBar.addStatusBarWindow(StatusBar.java:3664)
01-17 07:28:59.804  1873  1873 W StatusBar: 	at com.android.systemui.statusbar.phone.StatusBar.createAndAddWindows(StatusBar.java:3660)
01-17 07:28:59.804  1873  1873 W StatusBar: 	at com.android.systemui.statusbar.phone.StatusBar.start(StatusBar.java:889)
01-17 07:28:59.804  1873  1873 W StatusBar: 	at com.google.android.systemui.statusbar.phone.StatusBarGoogle.start(StatusBarGoogle.java:56)
01-17 07:28:59.804  1873  1873 W StatusBar: 	at com.android.systemui.SystemBars.createStatusBarFromConfig(SystemBars.java:71)
01-17 07:28:59.804  1873  1873 W StatusBar: 	at com.android.systemui.SystemBars.start(SystemBars.java:42)
01-17 07:28:59.804  1873  1873 W StatusBar: 	at com.android.systemui.SystemUIApplication.startServicesIfNeeded(SystemUIApplication.java:215)
01-17 07:28:59.804  1873  1873 W StatusBar: 	at com.android.systemui.SystemUIApplication.startServicesIfNeeded(SystemUIApplication.java:164)
01-17 07:28:59.804  1873  1873 W StatusBar: 	at com.android.systemui.SystemUIService.onCreate(SystemUIService.java:33)
01-17 07:28:59.804  1873  1873 W StatusBar: 	at android.app.ActivityThread.handleCreateService(ActivityThread.java:3339)
01-17 07:28:59.804  1873  1873 W StatusBar: 	at android.app.ActivityThread.-wrap4(Unknown Source:0)
01-17 07:28:59.804  1873  1873 W StatusBar: 	at android.app.ActivityThread$H.handleMessage(ActivityThread.java:1677)
01-17 07:28:59.804  1873  1873 W StatusBar: 	at android.os.Handler.dispatchMessage(Handler.java:106)
01-17 07:28:59.804  1873  1873 W StatusBar: 	at android.os.Looper.loop(Looper.java:164)
01-17 07:28:59.804  1873  1873 W StatusBar: 	at android.app.ActivityThread.main(ActivityThread.java:6494)
01-17 07:28:59.804  1873  1873 W StatusBar: 	at java.lang.reflect.Method.invoke(Native Method)
01-17 07:28:59.804  1873  1873 W StatusBar: 	at com.android.internal.os.RuntimeInit$MethodAndArgsCaller.run(RuntimeInit.java:438)
01-17 07:28:59.804  1873  1873 W StatusBar: 	at com.android.internal.os.ZygoteInit.main(ZygoteInit.java:807)
01-17 07:28:59.912  1873  1873 I StatusBar: isKeyguardShowing() called before startKeyguard(), returning true
01-17 07:28:59.912  1873  1873 W StatusBar: isKeyguardSecure() called before startKeyguard(), returning false
01-17 07:28:59.912  1873  1873 W StatusBar: java.lang.Throwable
01-17 07:28:59.912  1873  1873 W StatusBar: 	at com.android.systemui.statusbar.phone.StatusBar.isKeyguardSecure(StatusBar.java:7551)
01-17 07:28:59.912  1873  1873 W StatusBar: 	at com.android.systemui.statusbar.phone.StatusBar.isCameraAllowedByAdmin(StatusBar.java:5436)
01-17 07:28:59.912  1873  1873 W StatusBar: 	at com.android.systemui.statusbar.phone.KeyguardBottomAreaView$DefaultRightButton.getIcon(KeyguardBottomAreaView.java:856)
01-17 07:28:59.912  1873  1873 W StatusBar: 	at com.android.systemui.statusbar.phone.KeyguardBottomAreaView.updateCameraVisibility(KeyguardBottomAreaView.java:382)
01-17 07:28:59.912  1873  1873 W StatusBar: 	at com.android.systemui.statusbar.phone.KeyguardBottomAreaView.setUserSetupComplete(KeyguardBottomAreaView.java:360)
01-17 07:28:59.912  1873  1873 W StatusBar: 	at com.android.systemui.statusbar.phone.NotificationPanelView.setUserSetupComplete(NotificationPanelView.java:2655)
01-17 07:28:59.912  1873  1873 W StatusBar: 	at com.android.systemui.statusbar.phone.StatusBar$1.onUserSetupChanged(StatusBar.java:524)
01-17 07:28:59.912  1873  1873 W StatusBar: 	at com.android.systemui.statusbar.policy.DeviceProvisionedControllerImpl.addCallback(DeviceProvisionedControllerImpl.java:69)
01-17 07:28:59.912  1873  1873 W StatusBar: 	at com.android.systemui.statusbar.policy.DeviceProvisionedControllerImpl.addCallback(DeviceProvisionedControllerImpl.java:63)
01-17 07:28:59.912  1873  1873 W StatusBar: 	at com.android.systemui.statusbar.phone.StatusBar.makeStatusBarView(StatusBar.java:1252)
01-17 07:28:59.912  1873  1873 W StatusBar: 	at com.android.systemui.statusbar.phone.StatusBar.addStatusBarWindow(StatusBar.java:3664)
01-17 07:28:59.912  1873  1873 W StatusBar: 	at com.android.systemui.statusbar.phone.StatusBar.createAndAddWindows(StatusBar.java:3660)
01-17 07:28:59.912  1873  1873 W StatusBar: 	at com.android.systemui.statusbar.phone.StatusBar.start(StatusBar.java:889)
01-17 07:28:59.912  1873  1873 W StatusBar: 	at com.google.android.systemui.statusbar.phone.StatusBarGoogle.start(StatusBarGoogle.java:56)
01-17 07:28:59.912  1873  1873 W StatusBar: 	at com.android.systemui.SystemBars.createStatusBarFromConfig(SystemBars.java:71)
01-17 07:28:59.912  1873  1873 W StatusBar: 	at com.android.systemui.SystemBars.start(SystemBars.java:42)
01-17 07:28:59.912  1873  1873 W StatusBar: 	at com.android.systemui.SystemUIApplication.startServicesIfNeeded(SystemUIApplication.java:215)
01-17 07:28:59.912  1873  1873 W StatusBar: 	at com.android.systemui.SystemUIApplication.startServicesIfNeeded(SystemUIApplication.java:164)
01-17 07:28:59.912  1873  1873 W StatusBar: 	at com.android.systemui.SystemUIService.onCreate(SystemUIService.java:33)
01-17 07:28:59.912  1873  1873 W StatusBar: 	at android.app.ActivityThread.handleCreateService(ActivityThread.java:3339)
01-17 07:28:59.912  1873  1873 W StatusBar: 	at android.app.ActivityThread.-wrap4(Unknown Source:0)
01-17 07:28:59.912  1873  1873 W StatusBar: 	at android.app.ActivityThread$H.handleMessage(ActivityThread.java:1677)
01-17 07:28:59.912  1873  1873 W StatusBar: 	at android.os.Handler.dispatchMessage(Handler.java:106)
01-17 07:28:59.912  1873  1873 W StatusBar: 	at android.os.Looper.loop(Looper.java:164)
01-17 07:28:59.912  1873  1873 W StatusBar: 	at android.app.ActivityThread.main(ActivityThread.java:6494)
01-17 07:28:59.912  1873  1873 W StatusBar: 	at java.lang.reflect.Method.invoke(Native Method)
01-17 07:28:59.912  1873  1873 W StatusBar: 	at com.android.internal.os.RuntimeInit$MethodAndArgsCaller.run(RuntimeInit.java:438)
01-17 07:28:59.912  1873  1873 W StatusBar: 	at com.android.internal.os.ZygoteInit.main(ZygoteInit.java:807)
01-17 07:29:00.038  1873  2200 E ActivityThread: Failed to find provider info for com.android.contacts
01-17 07:29:00.055  1873  1873 D SystemUIBootTiming: StartServicesSystemBars took to complete: 772ms
01-17 07:29:00.089  1873  1873 D SystemUIBootTiming: StartServicesStorageNotification took to complete: 34ms
01-17 07:29:00.090  1853  1853 E ActivityThread: Failed to find provider info for com.google.android.gsf.gservices
01-17 07:29:00.091  1853  1853 E ActivityThread: Failed to find provider info for com.google.android.gsf.gservices
01-17 07:29:00.106  1699  2026 I ActivityManager: Start proc 2252:com.google.android.gms/u0a13 for service com.google.android.gms/.chimera.GmsIntentOperationService
01-17 07:29:00.109  1853  1853 E ActivityThread: Failed to find provider info for com.google.android.gsf.gservices
01-17 07:29:00.127  1853  1853 I chatty  : uid=10013 com.google.android.gms.persistent identical 2 lines
01-17 07:29:00.129  1853  1853 E ActivityThread: Failed to find provider info for com.google.android.gsf.gservices
01-17 07:29:00.141  1699  2026 E PowerManagerService: Failed to read last_reboot_reason file
01-17 07:29:00.141  1699  2026 E PowerManagerService: java.io.FileNotFoundException: /data/misc/reboot/last_reboot_reason (No such file or directory)
01-17 07:29:00.141  1699  2026 E PowerManagerService: 	at java.io.FileInputStream.open0(Native Method)
01-17 07:29:00.141  1699  2026 E PowerManagerService: 	at java.io.FileInputStream.open(FileInputStream.java:200)
01-17 07:29:00.141  1699  2026 E PowerManagerService: 	at java.io.FileInputStream.<init>(FileInputStream.java:150)
01-17 07:29:00.141  1699  2026 E PowerManagerService: 	at java.io.FileReader.<init>(FileReader.java:72)
01-17 07:29:00.141  1699  2026 E PowerManagerService: 	at com.android.server.power.PowerManagerService.getLastShutdownReasonInternal(PowerManagerService.java:4641)
01-17 07:29:00.141  1699  2026 E PowerManagerService: 	at com.android.server.power.PowerManagerService$BinderService.getLastShutdownReason(PowerManagerService.java:4405)
01-17 07:29:00.141  1699  2026 E PowerManagerService: 	at android.os.IPowerManager$Stub.onTransact(IPowerManager.java:302)
01-17 07:29:00.141  1699  2026 E PowerManagerService: 	at android.os.Binder.execTransact(Binder.java:697)
01-17 07:29:00.143  1873  1873 D SystemUIBootTiming: StartServicesPowerUI took to complete: 54ms
01-17 07:29:00.146  1873  1873 D SystemUIBootTiming: StartServicesRingtonePlayer took to complete: 2ms
01-17 07:29:00.178  1853  1853 E ActivityThread: Failed to find provider info for com.google.android.gsf.gservices
01-17 07:29:00.180  1853  1853 I chatty  : uid=10013 com.google.android.gms.persistent identical 4 lines
01-17 07:29:00.181  1853  1853 E ActivityThread: Failed to find provider info for com.google.android.gsf.gservices
01-17 07:29:00.182  1873  1873 D SystemUIBootTiming: StartServicesKeyboardUI took to complete: 36ms
01-17 07:29:00.182  1853  1853 E ActivityThread: Failed to find provider info for com.google.android.gsf.gservices
01-17 07:29:00.218  1853  1853 I chatty  : uid=10013 com.google.android.gms.persistent identical 21 lines
01-17 07:29:00.220  1853  1853 E ActivityThread: Failed to find provider info for com.google.android.gsf.gservices
01-17 07:29:00.221  1873  1873 D SystemUIBootTiming: StartServicesPipUI took to complete: 39ms
01-17 07:29:00.232  1873  1873 D SystemUIBootTiming: StartServicesShortcutKeyDispatcher took to complete: 11ms
01-17 07:29:00.236  1873  1873 D SystemUIBootTiming: StartServicesVendorServices took to complete: 4ms
01-17 07:29:00.238  1873  1873 D SystemUIBootTiming: StartServicesService took to complete: 2ms
01-17 07:29:00.245  1853  1853 E ActivityThread: Failed to find provider info for com.google.android.gsf.gservices
01-17 07:29:00.247  1873  1873 D SystemUIBootTiming: StartServicesLatencyTester took to complete: 9ms
01-17 07:29:00.249  1853  1853 E ActivityThread: Failed to find provider info for com.google.android.gsf.gservices
01-17 07:29:00.262  1853  1853 I chatty  : uid=10013 com.google.android.gms.persistent identical 3 lines
01-17 07:29:00.263  1853  1853 E ActivityThread: Failed to find provider info for com.google.android.gsf.gservices
01-17 07:29:00.269  1873  1873 D SystemUIBootTiming: StartServicesGlobalActionsComponent took to complete: 20ms
01-17 07:29:00.269  1873  1873 D SystemUIBootTiming: StartServicesRoundedCorners took to complete: 0ms
01-17 07:29:00.269  1873  1873 D SystemUIBootTiming: StartServices took to complete: 1852ms
01-17 07:29:00.284  1853  1853 E ActivityThread: Failed to find provider info for com.google.android.gsf.gservices
01-17 07:29:00.286  1853  1853 E ActivityThread: Failed to find provider info for com.google.android.gsf.gservices
01-17 07:29:00.294  2252  2252 E ActivityThread: Failed to find provider info for com.google.android.gsf.gservices
01-17 07:29:00.314  2252  2252 I chatty  : uid=10013(com.google.android.gms) identical 3 lines
01-17 07:29:00.320  2252  2252 E ActivityThread: Failed to find provider info for com.google.android.gsf.gservices
01-17 07:29:00.320  1853  1853 E ActivityThread: Failed to find provider info for com.google.android.gsf.gservices
01-17 07:29:00.321  2252  2252 E ActivityThread: Failed to find provider info for com.google.android.gsf.gservices
01-17 07:29:00.329  1853  1853 E ActivityThread: Failed to find provider info for com.google.android.gsf.gservices
01-17 07:29:00.360  1853  1853 I chatty  : uid=10013 com.google.android.gms.persistent identical 8 lines
01-17 07:29:00.378  1853  1853 E ActivityThread: Failed to find provider info for com.google.android.gsf.gservices
01-17 07:29:00.379  2252  2252 E ActivityThread: Failed to find provider info for com.google.android.gsf.gservices
01-17 07:29:00.415  2252  2252 I chatty  : uid=10013(com.google.android.gms) identical 2 lines
01-17 07:29:00.420  2252  2252 E ActivityThread: Failed to find provider info for com.google.android.gsf.gservices
01-17 07:29:00.434  1853  1853 E ActivityThread: Failed to find provider info for com.google.android.gsf.gservices
01-17 07:29:00.452  1853  1853 E ActivityThread: Failed to find provider info for com.google.android.gsf.gservices
01-17 07:29:00.453  1699  1711 W LocalDisplayAdapter: Unable to find color mode 0, ignoring request.
01-17 07:29:00.455  1853  1853 E ActivityThread: Failed to find provider info for com.google.android.gsf.gservices
01-17 07:29:00.466  2252  2252 E ActivityThread: Failed to find provider info for com.google.android.gsf.gservices
01-17 07:29:00.468  2252  2252 I chatty  : uid=10013(com.google.android.gms) identical 2 lines
01-17 07:29:00.470  2252  2252 E ActivityThread: Failed to find provider info for com.google.android.gsf.gservices
01-17 07:29:00.472  1853  1853 E ActivityThread: Failed to find provider info for com.google.android.gsf.gservices
01-17 07:29:00.477  1853  1853 I chatty  : uid=10013 com.google.android.gms.persistent identical 1 line
01-17 07:29:00.481  1853  1853 E ActivityThread: Failed to find provider info for com.google.android.gsf.gservices
01-17 07:29:00.481  2252  2252 E ActivityThread: Failed to find provider info for com.google.android.gsf.gservices
01-17 07:29:00.482  1853  1853 E ActivityThread: Failed to find provider info for com.google.android.gsf.gservices
01-17 07:29:00.482  2252  2252 E ActivityThread: Failed to find provider info for com.google.android.gsf.gservices
01-17 07:29:00.483  1853  1853 E ActivityThread: Failed to find provider info for com.google.android.gsf.gservices
01-17 07:29:00.487  1699  1773 W LocalDisplayAdapter: Unable to find color mode 0, ignoring request.
01-17 07:29:00.490  1853  1853 E ActivityThread: Failed to find provider info for com.google.android.gsf.gservices
01-17 07:29:00.549  2252  2252 E ActivityThread: Failed to find provider info for com.google.android.gsf.gservices
01-17 07:29:00.551  2252  2252 E ActivityThread: Failed to find provider info for com.google.android.gsf.gservices
01-17 07:29:00.555  1853  1853 E ActivityThread: Failed to find provider info for com.google.android.gsf.gservices
01-17 07:29:00.563  1853  1853 I chatty  : uid=10013 com.google.android.gms.persistent identical 2 lines
01-17 07:29:00.564  1853  1853 E ActivityThread: Failed to find provider info for com.google.android.gsf.gservices
01-17 07:29:00.569  1853  2307 E ActivityThread: Failed to find provider info for com.google.android.gsf.gservices
01-17 07:29:00.569  2252  2252 E ActivityThread: Failed to find provider info for com.google.android.gsf.gservices
01-17 07:29:00.573  2252  2252 I chatty  : uid=10013(com.google.android.gms) identical 6 lines
01-17 07:29:00.574  2252  2252 E ActivityThread: Failed to find provider info for com.google.android.gsf.gservices
01-17 07:29:00.577  1853  1853 E ActivityThread: Failed to find provider info for com.google.android.gsf.gservices
01-17 07:29:00.588  2252  2252 E ActivityThread: Failed to find provider info for com.google.android.gsf.gservices
01-17 07:29:00.589  1853  1853 E ActivityThread: Failed to find provider info for com.google.android.gsf.gservices
01-17 07:29:00.590  1853  1853 E ActivityThread: Failed to find provider info for com.google.android.gsf.gservices
01-17 07:29:00.590  2252  2252 E ActivityThread: Failed to find provider info for com.google.android.gsf.gservices
01-17 07:29:00.592  2252  2252 E ActivityThread: Failed to find provider info for com.google.android.gsf.gservices
01-17 07:29:00.592  1853  1853 E ActivityThread: Failed to find provider info for com.google.android.gsf.gservices
01-17 07:29:00.592  2252  2252 E ActivityThread: Failed to find provider info for com.google.android.gsf.gservices
01-17 07:29:00.593  1853  1853 E ActivityThread: Failed to find provider info for com.google.android.gsf.gservices
01-17 07:29:00.595  1853  1853 I chatty  : uid=10013 com.google.android.gms.persistent identical 2 lines
01-17 07:29:00.600  1853  1853 E ActivityThread: Failed to find provider info for com.google.android.gsf.gservices
01-17 07:29:00.600  2252  2252 E ActivityThread: Failed to find provider info for com.google.android.gsf.gservices
01-17 07:29:00.602  1853  1853 E ActivityThread: Failed to find provider info for com.google.android.gsf.gservices
01-17 07:29:00.603  1853  1853 I chatty  : uid=10013 com.google.android.gms.persistent identical 1 line
01-17 07:29:00.605  1853  1853 E ActivityThread: Failed to find provider info for com.google.android.gsf.gservices
01-17 07:29:00.607  2252  2252 E ActivityThread: Failed to find provider info for com.google.android.gsf.gservices
01-17 07:29:00.612  1853  1853 E ActivityThread: Failed to find provider info for com.google.android.gsf.gservices
01-17 07:29:00.626  1853  1853 E ActivityThread: Failed to find provider info for com.google.android.gsf.gservices
01-17 07:29:00.635  1699  1808 D ConnectivityService: Got NetworkFactory Messenger for PhoneSwitcherNetworkRequstListener
01-17 07:29:00.642  1853  1853 E ActivityThread: Failed to find provider info for com.google.android.gsf.gservices
01-17 07:29:00.651  1873  2197 E ActivityThread: Failed to find provider info for com.android.contacts
01-17 07:29:00.654  1699  1808 D ConnectivityService: Got NetworkFactory Messenger for TelephonyNetworkFactory[0]
01-17 07:29:00.661  1873  2197 E ActivityThread: Failed to find provider info for com.android.contacts
01-17 07:29:00.726  1853  1853 E ActivityThread: Failed to find provider info for com.google.android.gsf.gservices
01-17 07:29:00.772  1987  2315 E ActivityThread: Failed to find provider info for com.android.contacts
01-17 07:29:00.781  1853  1853 E ActivityThread: Failed to find provider info for com.google.android.gsf.gservices
01-17 07:29:00.850  1853  1853 I chatty  : uid=10013 com.google.android.gms.persistent identical 1 line
01-17 07:29:00.875  1853  1853 E ActivityThread: Failed to find provider info for com.google.android.gsf.gservices
01-17 07:29:00.889  1987  1987 I TelecomFramework: TtyManager: updateUiTtyMode -1 -> 0
01-17 07:29:00.902  1699  2033 W LocalDisplayAdapter: Unable to find color mode 0, ignoring request.
01-17 07:29:00.905  1853  1853 E ActivityThread: Failed to find provider info for com.google.android.gsf.gservices
01-17 07:29:00.910  1853  1853 E ActivityThread: Failed to find provider info for com.google.android.gsf.gservices
01-17 07:29:00.914  1699  1773 W LocalDisplayAdapter: Unable to find color mode 0, ignoring request.
01-17 07:29:00.916  1853  1853 E ActivityThread: Failed to find provider info for com.google.android.gsf.gservices
01-17 07:29:00.917  1853  1853 I chatty  : uid=10013 com.google.android.gms.persistent identical 4 lines
01-17 07:29:00.919  1853  1853 E ActivityThread: Failed to find provider info for com.google.android.gsf.gservices
01-17 07:29:00.927  1699  1803 D WifiService: New client listening to asynchronous messages
01-17 07:28:48.899  1699  1699 D ConditionProviders.SCP: onReceive android.intent.action.TIME_SET
01-17 07:28:48.899  1699  1699 D ConditionProviders.SCP: notifyCondition condition://android/schedule?days=6.7&start=23.30&end=10.0&exitAtAlarm=false STATE_FALSE reason=!meetsSchedule
01-17 07:28:48.899  1699  1699 D ConditionProviders.SCP: notifyCondition condition://android/schedule?days=1.2.3.4.5&start=22.0&end=7.0&exitAtAlarm=false STATE_FALSE reason=!meetsSchedule
01-17 07:28:48.900  1699  1699 D ConditionProviders.SCP: Scheduling evaluate for Mon Jan 17 10:00:00 GMT+00:00 2022 (1642413600000), in +2h31m11s101ms, now=Mon Jan 17 07:28:48 GMT+00:00 2022 (1642404528899)
01-17 07:28:48.914  1699  1814 E ActivityThread: Failed to find provider info for com.android.calendar
01-17 07:28:48.915  1699  1814 E ActivityThread: Failed to find provider info for com.android.calendar
01-17 07:28:48.923  1699  1729 W WindowManager: App freeze timeout expired.
01-17 07:28:48.961  2252  2252 E ActivityThread: Failed to find provider info for com.google.android.gsf.gservices
01-17 07:28:48.963  2252  2252 E ActivityThread: Failed to find provider info for com.google.android.gsf.gservices
01-17 07:28:49.027  1853  1853 E ActivityThread: Failed to find provider info for com.google.android.gsf.gservices
01-17 07:28:49.036  1853  1853 I chatty  : uid=10013 com.google.android.gms.persistent identical 7 lines
01-17 07:28:49.037  1853  1853 E ActivityThread: Failed to find provider info for com.google.android.gsf.gservices
01-17 07:28:49.094  1699  2033 W BroadcastQueue: Background execution not allowed: receiving Intent { act=android.location.PROVIDERS_CHANGED flg=0x10 } to com.google.android.gms/.chimera.GmsIntentOperationService$PersistentTrustedReceiver
01-17 07:28:49.096  1699  1722 W BroadcastQueue: Background execution not allowed: receiving Intent { act=android.location.MODE_CHANGED flg=0x10 } to com.google.android.gms/.chimera.GmsIntentOperationService$PersistentTrustedReceiver
01-17 07:28:49.103  1699  1699 W BroadcastQueue: Background execution not allowed: receiving Intent { act=android.intent.action.ACTION_POWER_DISCONNECTED flg=0x4000010 (has extras) } to com.google.android.gms/.chimera.GmsIntentOperationService$PersistentTrustedReceiver
01-17 07:28:49.104  1699  1722 W BroadcastQueue: Permission Denial: broadcasting Intent { act=com.google.android.gsf.settings.GoogleLocationSettings.UPDATE_LOCATION_SETTINGS flg=0x10 } from com.google.android.setupwizard (pid=2046, uid=10026) is not exported from uid 10013 due to receiver com.google.android.gms/.chimera.GmsIntentOperationService$PersistentInternalReceiver
01-17 07:28:49.263  1987  1987 D MccTable: updateMccMncConfiguration mccmnc='310260' fromServiceState=true
01-17 07:28:49.267  1987  1987 D MccTable: updateMccMncConfiguration defaultMccMnc=
01-17 07:28:49.267  1987  1987 D MccTable: updateMccMncConfiguration: mcc=310, mnc=260
01-17 07:28:49.295  1987  1987 D MccTable: timezone set to America/New_York
01-17 07:28:49.295  1987  1987 D MccTable: WIFI_COUNTRY_CODE set to us
01-17 07:28:49.297  1699  1699 D ConditionProviders.SCP: onReceive android.intent.action.TIMEZONE_CHANGED
01-17 07:28:49.297  1699  1699 D ConditionProviders.SCP: notifyCondition condition://android/schedule?days=6.7&start=23.30&end=10.0&exitAtAlarm=false STATE_FALSE reason=!meetsSchedule
01-17 07:28:49.297  1699  1699 D ConditionProviders.SCP: notifyCondition condition://android/schedule?days=1.2.3.4.5&start=22.0&end=7.0&exitAtAlarm=false STATE_TRUE reason=meetsSchedule
01-17 07:28:49.305  1699  1699 D ConditionProviders.SCP: Scheduling evaluate for Mon Jan 17 07:00:00 EST 2022 (1642420800000), in +4h31m10s703ms, now=Mon Jan 17 02:28:49 EST 2022 (1642404529297)
01-17 07:28:49.307  1699  1814 E ActivityThread: Failed to find provider info for com.android.calendar
01-17 07:28:49.307  1699  1814 E ActivityThread: Failed to find provider info for com.android.calendar
01-17 07:28:49.310  1699  1699 D ZenLog  : config: conditionChanged,ZenModeConfig[user=0,allowCalls=true,allowRepeatCallers=false,allowMessages=false,allowCallsFrom=contacts,allowMessagesFrom=contacts,allowReminders=true,allowEvents=true,allowWhenScreenOff=true,allowWhenScreenOn=true,automaticRules={EVENTS_DEFAULT_RULE=ZenRule[enabled=false,snoozing=false,name=Event,zenMode=ZEN_MODE_ALARMS,conditionId=condition://android/event?userId=-10000&calendar=&reply=1,condition=Condition[id=condition://android/event?userId=-10000&calendar=&reply=1,summary=...,line1=...,line2=...,icon=0,state=STATE_FALSE,flags=2],component=ComponentInfo{android/com.android.server.notification.EventConditionProvider},id=EVENTS_DEFAULT_RULE,creationTime=1642404537273,enabler=null], SCHEDULED_DEFAULT_RULE_1=ZenRule[enabled=false,snoozing=false,name=Weeknight,zenMode=ZEN_MODE_ALARMS,conditionId=condition://android/schedule?days=1.2.3.4.5&start=22.0&end=7.0&exitAtAlarm=false,condition=Condition[id=condition://android/schedule?days=1.2.3.4.5&start=22.0&end=7.0&exitAtAlarm=false,summary=...,line1=...,line2=...,icon=0,state=STATE_TRUE,flags=2],component=ComponentInfo{android/com.android.server.notification.ScheduleConditionProvider},id=SCHEDULED_DEFAULT_RULE_1,creationTime=1642404537272,enabler=null], SCHEDULED_DEFAULT_RULE_2=ZenRule[enabled=false,snoozing=false,name=Weekend,zenMode=ZEN_MODE_ALARMS,conditionId=condition://android/schedule?days=6.7&start=23.30&end=10.0&exitAtAlarm=false,condition=Condition[id=condition://android/schedule?days=6.7&start=23.30&end=10.0&exitAtAlarm=false,summary=...,line1=...,line2=...,icon=0,state=STATE_FALSE,flags=2],component=ComponentInfo{android/com.android.server.notification.ScheduleConditionProvider},id=SCHEDULED_DEFAULT_RULE_2,creationTime=1642404537272,enabler=null]},manualRule=null],Diff[automaticRule[SCHEDULED_DEFAULT_RULE_1].condition:Condition[id=condition://android/schedule?days=1.2.3.4.5&start=22.0&end=7.0&exitAtAlarm=false,summary=...,line1=...,line2=...,icon=0,state=STATE_FALSE,flags=2]->Condition[id=condition://android/schedule?days=1.2.3.4.5&start=22.0&end=7.0&exitAtAlarm=false,summary=...,line1=...,line2=...,icon=0,state=STATE_TRUE,flags=2]]
01-17 07:28:49.314  1699  1896 I WifiService: WifiService trying to set country code to us with persist set to false
01-17 07:28:49.324  1699  1699 D ZenLog  : set_zen_mode: off,conditionChanged
01-17 07:28:49.517  1699  1699 D ConditionProviders.SCP: onReceive android.intent.action.TIMEZONE_CHANGED
01-17 07:28:49.517  1699  1699 D ConditionProviders.SCP: notifyCondition condition://android/schedule?days=6.7&start=23.30&end=10.0&exitAtAlarm=false STATE_FALSE reason=!meetsSchedule
01-17 07:28:49.517  1699  1699 D ConditionProviders.SCP: notifyCondition condition://android/schedule?days=1.2.3.4.5&start=22.0&end=7.0&exitAtAlarm=false STATE_TRUE reason=meetsSchedule
01-17 07:28:49.526  1699  1699 D ConditionProviders.SCP: Scheduling evaluate for Sun Jan 16 23:30:00 PST 2022 (1642404600000), in +1m10s483ms, now=Sun Jan 16 23:28:49 PST 2022 (1642404529517)
01-17 07:28:49.527  1699  1814 E ActivityThread: Failed to find provider info for com.android.calendar
01-17 07:28:49.528  1699  1814 E ActivityThread: Failed to find provider info for com.android.calendar
01-17 07:28:49.573  1699  1896 W BroadcastQueue: Background execution not allowed: receiving Intent { act=android.intent.action.USER_PRESENT flg=0x24200010 } to com.google.android.gms/.chimera.GmsIntentOperationService$PersistentTrustedReceiver
01-17 07:28:49.587  1699  1722 I ActivityManager: Start proc 2337:com.google.android.deskclock/u0a72 for broadcast com.google.android.deskclock/com.android.deskclock.AlarmInitReceiver
01-17 07:28:49.588  1699  1711 I Telecom : PhoneAccountRegistrar: New phone account registered: [[ ] PhoneAccount: ComponentInfo{com.android.phone/com.android.services.telephony.TelephonyConnectionService}, [e0184adedf913b076626646d3f52c3b49c39ad6d], UserHandle{0} Capabilities: CallProvider MultiUser PlaceEmerg SimSub  Audio Routes: BESW Schemes: tel voicemail  Extras: Bundle[mParcelledData.dataSize=124] GroupId: [da39a3ee5e6b4b0d3255bfef95601890afd80709]]: TSI.rPA@AAg
01-17 07:28:49.591  1699  1711 I Telecom : CallsManager: Sending phone-account ComponentInfo{com.android.phone/com.android.services.telephony.TelephonyConnectionService}, [e0184adedf913b076626646d3f52c3b49c39ad6d], UserHandle{0} registered intent as user: TSI.rPA@AAg
01-17 07:28:49.593  1699  1711 I Telecom : CallsManager: Sending phone-account registered intent to default dialer: TSI.rPA@AAg
01-17 07:28:49.596  1987  1987 I TelecomFramework: AccountEntry: Registered phoneAccount: [[ ] PhoneAccount: ComponentInfo{com.android.phone/com.android.services.telephony.TelephonyConnectionService}, [e0184adedf913b076626646d3f52c3b49c39ad6d], UserHandle{0} Capabilities: CallProvider MultiUser PlaceEmerg SimSub  Audio Routes: BESW Schemes: tel voicemail  Extras: Bundle[{android.telecom.extra.SUPPORTS_VIDEO_CALLING_FALLBACK=true}] GroupId: [da39a3ee5e6b4b0d3255bfef95601890afd80709]] with handle: ComponentInfo{com.android.phone/com.android.services.telephony.TelephonyConnectionService}, [e0184adedf913b076626646d3f52c3b49c39ad6d], UserHandle{0}
01-17 07:28:49.597  1987  1987 I TelecomFramework: PstnIncomingCallNotifier: Registering: Handler (com.android.internal.telephony.GsmCdmaPhone) {1291aa8}
01-17 07:28:49.604  1699  1711 I ActivityManager: user 0 is still locked. Cannot load recents
01-17 07:28:49.807  1987  1987 I TelecomFramework: PstnPhoneCapabilitiesNotifier: handleVideoCapabilitesChanged. Video capability - false
01-17 07:28:49.807  2252  2252 E ActivityThread: Failed to find provider info for com.google.android.gsf.gservices
01-17 07:28:49.808  2252  2252 E ActivityThread: Failed to find provider info for com.google.android.gsf.gservices
01-17 07:28:49.836  1699  1896 I Telecom : PhoneAccountRegistrar: Modify account: [ComponentInfo{com.android.phone/com.android.services.telephony.TelephonyConnectionService}, [e0184adedf913b076626646d3f52c3b49c39ad6d], UserHandle{0}]: TSI.rPA@AAs
01-17 07:28:49.850  2252  2252 E ActivityThread: Failed to find provider info for com.google.android.gsf.gservices
01-17 07:28:49.850  2252  2252 I chatty  : uid=10013(com.google.android.gms) identical 2 lines
01-17 07:28:49.851  2252  2252 E ActivityThread: Failed to find provider info for com.google.android.gsf.gservices
01-17 07:28:49.863  1699  1729 I WindowManager: ******* TELLING SURFACE FLINGER WE ARE BOOTED!
01-17 07:28:49.865  2337  2366 E ActivityThread: Failed to find provider info for media
01-17 07:28:49.875  1699  1729 W ActivityManager: Unable to mark boot complete for abi: x86 (android.os.ServiceSpecificException: Failed to unlink /data//dalvik-cache/x86/.booting (code 2))
01-17 07:28:49.875  1699  1729 I SystemServiceManager: Starting phase 1000
01-17 07:28:49.881  2252  2252 E ActivityThread: Failed to find provider info for com.google.android.gsf.gservices
01-17 07:28:49.897  2252  2252 I chatty  : uid=10013(com.google.android.gms) identical 6 lines
01-17 07:28:49.902  2252  2252 E ActivityThread: Failed to find provider info for com.google.android.gsf.gservices
01-17 07:28:49.914  1699  1729 I ActivityManager: Start proc 2367:com.google.android.ext.services/u0a17 for on-hold
01-17 07:28:49.920  1699  1729 D ActivityManager: Finishing user boot 0
01-17 07:28:49.920  1699  1729 I ActivityManager: User 0 state changed from BOOTING to RUNNING_LOCKED
01-17 07:28:49.933  1699  1729 D StorageManagerService: Setting property: sys.user.0.ce_available=true
01-17 07:28:49.943  1699  1729 I ActivityManager: User 0 state changed from RUNNING_LOCKED to RUNNING_UNLOCKING
01-17 07:28:49.944  1699  1729 D CryptdConnector: SND -> {2 cryptfs prepare_user_storage ! 0 0 2}
01-17 07:28:49.944  1393  1397 D vold    : e4crypt_prepare_user_storage for volume null, user 0, serial 0, flags 2
01-17 07:28:49.944  1393  1397 D vold    : Preparing: /data/system_ce/0
01-17 07:28:49.945  1393  1397 D vold    : Preparing: /data/misc_ce/0
01-17 07:28:49.946  1393  1397 D vold    : Preparing: /data/media/0
01-17 07:28:49.946  1393  1397 D vold    : Preparing: /data/data
01-17 07:28:49.947  1699  1794 D CryptdConnector: RCV <- {200 2 Command succeeded}
01-17 07:28:49.948  1699  1729 V UserDataPreparer: Found /data/user/0 with serial number 0
01-17 07:28:49.948  1699  1729 V UserDataPreparer: Found /data/system_ce/0 with serial number -1
01-17 07:28:49.948  1699  1729 D UserDataPreparer: Serial number missing on /data/system_ce/0; assuming current is valid
01-17 07:28:49.949  1699  1729 V PackageManager: reconcileAppsData for null u0 0x2 migrateAppData=true
01-17 07:28:50.341  1699  1729 V PackageManager: reconcileAppsData finished 99 packages
01-17 07:28:50.357  1699  1711 I ActivityManager: Start proc 2403:com.google.process.gservices/u0a13 for content provider com.google.android.gsf/.gservices.GservicesProvider
01-17 07:28:50.369  1699  1722 I SystemServiceManager: Calling onUnlockUser u0
01-17 07:28:50.373  1699  1722 D StorageManagerService: onUnlockUser 0
01-17 07:28:50.379  1699  1721 I UsageStatsService: Time changed in UsageStats by -12 seconds
01-17 07:28:50.379  1699  1721 I UsageStatsService: User[0] Flushing usage stats to disk
01-17 07:28:50.388  1699  1896 I ActivityManager: user 0 is still locked. Cannot load recents
01-17 07:28:50.398  1699  1722 D VoldConnector: SND -> {35 volume user_started 0}
01-17 07:28:50.411  1393  1396 D vold    : Linking /storage/emulated/0 to /mnt/user/0/primary
01-17 07:28:50.412  1699  1793 D VoldConnector: RCV <- {200 35 Command succeeded}
01-17 07:28:50.429  1699  1792 D StorageManagerService: Volume emulated broadcasting mounted to UserHandle{0}
01-17 07:28:50.488  1699  1721 I UsageStatsDatabase: Time changed by -12s58ms. files deleted: 0 files moved: 4
01-17 07:28:50.514  1987  1987 D MccTable: updateMccMncConfiguration mccmnc='310260' fromServiceState=false
01-17 07:28:50.520  1987  1987 D MccTable: updateMccMncConfiguration defaultMccMnc=
01-17 07:28:50.527  1987  1987 D MccTable: updateMccMncConfiguration: mcc=310, mnc=260
01-17 07:28:50.527  1987  1987 D MccTable: updateMccMncConfiguration updateConfig config={0.0 310mcc260mnc ?localeList ?layoutDir ?swdp ?wdp ?hdp ?density ?lsize ?long ?ldr ?wideColorGamut ?orien ?uimode ?night ?touch ?keyb/?/? ?nav/?}
01-17 07:28:50.528  1699  2026 I ActivityManager: Config changes=3 {1.0 310mcc260mnc [en_US] ldltr sw360dp w360dp h568dp 320dpi nrml port finger qwerty/v/v -nav/h appBounds=Rect(0, 0 - 720, 1184) s.6}
01-17 07:28:50.604  1699  1721 I UsageStatsService: User[0] Rollover scheduled @ 2022-01-18 07:28:44(1642490924544)
01-17 07:28:50.608  1699  2026 I ActivityManager: Override config changes=3 {1.0 310mcc260mnc [en_US] ldltr sw360dp w360dp h568dp 320dpi nrml port finger qwerty/v/v -nav/h appBounds=Rect(0, 0 - 720, 1184) s.6} for displayId=0
01-17 07:28:50.621  1699  1722 W SystemServiceManager: Service com.android.server.TextServicesManagerService$Lifecycle took 198 ms in onUnlockUser 
01-17 07:28:50.669  1699  1722 I BackupManagerService: Instantiating BackupManagerService
01-17 07:28:50.717  1699  1722 V BackupManagerService: No ancestral data
01-17 07:28:50.762  1699  2033 W WindowManager: Permission Denial: dismissKeyguard from pid=2400, uid=2000 requires android.permission.CONTROL_KEYGUARD
01-17 07:28:50.819  1699  2462 W ActivityManager: Invalid packageName: edu.uw.hello
01-17 07:28:50.844  1699  1723 W Looper  : Dispatch took 159ms on android.ui, h=Handler (com.android.server.policy.PhoneWindowManager$PolicyHandler) {e65d16d} cb=android.database.ContentObserver$NotificationRunnable@e7791a2 msg=0
01-17 07:28:50.946  1987  1987 I TelecomFramework: PstnIncomingCallNotifier: Unregistering: Handler (com.android.internal.telephony.GsmCdmaPhone) {1291aa8}
01-17 07:28:50.965  1699  1896 I Telecom : PhoneAccountRegistrar: Modify account: [ComponentInfo{com.android.phone/com.android.services.telephony.TelephonyConnectionService}, [e0184adedf913b076626646d3f52c3b49c39ad6d], UserHandle{0}(addr: tel:************ -> tel:)(subAddr: tel:************ -> tel:)]: TSI.rPA@AAw
01-17 07:28:50.974  1987  1987 I TelecomFramework: AccountEntry: Registered phoneAccount: [[ ] PhoneAccount: ComponentInfo{com.android.phone/com.android.services.telephony.TelephonyConnectionService}, [e0184adedf913b076626646d3f52c3b49c39ad6d], UserHandle{0} Capabilities: CallProvider MultiUser PlaceEmerg SimSub  Audio Routes: BESW Schemes: tel voicemail  Extras: Bundle[{android.telecom.extra.SUPPORTS_VIDEO_CALLING_FALLBACK=true}] GroupId: [da39a3ee5e6b4b0d3255bfef95601890afd80709]] with handle: ComponentInfo{com.android.phone/com.android.services.telephony.TelephonyConnectionService}, [e0184adedf913b076626646d3f52c3b49c39ad6d], UserHandle{0}
01-17 07:28:50.974  1987  1987 I TelecomFramework: PstnIncomingCallNotifier: Registering: Handler (com.android.internal.telephony.GsmCdmaPhone) {1291aa8}
