01-17 07:29:07.285  1853  3000 E AsyncOperation: 	at java.util.concurrent.ThreadPoolExecutor$Worker.run(ThreadPoolExecutor.java:636)
01-17 07:29:07.285  1853  3000 E AsyncOperation: 	at sux.run(:com.google.android.gms@202414022@20.24.14 (040700-319035315):0)
01-17 07:29:07.285  1853  3000 E AsyncOperation: 	at java.lang.Thread.run(Thread.java:764)
01-17 07:29:07.314  3810  3810 W DynamiteModule: Local module descriptor class for providerinstaller not found.
01-17 07:29:07.320  3810  3810 W ProviderHelper: Unknown dynamite feature providerinstaller
01-17 07:29:07.328  2816  2947 I BlobLobber: Handling download id 11 (blob JfgZS4IowsVhv7i7yZwSdAA)
01-17 07:29:07.339  3810  3810 I DynamiteModule: Considering local module providerinstaller:0 and remote module providerinstaller:0
01-17 07:29:07.339  3810  3810 W ProviderInstaller: Failed to load providerinstaller module: No acceptable module found. Local version is 0 and remote version is 0.
01-17 07:29:07.356  3810  3810 V NativeCrypto: Registering com/google/android/gms/org/conscrypt/NativeCrypto's 286 native methods...
01-17 07:29:07.361  3810  3810 D NetworkSecurityConfig: Using Network Security Config from resource network_security_config debugBuild: false
01-17 07:29:07.365  2816  2816 I DownloadCompleteRrvr: Download Completed
01-17 07:29:07.377  3810  3810 I ProviderInstaller: Installed default security provider GmsCore_OpenSSL
01-17 07:29:07.382  2816  3125 I LanguagePackUpdateContr: Not processing download: 11, not a language pack
01-17 07:29:07.399  3810  3810 I Safeboot: Checking safeboot...
01-17 07:29:07.400  3810  3810 I Safeboot: Not entering safeboot; wrong process.
01-17 07:29:07.404  1699  2441 W BroadcastQueue: Background execution not allowed: receiving Intent { act=android.server.checkin.CHECKIN flg=0x10 } to com.google.android.gms/.checkin.CheckinServiceTriggerReceiver
01-17 07:29:07.431  2816  3125 I BlobLobber: Handling download id 13 (blob odws1_en:us_2019-09-12_270573492_release_signed)
01-17 07:29:07.445  1853  3606 I NetworkScheduler: ignoring stale queue check message
01-17 07:29:07.448  2816  2816 I DownloadCompleteRrvr: Download Completed
01-17 07:29:07.454  2816  3125 I LanguagePackUpdateContr: Not processing download: 13, not a language pack
01-17 07:29:07.511  2252  3371 E PhenotypeRegOp: Attempting to overwrite config package for com.google.android.gms.car [CONTEXT service_id=231 ]
01-17 07:29:07.530  2252  3371 I zygote  : Deoptimizing void srz.a(android.content.Context, caau) due to JIT inline cache
01-17 07:29:07.533  2252  3371 E PhenotypeRegOp: Attempting to overwrite config package for com.google.android.gms.games [CONTEXT service_id=231 ]
01-17 07:29:07.534  2252  3371 E PhenotypeRegOp: Attempting to overwrite config package for com.google.android.gms.mobile_data_plan [CONTEXT service_id=231 ]
01-17 07:29:07.535  2252  3371 E PhenotypeRegOp: Attempting to overwrite config package for com.google.android.gms.signin [CONTEXT service_id=231 ]
01-17 07:29:07.535  2252  3371 E PhenotypeRegOp: Attempting to overwrite config package for com.google.android.gms.udc [CONTEXT service_id=231 ]
01-17 07:29:07.572  3810  3810 I bezb    : Primes not initialized, returning default (no-op) Primes instance which will ignore all calls. Please call Primes.initialize(...) before using any Primes API.
01-17 07:29:07.618  2816  2947 I BlobLobber: Handling download id 12 (blob brain_en_us_201705_arm32_release_signed)
01-17 07:29:07.666  2252  3131 I CheckinRequestBuilder: Checkin reason type: 5 attempt count: 1 [CONTEXT service_id=130 ]
01-17 07:29:07.726  3174  3823 V DownloadManager: Deleting /storage/emulated/0/Android/data/com.google.android.googlequicksearchbox/files/pending_blobs/brain_en_us_201705_arm32_release_signed via provider delete
01-17 07:29:07.728  3174  3823 D MediaProvider: object removed 20
01-17 07:29:07.757  2816  2947 I zygote  : The ClassLoaderContext is a special shared library.
01-17 07:29:07.757  2816  2947 I chatty  : uid=10032 com.google.android.googlequicksearchbox:search identical 1 line
01-17 07:29:07.758  2816  2947 I zygote  : The ClassLoaderContext is a special shared library.
01-17 07:29:07.779  2816  2947 V NativeCrypto: Registering com/google/android/gms/org/conscrypt/NativeCrypto's 286 native methods...
01-17 07:29:07.795  1699  3521 I WifiService: getConnectionInfo uid=10013
01-17 07:29:07.803  2816  2947 I ProviderInstaller: Installed default security provider GmsCore_OpenSSL
01-17 07:29:07.810  2816  2947 I zygote  : Deoptimizing long com.google.android.libraries.velour.c.a.b(java.io.InputStream, java.io.OutputStream) due to JIT inline cache
01-17 07:29:07.826  1699  3521 D PackageManager: Ephemeral installer not found with new action; try old one
01-17 07:29:07.826  1699  3521 D PackageManager: Clear ephemeral installer activity
01-17 07:29:07.826  1699  3521 D PackageManager: Ephemeral installer not found with new action; try old one
01-17 07:29:07.826  1699  3521 D PackageManager: Clear ephemeral installer activity
01-17 07:29:07.827  1699  2441 D PackageManager: Ephemeral installer not found with new action; try old one
01-17 07:29:07.827  1699  2441 D PackageManager: Clear ephemeral installer activity
01-17 07:29:07.828  1699  3509 D PackageManager: Ephemeral installer not found with new action; try old one
01-17 07:29:07.828  1699  3509 D PackageManager: Clear ephemeral installer activity
01-17 07:29:07.828  1699  3509 D PackageManager: Ephemeral installer not found with new action; try old one
01-17 07:29:07.828  1699  3509 D PackageManager: Clear ephemeral installer activity
01-17 07:29:07.829  1699  2027 D PackageManager: Ephemeral installer not found with new action; try old one
01-17 07:29:07.829  1699  2027 D PackageManager: Clear ephemeral installer activity
01-17 07:29:07.865  2816  2816 I DownloadCompleteRrvr: Download Completed
01-17 07:29:07.884  2816  3859 I EventLogSendingHelper: Sending log events.
01-17 07:29:07.888  2816  2952 W LanguagePackUpdateContr: Querying download manager failed for ID : 12
01-17 07:29:07.924  2816  2912 E DownloadManagerWrapper: Can't find downloadId=12
01-17 07:29:07.932  1699  3509 I GnssLocationProvider: WakeLock acquired by sendMessage(SET_REQUEST, 0, com.android.server.location.GnssLocationProvider$GpsRequest@a796743)
01-17 07:29:07.933  1699  1721 I GnssLocationProvider: WakeLock released by handleMessage(SET_REQUEST, 0, com.android.server.location.GnssLocationProvider$GpsRequest@a796743)
01-17 07:29:07.948  3244  3244 I Dialer  : VvmTaskReceiver - task received
01-17 07:29:07.948  3244  3244 I Dialer  : VvmTaskReceiver - scheduling new job
01-17 07:29:07.950  3244  3244 I Dialer  : TaskSchedulerJobService - scheduling job with 1 tasks
01-17 07:29:07.952  3244  3244 I Dialer  : TaskSchedulerJobService - running job instantly.
01-17 07:29:07.961  1853  3230 I LogUtils: [Places]: ?: Couldn't find platform key file. [CONTEXT service_id=253 ]
01-17 07:29:07.976  1853  2307 I LogUtils: [Places]: ?: Couldn't find platform key file. [CONTEXT service_id=253 ]
01-17 07:29:07.977  3244  3244 I Dialer  : TaskSchedulerJobService - job 0 scheduled
01-17 07:29:07.983  3244  3244 I Dialer  : TaskSchedulerJobService - starting 0
01-17 07:29:07.992  3244  3244 I Dialer  : VvmTaskExecutor - onStartJob
01-17 07:29:07.992  3244  3244 I Dialer  : Task.createTask - create task:com.android.voicemail.impl.ActivationTask
01-17 07:29:07.993  3244  3863 I Dialer  : VvmTaskExecutor - executing task com.android.voicemail.impl.ActivationTask@18e8325
01-17 07:29:07.994  3244  3863 I Dialer  : PreOMigrationHandler - migrating ComponentInfo{com.android.phone/com.android.services.telephony.TelephonyConnectionService}, [e2f7d48dd2b5ca523e7313cf4ba0f6ea830b6281], UserHandle{0}
01-17 07:29:07.994  3244  3863 I Dialer  : PreOMigrationHandler.migrateSettings - migrating settings
01-17 07:29:07.998  3864  3864 W zygote  : Unexpected CPU variant for X86 using defaults: x86
01-17 07:29:08.000  1699  2027 I ActivityManager: Start proc 3864:com.google.android.gms.unstable/u0a13 for service com.google.android.gms/.droidguard.DroidGuardService
01-17 07:29:08.026  3291  3291 I ContactsUpgradeReceiver: Creating or opening contacts database
01-17 07:29:08.028  1853  3480 I LogUtils: [Places]: ?: PlacesBleScanner stop() [CONTEXT service_id=253 ]
01-17 07:29:08.029  1853  1853 I BeaconBle: Scan : No clients left, canceling alarm. [CONTEXT service_id=111 ]
01-17 07:29:08.029  1853  1853 I BeaconBle: Scan canceled successfully. [CONTEXT service_id=111 ]
01-17 07:29:08.036  3864  3864 I zygote  : The ClassLoaderContext is a special shared library.
01-17 07:29:08.036  3291  3291 D StrictMode: StrictMode policy violation; ~duration=31 ms: android.os.StrictMode$StrictModeDiskReadViolation: policy=65599 violation=2
01-17 07:29:08.036  3291  3291 D StrictMode: 	at android.os.StrictMode$AndroidBlockGuardPolicy.onReadFromDisk(StrictMode.java:1440)
01-17 07:29:08.036  3291  3291 D StrictMode: 	at java.io.UnixFileSystem.checkAccess(UnixFileSystem.java:251)
01-17 07:29:08.036  3291  3291 D StrictMode: 	at java.io.File.exists(File.java:807)
01-17 07:29:08.036  3291  3291 D StrictMode: 	at android.app.ContextImpl.getDataDir(ContextImpl.java:2197)
01-17 07:29:08.036  3291  3291 D StrictMode: 	at android.app.ContextImpl.getPreferencesDir(ContextImpl.java:517)
01-17 07:29:08.036  3291  3291 D StrictMode: 	at android.app.ContextImpl.getSharedPreferencesPath(ContextImpl.java:714)
01-17 07:29:08.036  3291  3291 D StrictMode: 	at android.app.ContextImpl.getSharedPreferences(ContextImpl.java:368)
01-17 07:29:08.036  3291  3291 D StrictMode: 	at android.content.ContextWrapper.getSharedPreferences(ContextWrapper.java:167)
01-17 07:29:08.036  3291  3291 D StrictMode: 	at android.content.ContextWrapper.getSharedPreferences(ContextWrapper.java:167)
01-17 07:29:08.036  3291  3291 D StrictMode: 	at com.android.providers.contacts.ContactsUpgradeReceiver.onReceive(ContactsUpgradeReceiver.java:56)
01-17 07:29:08.036  3291  3291 D StrictMode: 	at android.app.ActivityThread.handleReceiver(ActivityThread.java:3187)
01-17 07:29:08.036  3291  3291 D StrictMode: 	at android.app.ActivityThread.-wrap17(Unknown Source:0)
01-17 07:29:08.036  3291  3291 D StrictMode: 	at android.app.ActivityThread$H.handleMessage(ActivityThread.java:1672)
01-17 07:29:08.036  3291  3291 D StrictMode: 	at android.os.Handler.dispatchMessage(Handler.java:106)
01-17 07:29:08.036  3291  3291 D StrictMode: 	at android.os.Looper.loop(Looper.java:164)
01-17 07:29:08.036  3291  3291 D StrictMode: 	at android.app.ActivityThread.main(ActivityThread.java:6494)
01-17 07:29:08.036  3291  3291 D StrictMode: 	at java.lang.reflect.Method.invoke(Native Method)
01-17 07:29:08.036  3291  3291 D StrictMode: 	at com.android.internal.os.RuntimeInit$MethodAndArgsCaller.run(RuntimeInit.java:438)
01-17 07:29:08.036  3291  3291 D StrictMode: 	at com.android.internal.os.ZygoteInit.main(ZygoteInit.java:807)
01-17 07:29:08.036  3291  3291 D StrictMode: StrictMode policy violation; ~duration=31 ms: android.os.StrictMode$StrictModeDiskReadViolation: policy=65599 violation=2
01-17 07:29:08.036  3291  3291 D StrictMode: 	at android.os.StrictMode$AndroidBlockGuardPolicy.onReadFromDisk(StrictMode.java:1440)
01-17 07:29:08.036  3291  3291 D StrictMode: 	at java.io.UnixFileSystem.checkAccess(UnixFileSystem.java:251)
01-17 07:29:08.036  3291  3291 D StrictMode: 	at java.io.File.exists(File.java:807)
01-17 07:29:08.036  3291  3291 D StrictMode: 	at android.app.ContextImpl.ensurePrivateDirExists(ContextImpl.java:572)
01-17 07:29:08.036  3291  3291 D StrictMode: 	at android.app.ContextImpl.ensurePrivateDirExists(ContextImpl.java:563)
01-17 07:29:08.036  3291  3291 D StrictMode: 	at android.app.ContextImpl.getPreferencesDir(ContextImpl.java:519)
01-17 07:29:08.036  3291  3291 D StrictMode: 	at android.app.ContextImpl.getSharedPreferencesPath(ContextImpl.java:714)
01-17 07:29:08.036  3291  3291 D StrictMode: 	at android.app.ContextImpl.getSharedPreferences(ContextImpl.java:368)
01-17 07:29:08.036  3291  3291 D StrictMode: 	at android.content.ContextWrapper.getSharedPreferences(ContextWrapper.java:167)
01-17 07:29:08.036  3291  3291 D StrictMode: 	at android.content.ContextWrapper.getSharedPreferences(ContextWrapper.java:167)
01-17 07:29:08.036  3291  3291 D StrictMode: 	at com.android.providers.contacts.ContactsUpgradeReceiver.onReceive(ContactsUpgradeReceiver.java:56)
01-17 07:29:08.036  3291  3291 D StrictMode: 	at android.app.ActivityThread.handleReceiver(ActivityThread.java:3187)
01-17 07:29:08.036  3291  3291 D StrictMode: 	at android.app.ActivityThread.-wrap17(Unknown Source:0)
01-17 07:29:08.036  3291  3291 D StrictMode: 	at android.app.ActivityThread$H.handleMessage(ActivityThread.java:1672)
01-17 07:29:08.036  3291  3291 D StrictMode: 	at android.os.Handler.dispatchMessage(Handler.java:106)
01-17 07:29:08.036  3291  3291 D StrictMode: 	at android.os.Looper.loop(Looper.java:164)
01-17 07:29:08.036  3291  3291 D StrictMode: 	at android.app.ActivityThread.main(ActivityThread.java:6494)
01-17 07:29:08.036  3291  3291 D StrictMode: 	at java.lang.reflect.Method.invoke(Native Method)
01-17 07:29:08.036  3291  3291 D StrictMode: 	at com.android.internal.os.RuntimeInit$MethodAndArgsCaller.run(RuntimeInit.java:438)
01-17 07:29:08.036  3291  3291 D StrictMode: 	at com.android.internal.os.ZygoteInit.main(ZygoteInit.java:807)
01-17 07:29:08.036  3291  3291 D StrictMode: StrictMode policy violation; ~duration=29 ms: android.os.StrictMode$StrictModeDiskReadViolation: policy=65599 violation=2
01-17 07:29:08.036  3291  3291 D StrictMode: 	at android.os.StrictMode$AndroidBlockGuardPolicy.onReadFromDisk(StrictMode.java:1440)
01-17 07:29:08.036  3291  3291 D StrictMode: 	at android.app.SharedPreferencesImpl.awaitLoadedLocked(SharedPreferencesImpl.java:234)
01-17 07:29:08.036  3291  3291 D StrictMode: 	at android.app.SharedPreferencesImpl.getInt(SharedPreferencesImpl.java:272)
01-17 07:29:08.036  3291  3291 D StrictMode: 	at com.android.providers.contacts.ContactsUpgradeReceiver.onReceive(ContactsUpgradeReceiver.java:57)
01-17 07:29:08.036  3291  3291 D StrictMode: 	at android.app.ActivityThread.handleReceiver(ActivityThread.java:3187)
01-17 07:29:08.036  3291  3291 D StrictMode: 	at android.app.ActivityThread.-wrap17(Unknown Source:0)
01-17 07:29:08.036  3291  3291 D StrictMode: 	at android.app.ActivityThread$H.handleMessage(ActivityThread.java:1672)
01-17 07:29:08.036  3291  3291 D StrictMode: 	at android.os.Handler.dispatchMessage(Handler.java:106)
01-17 07:29:08.036  3291  3291 D StrictMode: 	at android.os.Looper.loop(Looper.java:164)
01-17 07:29:08.036  3291  3291 D StrictMode: 	at android.app.ActivityThread.main(ActivityThread.java:6494)
01-17 07:29:08.036  3291  3291 D StrictMode: 	at java.lang.reflect.Method.invoke(Native Method)
01-17 07:29:08.036  3291  3291 D StrictMode: 	at com.android.internal.os.RuntimeInit$MethodAndArgsCaller.run(RuntimeInit.java:438)
01-17 07:29:08.036  3291  3291 D StrictMode: 	at com.android.internal.os.ZygoteInit.main(ZygoteInit.java:807)
01-17 07:29:08.036  3291  3291 D StrictMode: StrictMode policy violation; ~duration=28 ms: android.os.StrictMode$StrictModeDiskReadViolation: policy=65599 violation=2
01-17 07:29:08.036  3291  3291 D StrictMode: 	at android.os.StrictMode$AndroidBlockGuardPolicy.onReadFromDisk(StrictMode.java:1440)
01-17 07:29:08.036  3291  3291 D StrictMode: 	at java.io.UnixFileSystem.checkAccess(UnixFileSystem.java:251)
01-17 07:29:08.036  3291  3291 D StrictMode: 	at java.io.File.exists(File.java:807)
01-17 07:29:08.036  3291  3291 D StrictMode: 	at android.app.SharedPreferencesImpl.writeToFile(SharedPreferencesImpl.java:665)
01-17 07:29:08.036  3291  3291 D StrictMode: 	at android.app.SharedPreferencesImpl.-wrap2(Unknown Source:0)
01-17 07:29:08.036  3291  3291 D StrictMode: 	at android.app.SharedPreferencesImpl$2.run(SharedPreferencesImpl.java:599)
01-17 07:29:08.036  3291  3291 D StrictMode: 	at android.app.SharedPreferencesImpl.enqueueDiskWrite(SharedPreferencesImpl.java:618)
01-17 07:29:08.036  3291  3291 D StrictMode: 	at android.app.SharedPreferencesImpl.-wrap0(Unknown Source:0)
01-17 07:29:08.036  3291  3291 D StrictMode: 	at android.app.SharedPreferencesImpl$EditorImpl.commit(SharedPreferencesImpl.java:534)
01-17 07:29:08.036  3291  3291 D StrictMode: 	at com.android.providers.contacts.ContactsUpgradeReceiver.onReceive(ContactsUpgradeReceiver.java:77)
01-17 07:29:08.036  3291  3291 D StrictMode: 	at android.app.ActivityThread.handleReceiver(ActivityThread.java:3187)
01-17 07:29:08.036  3291  3291 D StrictMode: 	at android.app.ActivityThread.-wrap17(Unknown Source:0)
01-17 07:29:08.036  3291  3291 D StrictMode: 	at android.app.ActivityThread$H.handleMessage(ActivityThread.java:1672)
01-17 07:29:08.036  3291  3291 D StrictMode: 	at android.os.Handler.dispatchMessage(Handler.java:106)
01-17 07:29:08.036  3291  3291 D StrictMode: 	at android.os.Looper.loop(Looper.java:164)
01-17 07:29:08.036  3291  3291 D StrictMode: 	at android.app.ActivityThread.main(ActivityThread.java:6494)
01-17 07:29:08.036  3291  3291 D StrictMode: 	at java.lang.reflect.Method.invoke(Native Method)
01-17 07:29:08.036  3291  3291 D StrictMode: 	at com.android.internal.os.RuntimeInit$MethodAndArgsCaller.run(RuntimeInit.java:438)
01-17 07:29:08.036  3291  3291 D StrictMode: 	at com.android.internal.os.ZygoteInit.main(ZygoteInit.java:807)
01-17 07:29:08.036  3291  3291 D StrictMode: StrictMode policy violation; ~duration=28 ms: android.os.StrictMode$StrictModeDiskWriteViolation: policy=65599 violation=1
01-17 07:29:08.036  3291  3291 D StrictMode: 	at android.os.StrictMode$AndroidBlockGuardPolicy.onWriteToDisk(StrictMode.java:1386)
01-17 07:29:08.036  3291  3291 D StrictMode: 	at java.io.FileOutputStream.<init>(FileOutputStream.java:222)
01-17 07:29:08.036  3291  3291 D StrictMode: 	at java.io.FileOutputStream.<init>(FileOutputStream.java:171)
01-17 07:29:08.036  3291  3291 D StrictMode: 	at android.app.SharedPreferencesImpl.createFileOutputStream(SharedPreferencesImpl.java:629)
01-17 07:29:08.036  3291  3291 D StrictMode: 	at android.app.SharedPreferencesImpl.writeToFile(SharedPreferencesImpl.java:720)
01-17 07:29:08.036  3291  3291 D StrictMode: 	at android.app.SharedPreferencesImpl.-wrap2(Unknown Source:0)
01-17 07:29:08.036  3291  3291 D StrictMode: 	at android.app.SharedPreferencesImpl$2.run(SharedPreferencesImpl.java:599)
01-17 07:29:08.036  3291  3291 D StrictMode: 	at android.app.SharedPreferencesImpl.enqueueDiskWrite(SharedPreferencesImpl.java:618)
01-17 07:29:08.036  3291  3291 D StrictMode: 	at android.app.SharedPreferencesImpl.-wrap0(Unknown Source:0)
01-17 07:29:08.036  3291  3291 D StrictMode: 	at android.app.SharedPreferencesImpl$EditorImpl.commit(SharedPreferencesImpl.java:534)
01-17 07:29:08.036  3291  3291 D StrictMode: 	at com.android.providers.contacts.ContactsUpgradeReceiver.onReceive(ContactsUpgradeReceiver.java:77)
01-17 07:29:08.036  3291  3291 D StrictMode: 	at android.app.ActivityThread.handleReceiver(ActivityThread.java:3187)
01-17 07:29:08.036  3291  3291 D StrictMode: 	at android.app.ActivityThread.-wrap17(Unknown Source:0)
01-17 07:29:08.036  3291  3291 D StrictMode: 	at android.app.ActivityThread$H.handleMessage(ActivityThread.java:1672)
01-17 07:29:08.036  3291  3291 D StrictMode: 	at android.os.Handler.dispatchMessage(Handler.java:106)
01-17 07:29:08.036  3291  3291 D StrictMode: 	at android.os.Looper.loop(Looper.java:164)
01-17 07:29:08.036  3291  3291 D StrictMode: 	at android.app.ActivityThread.main(ActivityThread.java:6494)
01-17 07:29:08.036  3291  3291 D StrictMode: 	at java.lang.reflect.Method.invoke(Native Method)
01-17 07:29:08.036  3291  3291 D StrictMode: 	at com.android.internal.os.RuntimeInit$MethodAndArgsCaller.run(RuntimeInit.java:438)
01-17 07:29:08.036  3291  3291 D StrictMode: 	at com.android.internal.os.ZygoteInit.main(ZygoteInit.java:807)
01-17 07:29:08.036  3864  3864 I zygote  : The ClassLoaderContext is a special shared library.
01-17 07:29:08.036  3291  3291 D StrictMode: StrictMode policy violation; ~duration=28 ms: android.os.StrictMode$StrictModeDiskWriteViolation: policy=65599 violation=1
01-17 07:29:08.036  3291  3291 D StrictMode: 	at android.os.StrictMode$AndroidBlockGuardPolicy.onWriteToDisk(StrictMode.java:1386)
01-17 07:29:08.036  3291  3291 D StrictMode: 	at libcore.io.BlockGuardOs.write(BlockGuardOs.java:344)
01-17 07:29:08.036  3291  3291 D StrictMode: 	at libcore.io.IoBridge.write(IoBridge.java:553)
01-17 07:29:08.036  3291  3291 D StrictMode: 	at java.io.FileOutputStream.write(FileOutputStream.java:326)
01-17 07:29:08.036  3291  3291 D StrictMode: 	at com.android.internal.util.FastXmlSerializer.flushBytes(FastXmlSerializer.java:250)
01-17 07:29:08.036  3291  3291 D StrictMode: 	at com.android.internal.util.FastXmlSerializer.flush(FastXmlSerializer.java:271)
01-17 07:29:08.036  3291  3291 D StrictMode: 	at com.android.internal.util.FastXmlSerializer.endDocument(FastXmlSerializer.java:216)
01-17 07:29:08.036  3291  3291 D StrictMode: 	at com.android.internal.util.XmlUtils.writeMapXml(XmlUtils.java:193)
01-17 07:29:08.036  3291  3291 D StrictMode: 	at android.app.SharedPreferencesImpl.writeToFile(SharedPreferencesImpl.java:730)
01-17 07:29:08.036  3291  3291 D StrictMode: 	at android.app.SharedPreferencesImpl.-wrap2(Unknown Source:0)
01-17 07:29:08.036  3291  3291 D StrictMode: 	at android.app.SharedPreferencesImpl$2.run(SharedPreferencesImpl.java:599)
01-17 07:29:08.036  3291  3291 D StrictMode: 	at android.app.SharedPreferencesImpl.enqueueDiskWrite(SharedPreferencesImpl.java:618)
01-17 07:29:08.036  3291  3291 D StrictMode: 	at android.app.SharedPreferencesImpl.-wrap0(Unknown Source:0)
01-17 07:29:08.036  3291  3291 D StrictMode: 	at android.app.SharedPreferencesImpl$EditorImpl.commit(SharedPreferencesImpl.java:534)
01-17 07:29:08.036  3291  3291 D StrictMode: 	at com.android.providers.contacts.ContactsUpgradeReceiver.onReceive(ContactsUpgradeReceiver.java:77)
01-17 07:29:08.036  3291  3291 D StrictMode: 	at android.app.ActivityThread.handleReceiver(ActivityThread.java:3187)
01-17 07:29:08.036  3291  3291 D StrictMode: 	at android.app.ActivityThread.-wrap17(Unknown Source:0)
01-17 07:29:08.036  3291  3291 D StrictMode: 	at android.app.ActivityThread$H.handleMessage(ActivityThread.java:1672)
01-17 07:29:08.036  3291  3291 D StrictMode: 	at android.os.Handler.dispatchMessage(Handler.java:106)
01-17 07:29:08.036  3291  3291 D StrictMode: 	at android.os.Looper.loop(Looper.java:164)
01-17 07:29:08.036  3291  3291 D StrictMode: 	at android.app.ActivityThread.main(ActivityThread.java:6494)
01-17 07:29:08.036  3291  3291 D StrictMode: 	at java.lang.reflect.Method.invoke(Native Method)
01-17 07:29:08.036  3291  3291 D StrictMode: 	at com.android.internal.os.RuntimeInit$MethodAndArgsCaller.run(RuntimeInit.java:438)
01-17 07:29:08.036  3291  3291 D StrictMode: 	at com.android.internal.os.ZygoteInit.main(ZygoteInit.java:807)
01-17 07:29:08.036  3291  3291 D StrictMode: StrictMode policy violation; ~duration=11 ms: android.os.StrictMode$StrictModeDiskWriteViolation: policy=65599 violation=1
01-17 07:29:08.036  3291  3291 D StrictMode: 	at android.os.StrictMode$AndroidBlockGuardPolicy.onWriteToDisk(StrictMode.java:1386)
01-17 07:29:08.036  3291  3291 D StrictMode: 	at libcore.io.BlockGuardOs.chmod(BlockGuardOs.java:77)
01-17 07:29:08.036  3291  3291 D StrictMode: 	at android.system.Os.chmod(Os.java:87)
01-17 07:29:08.036  3291  3291 D StrictMode: 	at android.os.FileUtils.setPermissions(FileUtils.java:106)
01-17 07:29:08.036  3291  3291 D StrictMode: 	at android.app.ContextImpl.setFilePermissionsFromMode(ContextImpl.java:2444)
01-17 07:29:08.036  3291  3291 D StrictMode: 	at android.app.SharedPreferencesImpl.writeToFile(SharedPreferencesImpl.java:739)
01-17 07:29:08.036  3291  3291 D StrictMode: 	at android.app.SharedPreferencesImpl.-wrap2(Unknown Source:0)
01-17 07:29:08.036  3291  3291 D StrictMode: 	at android.app.SharedPreferencesImpl$2.run(SharedPreferencesImpl.java:599)
01-17 07:29:08.036  3291  3291 D StrictMode: 	at android.app.SharedPreferencesImpl.enqueueDiskWrite(SharedPreferencesImpl.java:618)
01-17 07:29:08.036  3291  3291 D StrictMode: 	at android.app.SharedPreferencesImpl.-wrap0(Unknown Source:0)
01-17 07:29:08.036  3291  3291 D StrictMode: 	at android.app.SharedPreferencesImpl$EditorImpl.commit(SharedPreferencesImpl.java:534)
01-17 07:29:08.036  3291  3291 D StrictMode: 	at com.android.providers.contacts.ContactsUpgradeReceiver.onReceive(ContactsUpgradeReceiver.java:77)
01-17 07:29:08.036  3291  3291 D StrictMode: 	at android.app.ActivityThread.handleReceiver(ActivityThread.java:3187)
01-17 07:29:08.036  3291  3291 D StrictMode: 	at android.app.ActivityThread.-wrap17(Unknown Source:0)
01-17 07:29:08.036  3291  3291 D StrictMode: 	at android.app.ActivityThread$H.handleMessage(ActivityThread.java:1672)
01-17 07:29:08.036  3291  3291 D StrictMode: 	at android.os.Handler.dispatchMessage(Handler.java:106)
01-17 07:29:08.036  3291  3291 D StrictMode: 	at android.os.Looper.loop(Looper.java:164)
01-17 07:29:08.036  3291  3291 D StrictMode: 	at android.app.ActivityThread.main(ActivityThread.java:6494)
01-17 07:29:08.036  3291  3291 D StrictMode: 	at java.lang.reflect.Method.invoke(Native Method)
01-17 07:29:08.036  3291  3291 D StrictMode: 	at com.android.internal.os.RuntimeInit$MethodAndArgsCaller.run(RuntimeInit.java:438)
01-17 07:29:08.036  3291  3291 D StrictMode: 	at com.android.internal.os.ZygoteInit.main(ZygoteInit.java:807)
01-17 07:29:08.036  3291  3291 D StrictMode: StrictMode policy violation; ~duration=11 ms: android.os.StrictMode$StrictModeDiskReadViolation: policy=65599 violation=2
01-17 07:29:08.036  3291  3291 D StrictMode: 	at android.os.StrictMode$AndroidBlockGuardPolicy.onReadFromDisk(StrictMode.java:1440)
01-17 07:29:08.036  3291  3291 D StrictMode: 	at libcore.io.BlockGuardOs.stat(BlockGuardOs.java:324)
01-17 07:29:08.036  3291  3291 D StrictMode: 	at android.system.Os.stat(Os.java:551)
01-17 07:29:08.036  3291  3291 D StrictMode: 	at android.app.SharedPreferencesImpl.writeToFile(SharedPreferencesImpl.java:746)
01-17 07:29:08.036  3291  3291 D StrictMode: 	at android.app.SharedPreferencesImpl.-wrap2(Unknown Source:0)
01-17 07:29:08.036  3291  3291 D StrictMode: 	at android.app.SharedPreferencesImpl$2.run(SharedPreferencesImpl.java:599)
01-17 07:29:08.036  3291  3291 D StrictMode: 	at android.app.SharedPreferencesImpl.enqueueDiskWrite(SharedPreferencesImpl.java:618)
01-17 07:29:08.036  3291  3291 D StrictMode: 	at android.app.SharedPreferencesImpl.-wrap0(Unknown Source:0)
01-17 07:29:08.036  3291  3291 D StrictMode: 	at android.app.SharedPreferencesImpl$EditorImpl.commit(SharedPreferencesImpl.java:534)
01-17 07:29:08.036  3291  3291 D StrictMode: 	at com.android.providers.contacts.ContactsUpgradeReceiver.onReceive(ContactsUpgradeReceiver.java:77)
01-17 07:29:08.036  3291  3291 D StrictMode: 	at android.app.ActivityThread.handleReceiver(ActivityThread.java:3187)
01-17 07:29:08.036  3291  3291 D StrictMode: 	at android.app.ActivityThread.-wrap17(Unknown Source:0)
01-17 07:29:08.036  3291  3291 D StrictMode: 	at android.app.ActivityThread$H.handleMessage(ActivityThread.java:1672)
01-17 07:29:08.036  3291  3291 D StrictMode: 	at android.os.Handler.dispatchMessage(Handler.java:106)
01-17 07:29:08.036  3291  3291 D StrictMode: 	at android.os.Looper.loop(Looper.java:164)
01-17 07:29:08.036  3291  3291 D StrictMode: 	at android.app.ActivityThread.main(ActivityThread.java:6494)
01-17 07:29:08.036  3291  3291 D StrictMode: 	at java.lang.reflect.Method.invoke(Native Method)
01-17 07:29:08.036  3291  3291 D StrictMode: 	at com.android.internal.os.RuntimeInit$MethodAndArgsCaller.run(RuntimeInit.java:438)
01-17 07:29:08.036  3291  3291 D StrictMode: 	at com.android.internal.os.ZygoteInit.main(ZygoteInit.java:807)
01-17 07:29:08.036  3291  3291 D StrictMode: StrictMode policy violation; ~duration=10 ms: android.os.StrictMode$StrictModeDiskWriteViolation: policy=65599 violation=1
01-17 07:29:08.036  3291  3291 D StrictMode: 	at android.os.StrictMode$AndroidBlockGuardPolicy.onWriteToDisk(StrictMode.java:1386)
01-17 07:29:08.036  3291  3291 D StrictMode: 	at java.io.UnixFileSystem.delete(UnixFileSystem.java:294)
01-17 07:29:08.036  3291  3291 D StrictMode: 	at java.io.File.delete(File.java:1029)
01-17 07:29:08.036  3291  3291 D StrictMode: 	at android.app.SharedPreferencesImpl.writeToFile(SharedPreferencesImpl.java:760)
01-17 07:29:08.036  3291  3291 D StrictMode: 	at android.app.SharedPreferencesImpl.-wrap2(Unknown Source:0)
01-17 07:29:08.036  3291  3291 D StrictMode: 	at android.app.SharedPreferencesImpl$2.run(SharedPreferencesImpl.java:599)
01-17 07:29:08.036  3291  3291 D StrictMode: 	at android.app.SharedPreferencesImpl.enqueueDiskWrite(SharedPreferencesImpl.java:618)
01-17 07:29:08.036  3291  3291 D StrictMode: 	at android.app.SharedPreferencesImpl.-wrap0(Unknown Source:0)
01-17 07:29:08.036  3291  3291 D StrictMode: 	at android.app.SharedPreferencesImpl$EditorImpl.commit(SharedPreferencesImpl.java:534)
01-17 07:29:08.036  3291  3291 D StrictMode: 	at com.android.providers.contacts.ContactsUpgradeReceiver.onReceive(ContactsUpgradeReceiver.java:77)
01-17 07:29:08.036  3291  3291 D StrictMode: 	at android.app.ActivityThread.handleReceiver(ActivityThread.java:3187)
01-17 07:29:08.036  3291  3291 D StrictMode: 	at android.app.ActivityThread.-wrap17(Unknown Source:0)
01-17 07:29:08.036  3291  3291 D StrictMode: 	at android.app.ActivityThread$H.handleMessage(ActivityThread.java:1672)
01-17 07:29:08.036  3291  3291 D StrictMode: 	at android.os.Handler.dispatchMessage(Handler.java:106)
01-17 07:29:08.036  3291  3291 D StrictMode: 	at android.os.Looper.loop(Looper.java:164)
01-17 07:29:08.036  3291  3291 D StrictMode: 	at android.app.ActivityThread.main(ActivityThread.java:6494)
01-17 07:29:08.036  3291  3291 D StrictMode: 	at java.lang.reflect.Method.invoke(Native Method)
01-17 07:29:08.036  3291  3291 D StrictMode: 	at com.android.internal.os.RuntimeInit$MethodAndArgsCaller.run(RuntimeInit.java:438)
01-17 07:29:08.036  3291  3291 D StrictMode: 	at com.android.internal.os.ZygoteInit.main(ZygoteInit.java:807)
01-17 07:29:08.036  3291  3291 D StrictMode: StrictMode policy violation; ~duration=8 ms: android.os.StrictMode$StrictModeDiskWriteViolation: policy=65599 violation=1
01-17 07:29:08.036  3291  3291 D StrictMode: 	at android.os.StrictMode$AndroidBlockGuardPolicy.onWriteToDisk(StrictMode.java:1386)
01-17 07:29:08.036  3291  3291 D StrictMode: 	at android.database.sqlite.SQLiteConnection.applyBlockGuardPolicy(SQLiteConnection.java:1044)
01-17 07:29:08.036  3291  3291 D StrictMode: 	at android.database.sqlite.SQLiteConnection.executeForLastInsertedRowId(SQLiteConnection.java:780)
01-17 07:29:08.036  3291  3291 D StrictMode: 	at android.database.sqlite.SQLiteSession.executeForLastInsertedRowId(SQLiteSession.java:788)
01-17 07:29:08.036  3291  3291 D StrictMode: 	at android.database.sqlite.SQLiteStatement.executeInsert(SQLiteStatement.java:86)
01-17 07:29:08.036  3291  3291 D StrictMode: 	at android.database.sqlite.SQLiteDatabase.insertWithOnConflict(SQLiteDatabase.java:1548)
01-17 07:29:08.036  3291  3291 D StrictMode: 	at android.database.sqlite.SQLiteDatabase.replace(SQLiteDatabase.java:1464)
01-17 07:29:08.036  3291  3291 D StrictMode: 	at com.android.providers.contacts.util.PropertyUtils.setProperty(PropertyUtils.java:77)
01-17 07:29:08.036  3291  3291 D StrictMode: 	at com.android.providers.contacts.ContactsDatabaseHelper.setProperty(ContactsDatabaseHelper.java:4417)
01-17 07:29:08.036  3291  3291 D StrictMode: 	at com.android.providers.contacts.ContactsDatabaseHelper.forceDirectoryRescan(ContactsDatabaseHelper.java:4421)
01-17 07:29:08.036  3291  3291 D StrictMode: 	at com.android.providers.contacts.ContactsUpgradeReceiver.onReceive(ContactsUpgradeReceiver.java:89)
01-17 07:29:08.036  3291  3291 D StrictMode: 	at android.app.ActivityThread.handleReceiver(ActivityThread.java:3187)
01-17 07:29:08.036  3291  3291 D StrictMode: 	at android.app.ActivityThread.-wrap17(Unknown Source:0)
01-17 07:29:08.036  3291  3291 D StrictMode: 	at android.app.ActivityThread$H.handleMessage(ActivityThread.java:1672)
01-17 07:29:08.036  3291  3291 D StrictMode: 	at android.os.Handler.dispatchMessage(Handler.java:106)
01-17 07:29:08.036  3291  3291 D StrictMode: 	at android.os.Looper.loop(Looper.java:164)
01-17 07:29:08.036  3291  3291 D StrictMode: 	at android.app.ActivityThread.main(ActivityThread.java:6494)
01-17 07:29:08.036  3291  3291 D StrictMode: 	at java.lang.reflect.Method.invoke(Native Method)
01-17 07:29:08.036  3291  3291 D StrictMode: 	at com.android.internal.os.RuntimeInit$MethodAndArgsCaller.run(RuntimeInit.java:438)
01-17 07:29:08.036  3291  3291 D StrictMode: 	at com.android.internal.os.ZygoteInit.main(ZygoteInit.java:807)
01-17 07:29:08.037  3864  3864 I zygote  : The ClassLoaderContext is a special shared library.
01-17 07:29:08.039  1699  2802 I PreBootBroadcaster: Pre-boot of {com.android.providers.media/com.android.providers.media.MediaUpgradeReceiver} for user 0
01-17 07:29:08.095  1853  3480 I PlacesLogger: [PlaceInferenceEngine]: [anon] Changed inference mode: 0 [CONTEXT service_id=253 ]
01-17 07:29:08.113  1699  2439 W BroadcastQueue: Background execution not allowed: receiving Intent { act=android.intent.action.DROPBOX_ENTRY_ADDED flg=0x10 (has extras) } to com.google.android.gms/.stats.service.DropBoxEntryAddedReceiver
01-17 07:29:08.113  1699  1722 W BroadcastQueue: Background execution not allowed: receiving Intent { act=android.intent.action.DROPBOX_ENTRY_ADDED flg=0x10 (has extras) } to com.google.android.gms/.chimera.GmsIntentOperationService$PersistentTrustedReceiver
01-17 07:29:08.127  3244  3863 I Dialer  : VvmActivationTask - VVM content provider configured - vvm_type_cvvm
01-17 07:29:08.130  3244  3863 I Dialer  : OmtpVvmCarrierCfgHlpr - OmtpEvent:CONFIG_ACTIVATING
01-17 07:29:08.173  1853  1853 I rcs     : [RcsBindingManager] Checking if we should rebind to previous service. Attempt 0
01-17 07:29:08.173  1853  1853 I rcs     : [RcsBindingManager] No valid settings for binding.
01-17 07:29:08.183  1853  3230 I LogUtils: [Places]: ?: Couldn't find platform key file. [CONTEXT service_id=253 ]
01-17 07:29:08.184  3244  3863 I Dialer  : TelephonyMangerCompat.setVisualVoicemailSmsFilterSettings - using TelephonyManager
01-17 07:29:08.194  1853  2307 I LogUtils: [Places]: ?: Couldn't find platform key file. [CONTEXT service_id=253 ]
01-17 07:29:08.221  3244  3863 I Dialer  : TelephonyMangerCompat.sendVisualVoicemailSms - using TelephonyManager
01-17 07:29:08.233  1853  1853 I GeofencerStateMachine: removeGeofences: removeRequest=RemoveGeofencingRequest[REMOVE_BY_PENDING_INTENT pendingIntent=PendingIntent[creatorPackage=com.google.android.gms], packageName=com.google.android.gms]
01-17 07:29:08.247  1699  2027 D PackageManager: Ephemeral installer not found with new action; try old one
01-17 07:29:08.247  1699  2027 D PackageManager: Clear ephemeral installer activity
01-17 07:29:08.248  1699  2462 D PackageManager: Ephemeral installer not found with new action; try old one
01-17 07:29:08.249  1699  2462 D PackageManager: Clear ephemeral installer activity
01-17 07:29:08.250  1699  1713 D PackageManager: Ephemeral installer not found with new action; try old one
01-17 07:29:08.250  1699  1713 D PackageManager: Clear ephemeral installer activity
01-17 07:29:08.251  1699  1713 D PackageManager: Ephemeral installer not found with new action; try old one
01-17 07:29:08.251  1699  1713 D PackageManager: Clear ephemeral installer activity
01-17 07:29:08.252  1699  1713 D PackageManager: Ephemeral installer not found with new action; try old one
01-17 07:29:08.253  1699  1713 D PackageManager: Clear ephemeral installer activity
01-17 07:29:08.281  3864  3864 W DynamiteModule: Local module descriptor class for providerinstaller not found.
01-17 07:29:08.288  3864  3864 W ProviderHelper: Unknown dynamite feature providerinstaller
01-17 07:29:08.293  3864  3864 I DynamiteModule: Considering local module providerinstaller:0 and remote module providerinstaller:0
01-17 07:29:08.295  3864  3864 W ProviderInstaller: Failed to load providerinstaller module: No acceptable module found. Local version is 0 and remote version is 0.
01-17 07:29:08.302  3864  3864 V NativeCrypto: Registering com/google/android/gms/org/conscrypt/NativeCrypto's 286 native methods...
01-17 07:29:08.310  3864  3864 D NetworkSecurityConfig: Using Network Security Config from resource network_security_config debugBuild: false
01-17 07:29:08.335  3864  3864 I ProviderInstaller: Installed default security provider GmsCore_OpenSSL
01-17 07:29:08.365  2252  2957 I zygote  : Deoptimizing android.database.Cursor com.google.android.gms.icing.proxy.AppsContentChimeraProvider.a(android.net.Uri, java.lang.String[]) due to JIT inline cache
01-17 07:29:08.367  2252  2957 I Icing   : Indexing com.google.android.gms-contacts_contact_id from com.google.android.gms
01-17 07:29:08.372  2252  2957 I Icing   : Indexing done com.google.android.gms-contacts_contact_id
01-17 07:29:08.372  2252  2957 I Icing   : Indexing com.google.android.gms-emails_data_id from com.google.android.gms
01-17 07:29:08.388  2252  2957 I Icing   : Indexing done com.google.android.gms-emails_data_id
01-17 07:29:08.388  2252  2957 I Icing   : Indexing com.google.android.gms-phones_data_id from com.google.android.gms
01-17 07:29:08.394  2252  2957 I Icing   : Indexing done com.google.android.gms-phones_data_id
01-17 07:29:08.395  2252  2957 I Icing   : Indexing com.google.android.gms-postals_data_id from com.google.android.gms
01-17 07:29:08.396  3864  3864 I Safeboot: Checking safeboot...
01-17 07:29:08.397  3864  3864 I Safeboot: Not entering safeboot; wrong process.
01-17 07:29:08.398  2252  2957 I Icing   : Indexing done com.google.android.gms-postals_data_id
01-17 07:29:08.410  1699  3509 W BroadcastQueue: Background execution not allowed: receiving Intent { act=android.intent.action.DROPBOX_ENTRY_ADDED flg=0x10 (has extras) } to com.google.android.gms/.stats.service.DropBoxEntryAddedReceiver
01-17 07:29:08.411  1699  1722 W BroadcastQueue: Background execution not allowed: receiving Intent { act=android.intent.action.DROPBOX_ENTRY_ADDED flg=0x10 (has extras) } to com.google.android.gms/.chimera.GmsIntentOperationService$PersistentTrustedReceiver
01-17 07:29:08.415  1699  3509 W BroadcastQueue: Background execution not allowed: receiving Intent { act=android.intent.action.DROPBOX_ENTRY_ADDED flg=0x10 (has extras) } to com.google.android.gms/.stats.service.DropBoxEntryAddedReceiver
01-17 07:29:08.416  1699  1722 W BroadcastQueue: Background execution not allowed: receiving Intent { act=android.intent.action.DROPBOX_ENTRY_ADDED flg=0x10 (has extras) } to com.google.android.gms/.chimera.GmsIntentOperationService$PersistentTrustedReceiver
01-17 07:29:08.422  2252  2957 I Icing   : Post-init done
01-17 07:29:08.434  2252  3494 V Backup  : [SettingsModuleInit] onInitRuntimeState
01-17 07:29:08.436  3174  3174 I MediaUpgradeReceiver: ---> Start upgrade of media database external.db
01-17 07:29:08.463  3174  3174 I MediaUpgradeReceiver: <--- Finished upgrade of media database external.db in 27ms
01-17 07:29:08.463  1699  3509 I PreBootBroadcaster: Pre-boot of {com.android.settings/com.android.settings.SettingsInitialize} for user 0
01-17 07:29:08.464  2252  3494 V Backup  : [NoBackupNotification] Disabled, not scheduling
01-17 07:29:08.479  2252  2957 W Icing   : No valid account for uploading user actions
01-17 07:29:08.480  1699  1713 D PackageManager: Ephemeral installer not found with new action; try old one
01-17 07:29:08.480  1699  1713 D PackageManager: Clear ephemeral installer activity
01-17 07:29:08.480  1699  2802 I PreBootBroadcaster: Pre-boot of {com.google.android.googlequicksearchbox/com.google.android.apps.gsa.googlequicksearchbox.GelStubAppWatcher} for user 0
01-17 07:29:08.486  1699  1711 D PackageManager: Ephemeral installer not found with new action; try old one
01-17 07:29:08.486  1699  1711 D PackageManager: Clear ephemeral installer activity
01-17 07:29:08.489  1699  3509 D PackageManager: Ephemeral installer not found with new action; try old one
01-17 07:29:08.489  1699  3509 D PackageManager: Clear ephemeral installer activity
01-17 07:29:08.489  1699  2438 D PackageManager: Ephemeral installer not found with new action; try old one
01-17 07:29:08.490  1699  2438 D PackageManager: Clear ephemeral installer activity
01-17 07:29:08.490  1699  1711 D PackageManager: Ephemeral installer not found with new action; try old one
01-17 07:29:08.491  1699  1711 D PackageManager: Clear ephemeral installer activity
01-17 07:29:08.494  1699  1711 D PackageManager: Ephemeral installer not found with new action; try old one
01-17 07:29:08.494  1699  1711 D PackageManager: Clear ephemeral installer activity
01-17 07:29:08.495  1699  2802 D PackageManager: Ephemeral installer not found with new action; try old one
01-17 07:29:08.495  1699  2802 D PackageManager: Clear ephemeral installer activity
01-17 07:29:08.495  1699  2802 D PackageManager: Ephemeral installer not found with new action; try old one
01-17 07:29:08.495  1699  2802 D PackageManager: Clear ephemeral installer activity
01-17 07:29:08.496  1699  2802 D PackageManager: Ephemeral installer not found with new action; try old one
01-17 07:29:08.496  1699  2802 D PackageManager: Clear ephemeral installer activity
01-17 07:29:08.497  1699  1711 D PackageManager: Ephemeral installer not found with new action; try old one
01-17 07:29:08.497  1699  1711 D PackageManager: Clear ephemeral installer activity
01-17 07:29:08.499  1699  1711 D PackageManager: Ephemeral installer not found with new action; try old one
01-17 07:29:08.499  1699  1711 D PackageManager: Clear ephemeral installer activity
01-17 07:29:08.501  1699  1711 D PackageManager: Ephemeral installer not found with new action; try old one
01-17 07:29:08.501  1699  1711 D PackageManager: Clear ephemeral installer activity
01-17 07:29:08.503  1699  1713 I PreBootBroadcaster: Pre-boot of {com.google.android.gsf/com.google.android.gsf.loginservice.MigrateToAccountManagerBroadcastReceiver} for user 0
01-17 07:29:08.508  2650  2650 D GoogleLoginService: no legacy android id exists to migrate
01-17 07:29:08.508  2650  2650 D GoogleLoginService: skipping migration because /data/user/0/com.google.android.gsf/databases/accounts.db doesn't exist
01-17 07:29:08.508  2650  2650 D GoogleLoginService: disabling the migration script since the migration is complete
01-17 07:29:08.509  1699  1713 D PackageManager: Ephemeral installer not found with new action; try old one
01-17 07:29:08.509  1699  1713 D PackageManager: Clear ephemeral installer activity
01-17 07:29:08.510  1699  1713 I ActivityManager: Sending BOOT_COMPLETE user #0
01-17 07:29:08.534  1699  3509 D PackageManager: Ephemeral installer not found with new action; try old one
01-17 07:29:08.534  1699  3509 D PackageManager: Clear ephemeral installer activity
01-17 07:29:08.565  1853  3021 I zygote  : Deoptimizing java.lang.Object bpqa.next() due to JIT inline cache
01-17 07:29:08.586  1699  3909 I RecoverySystem: No recovery log file
01-17 07:29:08.587  1699  3909 I BootReceiver: No existing last log timestamp file /data/system/log-files.xml; starting empty
01-17 07:29:08.590  2252  2252 I Checkin : [CheckinChimeraService] onStartCommand
01-17 07:29:08.593  1699  3909 I BootReceiver: Copying audit failures to DropBox
01-17 07:29:08.593  1699  3909 I BootReceiver: Checking for fsck errors
01-17 07:29:08.593  1699  3909 I BootReceiver: fs_stat, partition:vdb stat:0x3
01-17 07:29:08.593  1699  3909 I BootReceiver: fs_stat, partition:vdc fix:/lost+found not found.  Create? yes
01-17 07:29:08.594  1699  3909 I BootReceiver: fs_stat, partition:vdc stat:0x413
01-17 07:29:08.594  1699  3909 I BootReceiver: Copying /dev/fscklogs/log to DropBox (SYSTEM_FSCK)
01-17 07:29:08.595  3244  3244 I Dialer  : GoogleDialerBootReceiver.onReceive - enter
01-17 07:29:08.595  3244  3244 I Dialer  : ShortcutsJobScheduler.scheduleAllJobs - enter
01-17 07:29:08.595  3244  3244 I Dialer  : ShortcutsJobScheduler.scheduleAllJobs - enabling shortcuts
01-17 07:29:08.595  3244  3244 I Dialer  : PeriodicJobService.schedulePeriodicJob - enter
01-17 07:29:08.599  3244  3244 I Dialer  : PeriodicJobService.schedulePeriodicJob - job already scheduled.
01-17 07:29:08.601  2252  3494 I ExposureNotification: ExposureNotificationInitIntentOperation.onInitRuntimeState [CONTEXT service_id=236 ]
01-17 07:29:08.612  1699  2438 D PackageManager: Ephemeral installer not found with new action; try old one
01-17 07:29:08.612  1699  2438 D PackageManager: Clear ephemeral installer activity
01-17 07:29:08.622  1699  2438 D PackageManager: Ephemeral installer not found with new action; try old one
01-17 07:29:08.622  1699  2438 D PackageManager: Clear ephemeral installer activity
01-17 07:29:08.624  1699  1713 D PackageManager: Ephemeral installer not found with new action; try old one
01-17 07:29:08.624  1699  1713 D PackageManager: Clear ephemeral installer activity
01-17 07:29:08.625  1699  2763 D PackageManager: Ephemeral installer not found with new action; try old one
01-17 07:29:08.625  1699  2763 D PackageManager: Clear ephemeral installer activity
01-17 07:29:08.631  3864  3864 I bezb    : Primes not initialized, returning default (no-op) Primes instance which will ignore all calls. Please call Primes.initialize(...) before using any Primes API.
01-17 07:29:08.631  3244  3244 W Dialer  : CountryDetector.registerForLocationUpdates - no location permissions, not registering for location updates
01-17 07:29:08.641  2252  2252 I Checkin : [CheckinChimeraService] runCheckinOnNewThread
01-17 07:29:08.641  2252  2252 I Checkin : [CheckinChimeraService] Check queued to run. Is task waiting: false
01-17 07:29:08.641  3864  3876 I zygote  : Background concurrent copying GC freed 36111(3MB) AllocSpace objects, 3(60KB) LOS objects, 50% free, 2MB/4MB, paused 5.547ms total 83.809ms
01-17 07:29:08.660  2252  2252 I Checkin : [CheckinChimeraService] Run checkin on new thread return:1
01-17 07:29:08.663  3665  3686 I zygote  : Waiting for a blocking GC ProfileSaver
01-17 07:29:08.665  2252  3121 I Checkin : [CheckinChimeraService] Starting Checkin Task: CheckinNowTaskTag Reason : 1 Force : false UserId: 0
01-17 07:29:08.702  3244  3244 I Dialer  : VisualVoicemailUpdateTask.scheduleTask - update successful
01-17 07:29:08.705  1699  1699 I Telecom : DefaultDialerCache: Refreshing default dialer for user 0: now com.google.android.dialer: DDC.oR@AFU
01-17 07:29:08.715  2252  2752 I OcrModelUpStIntentOp: Updating ocr activity enabled=false (phenotypeFlag=false, lowRamDevice=false, prereqCheck=true)
01-17 07:29:08.715  1699  2763 D PackageManager: Ephemeral installer not found with new action; try old one
01-17 07:29:08.715  1699  2763 D PackageManager: Clear ephemeral installer activity
01-17 07:29:08.716  1699  1713 D PackageManager: Ephemeral installer not found with new action; try old one
01-17 07:29:08.716  1987  1987 D CarrierConfigLoader: mHandler: 13 phoneId: 0
01-17 07:29:08.716  1987  1987 D CarrierConfigLoader: mHandler: 7 phoneId: 0
01-17 07:29:08.716  1699  1713 D PackageManager: Clear ephemeral installer activity
01-17 07:29:08.717  1699  1713 D PackageManager: Ephemeral installer not found with new action; try old one
01-17 07:29:08.717  1699  1713 D PackageManager: Clear ephemeral installer activity
01-17 07:29:08.721  1987  1987 D CarrierConfigLoader: Loaded config from XML. package=com.android.carrierconfig phoneId=0
01-17 07:29:08.726  1987  1987 D CarrierConfigLoader: mHandler: 5 phoneId: 0
01-17 07:29:08.736  3665  3665 I Bugle   : Carrier config changed. Reloading MMS config.
01-17 07:29:08.746  1699  1699 I Telecom : PhoneAccountRegistrar: SimCallManager queried, returning: null: TSI.gSCMFU@AFc
01-17 07:29:08.751  1699  1713 D PackageManager: Ephemeral installer not found with new action; try old one
01-17 07:29:08.751  1699  1713 D PackageManager: Clear ephemeral installer activity
01-17 07:29:08.755  3665  3703 W Bugle   : canonicalizeMccMnc: invalid mccmnc:null ,null
01-17 07:29:08.763  1987  1987 I ImsResolver: Received Carrier Config Changed for SubId: 1
01-17 07:29:08.763  1987  1987 D CarrierKeyDownloadManager: Carrier Config changed: android.telephony.action.CARRIER_CONFIG_CHANGED
01-17 07:29:08.764  1699  1711 D MmsServiceBroker: getCarrierConfigValues() by com.google.android.apps.messaging
01-17 07:29:08.764  1987  3023 D MmsService: getCarrierConfigValues
01-17 07:29:08.764  1987  3023 I MmsService: mms config for sub 1: Bundle[{httpSocketTimeout=60000, aliasMinChars=2, smsToMmsTextThreshold=-1, enableSMSDeliveryReports=true, maxMessageTextSize=-1, supportMmsContentDisposition=true, enabledTransID=false, aliasEnabled=false, supportHttpCharsetHeader=false, allowAttachAudio=true, smsToMmsTextLengthThreshold=-1, recipientLimit=2147483647, uaProfTagName=x-wap-profile, aliasMaxChars=48, maxImageHeight=1944, enableMMSDeliveryReports=false, userAgent=, mmsCloseConnection=false, config_cellBroadcastAppLinks=true, maxSubjectLength=40, httpParams=, enableGroupMms=true, emailGatewayNumber=, maxMessageSize=1048576, naiSuffix=, enableMMSReadReports=false, maxImageWidth=2592, uaProfUrl=, enabledMMS=false, enabledNotifyWapMMSC=false, sendMultipartSmsAsSeparateMessages=false, enableMultipartSMS=true}]
