01-17 07:28:50.979  1699  1722 V BackupManagerService: Starting with transport android/com.android.internal.backup.LocalTransport
01-17 07:28:50.980  1699  1722 D BackupTransportManager: Binding to transport: android/com.android.internal.backup.LocalTransportService
01-17 07:28:50.984  1699  1722 D BackupTransportManager: Binding to transport: com.google.android.gms/.backup.BackupTransportService
01-17 07:28:50.988  1699  1722 I BackupManagerService: Backup enable apparently not migrated
01-17 07:28:50.989  1699  1722 I BackupManagerService: Migrating enable state false
01-17 07:28:50.989  1699  1722 I BackupManagerService: Backup enabled => false
01-17 07:28:50.990  1699  1699 D BackupTransportManager: Bound to transport: android/com.android.internal.backup.LocalTransportService
01-17 07:28:50.998  1699  2452 V KeyValueBackupJob: Scheduling k/v pass in 249 minutes
01-17 07:28:51.000  1699  1722 W SystemServiceManager: Service com.android.server.backup.BackupManagerService$Lifecycle took 337 ms in onUnlockUser 
01-17 07:28:51.010  1699  1727 W AppWidgetServiceImpl: Failed to read state: java.io.FileNotFoundException: /data/system/users/0/appwidgets.xml (No such file or directory)
01-17 07:28:51.010  1699  1727 V AppWidgetServiceImpl: Upgrading widget database from 0 to 1
01-17 07:28:51.010  1699  2452 V KeyValueBackupJob: Scheduling k/v pass in 241 minutes
01-17 07:28:51.010  1987  1987 I TelecomFramework: PstnPhoneCapabilitiesNotifier: handleVideoCapabilitesChanged. Video capability - false
01-17 07:28:51.023  1699  1727 I AppWidgetServiceImpl: Async processing of onUserUnlocked u0 took 22 ms
01-17 07:28:51.026  1699  1722 I ActivityManager: Start proc 2489:com.google.android.googlequicksearchbox:interactor/u0a32 for service com.google.android.googlequicksearchbox/com.google.android.voiceinteraction.GsaVoiceInteractionService
01-17 07:28:51.036  1699  1722 D AutofillManagerServiceImpl: Reset component for user 0
01-17 07:28:51.036  1699  1722 D AutofillManagerServiceImpl: Reset component for user 0
01-17 07:28:51.036  1699  1723 D AutofillUI: destroySaveUiUiThread(): already destroyed
01-17 07:28:51.041  1699  1722 I ActivityManager: Loading recents for user 0 into memory.
01-17 07:28:51.044  1699  2027 I Telecom : PhoneAccountRegistrar: Modify account: [ComponentInfo{com.android.phone/com.android.services.telephony.TelephonyConnectionService}, [e0184adedf913b076626646d3f52c3b49c39ad6d], UserHandle{0}]: TSI.rPA@AA8
01-17 07:28:51.165  1699  1722 I ActivityManager: User 0 state changed from RUNNING_UNLOCKING to RUNNING_UNLOCKED
01-17 07:28:51.167  1699  1722 I PreBootBroadcaster: Pre-boot of {com.android.managedprovisioning/com.android.managedprovisioning.ota.PreBootListener} for user 0
01-17 07:28:51.224  1699  1721 I ActivityManager: Start proc 2535:com.android.printspooler/u0a69 for service com.android.printspooler/.model.PrintSpoolerService
01-17 07:28:51.237  1699  1723 W Looper  : Dispatch took 198ms on android.ui, h=Handler (com.android.server.am.ActivityManagerService$UiHandler) {9efc3d1} cb=null msg=53
01-17 07:28:51.282  1699  1699 V NotificationListeners: enabling notification listener for 0: ComponentInfo{com.google.android.apps.nexuslauncher/com.android.launcher3.notification.NotificationListener}
01-17 07:28:51.294  1699  2462 I ActivityManager: START u0 {act=android.intent.action.MAIN cat=[android.intent.category.HOME] flg=0x10000100 cmp=com.google.android.sdksetup/.DefaultActivity} from uid 0
01-17 07:28:51.340  1699  2462 I ActivityManager: Start proc 2559:com.google.android.sdksetup/u0a20 for activity com.google.android.sdksetup/.DefaultActivity
01-17 07:28:51.386  1699  1723 W Looper  : Dispatch took 107ms on android.ui, h=Handler (com.android.server.am.ActivityManagerService$UiHandler) {9efc3d1} cb=null msg=53
01-17 07:28:51.386  1699  1699 V NotificationListeners: binding: Intent { act=android.service.notification.NotificationListenerService cmp=com.google.android.apps.nexuslauncher/com.android.launcher3.notification.NotificationListener (has extras) }
01-17 07:28:51.403  1699  1699 I ActivityManager: Start proc 2572:com.google.android.apps.nexuslauncher/u0a23 for service com.google.android.apps.nexuslauncher/com.android.launcher3.notification.NotificationListener
01-17 07:28:51.573  1699  2026 W ActivityManager: Slow operation: 73ms so far, now at attachApplicationLocked: after mServices.attachApplicationLocked
01-17 07:28:51.660  1987  2304 D MccTable: updateMccMncConfiguration mccmnc='310260' fromServiceState=false
01-17 07:28:51.677  1699  1723 W Looper  : Dispatch took 157ms on android.ui, h=Handler (com.android.server.am.ActivityManagerService$UiHandler) {9efc3d1} cb=null msg=31
01-17 07:28:51.682  1987  2304 D MccTable: updateMccMncConfiguration defaultMccMnc=310260
01-17 07:28:51.687  1987  2304 D MccTable: updateMccMncConfiguration: mcc=310, mnc=260
01-17 07:28:51.687  1987  2304 D MccTable: updateMccMncConfiguration updateConfig config={0.0 310mcc260mnc ?localeList ?layoutDir ?swdp ?wdp ?hdp ?density ?lsize ?long ?ldr ?wideColorGamut ?orien ?uimode ?night ?touch ?keyb/?/? ?nav/?}
01-17 07:28:51.707  1699  2439 W WindowManager: Permission Denial: dismissKeyguard from pid=2475, uid=2000 requires android.permission.CONTROL_KEYGUARD
01-17 07:28:51.709  1699  1886 I ActivityManager: Start proc 2633:com.google.android.googlequicksearchbox:search/u0a32 for service com.google.android.googlequicksearchbox/com.google.android.hotword.service.HotwordService
01-17 07:28:51.738  1699  1713 I ActivityManager: Start proc 2650:com.google.process.gapps/u0a13 for content provider com.google.android.gsf/.settings.GoogleSettingsProvider
01-17 07:28:51.766  1699  2462 D PackageManager: Ephemeral installer not found with new action; try old one
01-17 07:28:51.766  1699  2462 D PackageManager: Clear ephemeral installer activity
01-17 07:28:51.813  1699  1699 W DevicePolicyManager: Trying to set ro.device_owner, but it has already been set?
01-17 07:28:51.850  1699  1721 I ActivityManager: Start proc 2691:com.android.keychain/1000 for service com.android.keychain/.KeyChainService
01-17 07:28:52.022  1699  1699 D BackupTransportManager: Bound to transport: com.google.android.gms/.backup.BackupTransportService
01-17 07:28:52.088  1699  2462 I ActivityManager: Killing 2633:com.google.android.googlequicksearchbox:search/u0a32 (adj 0): permissions revoked
01-17 07:28:52.089  1699  2462 W ActivityManager: Scheduling restart of crashed service com.google.android.googlequicksearchbox/com.google.android.hotword.service.HotwordService in 1000ms
01-17 07:28:52.094  1699  2462 I ActivityManager: Killing 2489:com.google.android.googlequicksearchbox:interactor/u0a32 (adj 100): permissions revoked
01-17 07:28:52.101  1699  2462 W ActivityManager: Scheduling restart of crashed service com.google.android.googlequicksearchbox/com.google.android.voiceinteraction.GsaVoiceInteractionService in 1000ms
01-17 07:28:52.153  1987  2304 D MccTable: updateMccMncConfiguration mccmnc='310260' fromServiceState=false
01-17 07:28:52.153  1987  1987 I TelecomFramework: PstnIncomingCallNotifier: Unregistering: Handler (com.android.internal.telephony.GsmCdmaPhone) {1291aa8}
01-17 07:28:52.153  1987  2304 D MccTable: updateMccMncConfiguration defaultMccMnc=310260
01-17 07:28:52.154  1987  2304 D MccTable: updateMccMncConfiguration: mcc=310, mnc=260
01-17 07:28:52.154  1987  2304 D MccTable: updateMccMncConfiguration updateConfig config={0.0 310mcc260mnc ?localeList ?layoutDir ?swdp ?wdp ?hdp ?density ?lsize ?long ?ldr ?wideColorGamut ?orien ?uimode ?night ?touch ?keyb/?/? ?nav/?}
01-17 07:28:52.174  1699  1722 W BroadcastQueue: Permission Denial: broadcasting Intent { act=com.google.android.gsf.settings.GoogleLocationSettings.UPDATE_LOCATION_SETTINGS flg=0x10 } from com.google.android.sdksetup (pid=2559, uid=10020) requires com.google.android.gms.permission.INTERNAL_BROADCAST due to registered receiver BroadcastFilter{f7ff9c6 u0 ReceiverList{fcf063e 1853 com.google.android.gms.persistent/10013/u0 remote:aae06f9}}
01-17 07:28:52.180  1699  2464 D PackageManager: Ephemeral installer not found with new action; try old one
01-17 07:28:52.180  1699  2464 D PackageManager: Clear ephemeral installer activity
01-17 07:28:52.206  1699  1738 I ActivityManager: Killing 2559:com.google.android.sdksetup/u0a20 (adj 0): change com.google.android.sdksetup
01-17 07:28:52.219  1699  2699 I Telecom : PhoneAccountRegistrar: New phone account registered: [[ ] PhoneAccount: ComponentInfo{com.android.phone/com.android.services.telephony.TelephonyConnectionService}, [e2f7d48dd2b5ca523e7313cf4ba0f6ea830b6281], UserHandle{0} Capabilities: CallProvider MultiUser PlaceEmerg SimSub  Audio Routes: BESW Schemes: tel voicemail  Extras: Bundle[mParcelledData.dataSize=124] GroupId: [da39a3ee5e6b4b0d3255bfef95601890afd80709]]: TSI.rPA@ABI
01-17 07:28:52.222  1699  2699 I Telecom : CallsManager: Sending phone-account ComponentInfo{com.android.phone/com.android.services.telephony.TelephonyConnectionService}, [e2f7d48dd2b5ca523e7313cf4ba0f6ea830b6281], UserHandle{0} registered intent as user: TSI.rPA@ABI
01-17 07:28:52.245  1699  1738 I ActivityManager: Start proc 2771:com.google.android.sdksetup/u0a20 for activity com.google.android.sdksetup/.DefaultActivity
01-17 07:28:52.249  1699  1738 I ActivityManager:   Force finishing activity ActivityRecord{d6f9dc3 u0 com.google.android.sdksetup/.DefaultActivity t4}
01-17 07:28:52.250  1699  1738 I ActivityManager: START u0 {act=android.intent.action.MAIN cat=[android.intent.category.HOME] flg=0x10000100 cmp=com.google.android.apps.nexuslauncher/.NexusLauncherActivity} from uid 0
01-17 07:28:52.270  1699  1896 W ActivityManager: Finishing task with all activities already finished
01-17 07:28:52.270  1699  1896 W ActivityManager: Duplicate finish request for ActivityRecord{d6f9dc3 u0 com.google.android.sdksetup/.DefaultActivity t4 f}
01-17 07:28:52.328  1699  2699 I Telecom : CallsManager: Sending phone-account registered intent to default dialer: TSI.rPA@ABI
01-17 07:28:52.352  1699  2026 D PackageManager: Ephemeral installer not found with new action; try old one
01-17 07:28:52.352  1699  2026 D PackageManager: Clear ephemeral installer activity
01-17 07:28:52.354  1699  2026 D CryptdConnector: SND -> {3 cryptfs getpwtype}
01-17 07:28:52.354  1393  1397 D VoldCryptCmdListener: cryptfs getpwtype
01-17 07:28:52.356  1699  1794 D CryptdConnector: RCV <- {213 3 default}
01-17 07:28:52.402  1699  1896 W ActivityManager: Slow operation: 60ms so far, now at attachApplicationLocked: after updateLruProcessLocked
01-17 07:28:52.402  1699  1896 W ActivityManager: Slow operation: 60ms so far, now at attachApplicationLocked: after mServices.attachApplicationLocked
01-17 07:28:52.431  1699  1896 W ActivityManager: Slow operation: 89ms so far, now at attachApplicationLocked: after updateOomAdjLocked
01-17 07:28:52.439  1699  1723 W Looper  : Dispatch took 234ms on android.ui, h=Handler (com.android.server.am.ActivityManagerService$UiHandler) {9efc3d1} cb=null msg=53
01-17 07:28:52.540  1699  1721 I SyncManager: Loaded persisted syncs: 0 periodic syncs, 0 oneshot syncs, 7 total system server jobs, JobStats: FirstLoad: 0/0/0 LastSave: 3/0/0
01-17 07:28:52.545  1987  1987 I TelecomFramework: AccountEntry: Registered phoneAccount: [[ ] PhoneAccount: ComponentInfo{com.android.phone/com.android.services.telephony.TelephonyConnectionService}, [e2f7d48dd2b5ca523e7313cf4ba0f6ea830b6281], UserHandle{0} Capabilities: CallProvider MultiUser PlaceEmerg SimSub  Audio Routes: BESW Schemes: tel voicemail  Extras: Bundle[{android.telecom.extra.SUPPORTS_VIDEO_CALLING_FALLBACK=true}] GroupId: [da39a3ee5e6b4b0d3255bfef95601890afd80709]] with handle: ComponentInfo{com.android.phone/com.android.services.telephony.TelephonyConnectionService}, [e2f7d48dd2b5ca523e7313cf4ba0f6ea830b6281], UserHandle{0}
01-17 07:28:52.545  1987  1987 I TelecomFramework: PstnIncomingCallNotifier: Registering: Handler (com.android.internal.telephony.GsmCdmaPhone) {1291aa8}
01-17 07:28:52.550  1699  1721 D AutofillManagerServiceImpl: Reset component for user 0
01-17 07:28:52.550  1699  1721 D AutofillManagerServiceImpl: Reset component for user 0
01-17 07:28:52.551  1699  1723 D AutofillUI: destroySaveUiUiThread(): already destroyed
01-17 07:28:52.555  1699  2438 W WallpaperManagerService: Cannot extract colors because wallpaper could not be read.
01-17 07:28:52.579  1987  1987 I TelecomFramework: TelecomAccountRegistry: Unregistering phone account ComponentInfo{com.android.phone/com.android.services.telephony.TelephonyConnectionService}, [e0184adedf913b076626646d3f52c3b49c39ad6d], UserHandle{0}.
01-17 07:28:52.582  1699  1699 I Telecom : DefaultDialerCache: Refreshing default dialer for user 0: now com.google.android.dialer: DDC.oR@ABQ
01-17 07:28:52.594  1699  2802 D VoldConnector: SND -> {36 volume mkdirs /storage/emulated/0/Android/data/com.google.android.apps.nexuslauncher/files/}
01-17 07:28:52.598  1699  1793 D VoldConnector: RCV <- {200 36 Command succeeded}
01-17 07:28:52.600  1699  1711 I Telecom : CallsManager: Sending phone-account ComponentInfo{com.android.phone/com.android.services.telephony.TelephonyConnectionService}, [e0184adedf913b076626646d3f52c3b49c39ad6d], UserHandle{0} unregistered intent as user: TSI.uPA@ABU
01-17 07:28:52.603  1699  1711 I Telecom : CallsManager: Sending phone-account unregistered intent to default dialer: TSI.uPA@ABU
01-17 07:28:52.624  1987  1987 I TelecomFramework: PstnIncomingCallNotifier: Unregistering: Handler (com.android.internal.telephony.GsmCdmaPhone) {1291aa8}
01-17 07:28:52.649  2572  2812 E ActivityThread: Failed to find provider info for com.google.android.googlequicksearchbox.GsaPublicContentProvider
01-17 07:28:52.704  1699  1722 I ActivityManager: Start proc 2816:com.google.android.googlequicksearchbox:search/u0a32 for broadcast com.google.android.googlequicksearchbox/com.google.android.apps.gsa.broadcastreceiver.CommonBroadcastReceiver
01-17 07:28:52.729  1699  1738 I ActivityManager: Start proc 2830:com.android.defcontainer/u0a10 for service com.android.defcontainer/.DefaultContainerService
01-17 07:28:52.736  1699  2033 I Telecom : PhoneAccountRegistrar: Modify account: [ComponentInfo{com.android.phone/com.android.services.telephony.TelephonyConnectionService}, [e2f7d48dd2b5ca523e7313cf4ba0f6ea830b6281], UserHandle{0}]: TSI.rPA@ABc
01-17 07:28:52.736  1987  1987 I TelecomFramework: AccountEntry: Registered phoneAccount: [[ ] PhoneAccount: ComponentInfo{com.android.phone/com.android.services.telephony.TelephonyConnectionService}, [e2f7d48dd2b5ca523e7313cf4ba0f6ea830b6281], UserHandle{0} Capabilities: CallProvider MultiUser PlaceEmerg SimSub  Audio Routes: BESW Schemes: tel voicemail  Extras: Bundle[{android.telecom.extra.SUPPORTS_VIDEO_CALLING_FALLBACK=true}] GroupId: [da39a3ee5e6b4b0d3255bfef95601890afd80709]] with handle: ComponentInfo{com.android.phone/com.android.services.telephony.TelephonyConnectionService}, [e2f7d48dd2b5ca523e7313cf4ba0f6ea830b6281], UserHandle{0}
01-17 07:28:52.736  1987  1987 I TelecomFramework: PstnIncomingCallNotifier: Registering: Handler (com.android.internal.telephony.GsmCdmaPhone) {1291aa8}
01-17 07:28:52.953  1699  1711 D AutofillManagerServiceImpl: Reset component for user 0
01-17 07:28:53.108  1699  1722 I ActivityManager: Start proc 2880:com.google.android.googlequicksearchbox:interactor/u0a32 for service com.google.android.googlequicksearchbox/com.google.android.voiceinteraction.GsaVoiceInteractionService
01-17 07:28:53.179  1699  1711 I PackageManager: Replacing preferred activity com.google.android.apps.messaging/.ui.conversation.LaunchConversationActivity for user 0:
01-17 07:28:53.185  1699  1699 I PackageManager: Replacing preferred activity com.google.android.apps.messaging/.ui.conversation.LaunchConversationActivity for user 0:
01-17 07:28:53.185  1699  1699 I chatty  : uid=1000 system_server identical 1 line
01-17 07:28:53.186  1699  1699 I PackageManager: Replacing preferred activity com.google.android.apps.messaging/.ui.conversation.LaunchConversationActivity for user 0:
01-17 07:28:53.210  2816  2816 E ActivityThread: Failed to find provider info for com.google.android.voicesearch
01-17 07:28:53.258  1987  1987 I TelecomFramework: PstnIncomingCallNotifier: Unregistering: Handler (com.android.internal.telephony.GsmCdmaPhone) {1291aa8}
01-17 07:28:53.263  1699  2033 I Telecom : PhoneAccountRegistrar: Modify account: [ComponentInfo{com.android.phone/com.android.services.telephony.TelephonyConnectionService}, [e2f7d48dd2b5ca523e7313cf4ba0f6ea830b6281], UserHandle{0}]: TSI.rPA@ABo
01-17 07:28:53.265  1987  1987 I TelecomFramework: AccountEntry: Registered phoneAccount: [[ ] PhoneAccount: ComponentInfo{com.android.phone/com.android.services.telephony.TelephonyConnectionService}, [e2f7d48dd2b5ca523e7313cf4ba0f6ea830b6281], UserHandle{0} Capabilities: CallProvider MultiUser PlaceEmerg SimSub  Audio Routes: BESW Schemes: tel voicemail  Extras: Bundle[{android.telecom.extra.SUPPORTS_VIDEO_CALLING_FALLBACK=true}] GroupId: [da39a3ee5e6b4b0d3255bfef95601890afd80709]] with handle: ComponentInfo{com.android.phone/com.android.services.telephony.TelephonyConnectionService}, [e2f7d48dd2b5ca523e7313cf4ba0f6ea830b6281], UserHandle{0}
01-17 07:28:53.265  1987  1987 I TelecomFramework: PstnIncomingCallNotifier: Registering: Handler (com.android.internal.telephony.GsmCdmaPhone) {1291aa8}
01-17 07:28:53.279  1987  1987 I TelecomFramework: PstnPhoneCapabilitiesNotifier: handleVideoCapabilitesChanged. Video capability - false
01-17 07:28:53.299  1699  2438 I ActivityManager: Start proc 2907:com.android.carrierconfig/u0a2 for service com.android.carrierconfig/.DefaultCarrierConfigService
01-17 07:28:53.318  1699  2438 D PackageManager: Ephemeral installer not found with new action; try old one
01-17 07:28:53.318  1699  2438 D PackageManager: Clear ephemeral installer activity
01-17 07:28:53.319  1699  2438 D PackageManager: Ephemeral installer not found with new action; try old one
01-17 07:28:53.319  1699  2438 D PackageManager: Clear ephemeral installer activity
01-17 07:28:53.387  1987  1987 I TelecomFramework: PstnPhoneCapabilitiesNotifier: handleVideoCapabilitesChanged. Video capability - false
01-17 07:28:53.475  1987  1987 I TelecomFramework: PstnIncomingCallNotifier: Unregistering: Handler (com.android.internal.telephony.GsmCdmaPhone) {1291aa8}
01-17 07:28:53.485  1699  2026 I Telecom : PhoneAccountRegistrar: Modify account: [ComponentInfo{com.android.phone/com.android.services.telephony.TelephonyConnectionService}, [e2f7d48dd2b5ca523e7313cf4ba0f6ea830b6281], UserHandle{0}]: TSI.rPA@AB8
01-17 07:28:53.486  1987  1987 I TelecomFramework: AccountEntry: Registered phoneAccount: [[ ] PhoneAccount: ComponentInfo{com.android.phone/com.android.services.telephony.TelephonyConnectionService}, [e2f7d48dd2b5ca523e7313cf4ba0f6ea830b6281], UserHandle{0} Capabilities: CallProvider MultiUser PlaceEmerg SimSub  Audio Routes: BESW Schemes: tel voicemail  Extras: Bundle[{android.telecom.extra.SUPPORTS_VIDEO_CALLING_FALLBACK=true}] GroupId: [da39a3ee5e6b4b0d3255bfef95601890afd80709]] with handle: ComponentInfo{com.android.phone/com.android.services.telephony.TelephonyConnectionService}, [e2f7d48dd2b5ca523e7313cf4ba0f6ea830b6281], UserHandle{0}
01-17 07:28:53.487  1987  1987 I TelecomFramework: PstnIncomingCallNotifier: Registering: Handler (com.android.internal.telephony.GsmCdmaPhone) {1291aa8}
01-17 07:28:53.494  1987  1987 I TelecomFramework: PstnIncomingCallNotifier: Unregistering: Handler (com.android.internal.telephony.GsmCdmaPhone) {1291aa8}
01-17 07:28:53.505  1699  2026 I Telecom : PhoneAccountRegistrar: Modify account: [ComponentInfo{com.android.phone/com.android.services.telephony.TelephonyConnectionService}, [e2f7d48dd2b5ca523e7313cf4ba0f6ea830b6281], UserHandle{0}]: TSI.rPA@ACI
01-17 07:28:53.506  1987  1987 I TelecomFramework: AccountEntry: Registered phoneAccount: [[ ] PhoneAccount: ComponentInfo{com.android.phone/com.android.services.telephony.TelephonyConnectionService}, [e2f7d48dd2b5ca523e7313cf4ba0f6ea830b6281], UserHandle{0} Capabilities: CallProvider MultiUser PlaceEmerg SimSub  Audio Routes: BESW Schemes: tel voicemail  Extras: Bundle[{android.telecom.extra.SUPPORTS_VIDEO_CALLING_FALLBACK=true}] GroupId: [da39a3ee5e6b4b0d3255bfef95601890afd80709]] with handle: ComponentInfo{com.android.phone/com.android.services.telephony.TelephonyConnectionService}, [e2f7d48dd2b5ca523e7313cf4ba0f6ea830b6281], UserHandle{0}
01-17 07:28:53.506  1987  1987 I TelecomFramework: PstnIncomingCallNotifier: Registering: Handler (com.android.internal.telephony.GsmCdmaPhone) {1291aa8}
01-17 07:28:53.562  1987  1987 I TelecomFramework: PstnPhoneCapabilitiesNotifier: handleVideoCapabilitesChanged. Video capability - false
01-17 07:28:53.646  1699  2033 I ActivityManager: Start proc 2972:com.google.android.partnersetup/u0a18 for content provider com.google.android.partnersetup/.RlzAppProvider
01-17 07:28:53.738  1699  2439 D ConnectivityService: registerNetworkAgent NetworkAgentInfo{ ni{[type: MOBILE[LTE], state: CONNECTED/CONNECTED, reason: connected, extra: epc.tmobile.com, failover: false, available: true, roaming: false]}  network{100}  nethandle{429513165534}  lp{{InterfaceName: radio0 LinkAddresses: [192.168.200.2/24,]  Routes: [0.0.0.0/0 -> 192.168.200.1 radio0,192.168.200.0/24 -> 0.0.0.0 radio0,] DnsAddresses: [10.0.2.3,] Domains: null MTU: 1500 TcpBufferSizes: 524288,1048576,2097152,262144,524288,1048576}}  nc{[ Transports: CELLULAR Capabilities: MMS&SUPL&DUN&FOTA&IMS&CBS&IA&INTERNET&NOT_RESTRICTED&TRUSTED&NOT_VPN LinkUpBandwidth>=51200Kbps LinkDnBandwidth>=102400Kbps Specifier: <1>]}  Score{10}  everValidated{false}  lastValidated{false}  created{false} lingering{false} explicitlySelected{false} acceptUnvalidated{false} everCaptivePortalDetected{false} lastCaptivePortalDetected{false} clat{null} }
01-17 07:28:53.739  1699  1808 D ConnectivityService: NetworkAgentInfo [MOBILE (LTE) - 100] EVENT_NETWORK_INFO_CHANGED, going from null to CONNECTED
01-17 07:28:53.741  1699  1808 D ConnectivityService: Adding iface radio0 to network 100
01-17 07:28:53.774  1987  1987 I TelecomFramework: PstnPhoneCapabilitiesNotifier: handleVideoCapabilitesChanged. Video capability - false
01-17 07:28:53.774  1987  1987 I TelecomFramework: PstnPhoneCapabilitiesNotifier: handleVideoCapabilitesChanged. Video capability - false
01-17 07:28:53.777  1699  2439 D PackageManager: Ephemeral installer not found with new action; try old one
01-17 07:28:53.778  1699  2439 D PackageManager: Clear ephemeral installer activity
01-17 07:28:53.786  1699  2439 D PackageManager: Ephemeral installer not found with new action; try old one
01-17 07:28:53.786  1699  2439 D PackageManager: Clear ephemeral installer activity
01-17 07:28:53.796  1699  1808 D ConnectivityService: Setting DNS servers for network 100 to [/10.0.2.3]
01-17 07:28:53.828  1699  2439 I Telecom : PhoneAccountRegistrar: Modify account: [ComponentInfo{com.android.phone/com.android.services.telephony.TelephonyConnectionService}, [e2f7d48dd2b5ca523e7313cf4ba0f6ea830b6281], UserHandle{0}]: TSI.rPA@ACc
01-17 07:28:53.888  1699  1808 D ConnectivityService: Switching to new default network: NetworkAgentInfo{ ni{[type: MOBILE[LTE], state: CONNECTED/CONNECTED, reason: connected, extra: epc.tmobile.com, failover: false, available: true, roaming: false]}  network{100}  nethandle{429513165534}  lp{{InterfaceName: radio0 LinkAddresses: [192.168.200.2/24,]  Routes: [0.0.0.0/0 -> 192.168.200.1 radio0,192.168.200.0/24 -> 0.0.0.0 radio0,] DnsAddresses: [10.0.2.3,] Domains: null MTU: 1500 TcpBufferSizes: 524288,1048576,2097152,262144,524288,1048576}}  nc{[ Transports: CELLULAR Capabilities: MMS&SUPL&DUN&FOTA&IMS&CBS&IA&INTERNET&NOT_RESTRICTED&TRUSTED&NOT_VPN&FOREGROUND LinkUpBandwidth>=51200Kbps LinkDnBandwidth>=102400Kbps Specifier: <1>]}  Score{10}  everValidated{false}  lastValidated{false}  created{true} lingering{false} explicitlySelected{false} acceptUnvalidated{false} everCaptivePortalDetected{false} lastCaptivePortalDetected{false} clat{null} }
01-17 07:28:53.899  1699  1808 D ConnectivityService: Sending CONNECTED broadcast for type 0 NetworkAgentInfo [MOBILE (LTE) - 100] isDefaultNetwork=true
01-17 07:28:54.004  1699  2439 D PackageManager: Ephemeral installer not found with new action; try old one
01-17 07:28:54.004  1699  2439 D PackageManager: Clear ephemeral installer activity
01-17 07:28:54.005  1699  2439 D PackageManager: Ephemeral installer not found with new action; try old one
01-17 07:28:54.005  1699  2439 D PackageManager: Clear ephemeral installer activity
01-17 07:28:54.005  1699  2439 D PackageManager: Ephemeral installer not found with new action; try old one
01-17 07:28:54.005  1699  2439 D PackageManager: Clear ephemeral installer activity
01-17 07:28:54.082  1699  1808 D ConnectivityService: NetworkAgentInfo [MOBILE (LTE) - 100] validation passed
01-17 07:28:54.110  1699  1801 I NetworkPolicy: No policy for subscriber 310260...; generating default policy
01-17 07:28:54.160  1699  1896 D PackageManager: Ephemeral installer not found with new action; try old one
01-17 07:28:54.161  1699  1896 D PackageManager: Clear ephemeral installer activity
01-17 07:28:54.163  1699  1896 D PackageManager: Ephemeral installer not found with new action; try old one
01-17 07:28:54.163  1699  1896 D PackageManager: Clear ephemeral installer activity
01-17 07:28:54.164  1699  1896 D PackageManager: Ephemeral installer not found with new action; try old one
01-17 07:28:54.164  1699  1896 D PackageManager: Clear ephemeral installer activity
01-17 07:28:54.166  1699  1896 D PackageManager: Ephemeral installer not found with new action; try old one
01-17 07:28:54.166  1699  1896 D PackageManager: Clear ephemeral installer activity
01-17 07:28:54.223  1699  1801 D NetworkStats: Resolving plan for NetworkTemplate: matchRule=MOBILE_ALL, subscriberId=310260..., matchSubscriberIds=[310260...]
01-17 07:28:54.231  1699  1699 I Telecom : PhoneAccountRegistrar: SimCallManager queried, returning: null: TSI.gSCMFU@ACg
01-17 07:28:54.286  1699  1801 D NetworkStats: Found active matching subId 1
01-17 07:28:54.327  1699  1801 D NetworkStats: Resolved to plan null
01-17 07:28:54.382  1699  2026 I ActivityManager: Start proc 3062:com.android.chrome:webview_service/u0a51 for service com.android.chrome/org.chromium.android_webview.services.VariationsSeedServer
01-17 07:28:54.391  1699  1801 D NetworkStats: Resolving plan for NetworkTemplate: matchRule=MOBILE_ALL, subscriberId=310260..., matchSubscriberIds=[310260...]
01-17 07:28:54.435  1699  1801 D NetworkStats: Found active matching subId 1
01-17 07:28:54.443  1699  1801 D NetworkStats: Resolved to plan null
01-17 07:28:54.451  1699  1723 W Looper  : Dispatch took 338ms on android.ui, h=Handler (com.android.server.am.ActivityManagerService$UiHandler) {9efc3d1} cb=null msg=53
01-17 07:28:54.593  2880  2880 W KeyphraseEnrollmentInfo: No enrollment application supports the given keyphrase/locale: 'Ok Google'/en_US
01-17 07:28:54.771  1699  2802 D PackageManager: Ephemeral installer not found with new action; try old one
01-17 07:28:54.772  1699  2802 D PackageManager: Clear ephemeral installer activity
01-17 07:28:54.772  1699  2033 D PackageManager: Ephemeral installer not found with new action; try old one
01-17 07:28:54.772  1699  2033 D PackageManager: Clear ephemeral installer activity
01-17 07:28:54.773  1699  2033 D PackageManager: Ephemeral installer not found with new action; try old one
01-17 07:28:54.773  1699  2033 D PackageManager: Clear ephemeral installer activity
01-17 07:28:54.774  1699  2438 D PackageManager: Ephemeral installer not found with new action; try old one
01-17 07:28:54.774  1699  2438 D PackageManager: Clear ephemeral installer activity
01-17 07:28:54.774  1699  2033 D PackageManager: Ephemeral installer not found with new action; try old one
01-17 07:28:54.774  1699  2033 D PackageManager: Clear ephemeral installer activity
01-17 07:28:54.776  1699  2439 D PackageManager: Ephemeral installer not found with new action; try old one
01-17 07:28:54.776  1699  2439 D PackageManager: Clear ephemeral installer activity
01-17 07:28:54.872  1699  1713 D PackageManager: Ephemeral installer not found with new action; try old one
01-17 07:28:54.873  1699  1713 D PackageManager: Clear ephemeral installer activity
01-17 07:28:54.873  1699  1713 D PackageManager: Ephemeral installer not found with new action; try old one
01-17 07:28:54.873  1699  1713 D PackageManager: Clear ephemeral installer activity
01-17 07:28:55.077  1699  2033 W BroadcastQueue: Background execution not allowed: receiving Intent { act=android.intent.action.USER_PRESENT flg=0x24200010 } to com.google.android.gms/.chimera.GmsIntentOperationService$PersistentTrustedReceiver
01-17 07:28:55.083  1699  1722 W BroadcastQueue: Background execution not allowed: receiving Intent { act=com.google.android.chimera.MODULE_CONFIGURATION_CHANGED flg=0x10 (has extras) } to com.google.android.gms/.chimera.GmsIntentOperationService$PersistentInternalReceiver
01-17 07:28:55.186  1699  2033 D PackageManager: Ephemeral installer not found with new action; try old one
01-17 07:28:55.186  1699  2033 D PackageManager: Clear ephemeral installer activity
01-17 07:28:55.188  1699  2033 D PackageManager: Ephemeral installer not found with new action; try old one
01-17 07:28:55.188  1699  2033 D PackageManager: Clear ephemeral installer activity
01-17 07:28:55.215  1699  2033 D PackageManager: Ephemeral installer not found with new action; try old one
01-17 07:28:55.215  1699  2033 D PackageManager: Clear ephemeral installer activity
01-17 07:28:55.216  1699  2802 D PackageManager: Ephemeral installer not found with new action; try old one
01-17 07:28:55.216  1699  2802 D PackageManager: Clear ephemeral installer activity
01-17 07:28:55.219  1699  2439 D PackageManager: Ephemeral installer not found with new action; try old one
01-17 07:28:55.219  1699  2439 D PackageManager: Clear ephemeral installer activity
01-17 07:28:55.220  1699  2439 D PackageManager: Ephemeral installer not found with new action; try old one
01-17 07:28:55.221  1699  2439 D PackageManager: Clear ephemeral installer activity
01-17 07:28:55.222  1699  2439 D PackageManager: Ephemeral installer not found with new action; try old one
01-17 07:28:55.222  1699  2439 D PackageManager: Clear ephemeral installer activity
01-17 07:28:55.223  1699  2027 D PackageManager: Ephemeral installer not found with new action; try old one
01-17 07:28:55.223  1699  2027 D PackageManager: Clear ephemeral installer activity
01-17 07:28:55.236  1699  2439 D PackageManager: Ephemeral installer not found with new action; try old one
01-17 07:28:55.236  1699  2439 D PackageManager: Clear ephemeral installer activity
01-17 07:28:55.236  1699  2439 D PackageManager: Ephemeral installer not found with new action; try old one
01-17 07:28:55.236  1699  2439 D PackageManager: Clear ephemeral installer activity
01-17 07:28:55.239  1699  2033 D PackageManager: Ephemeral installer not found with new action; try old one
01-17 07:28:55.239  1699  2033 D PackageManager: Clear ephemeral installer activity
01-17 07:28:55.239  1699  2439 D PackageManager: Ephemeral installer not found with new action; try old one
01-17 07:28:55.239  1699  2439 D PackageManager: Clear ephemeral installer activity
01-17 07:28:55.240  1699  2033 D PackageManager: Ephemeral installer not found with new action; try old one
01-17 07:28:55.241  1699  2033 D PackageManager: Clear ephemeral installer activity
01-17 07:28:55.248  1699  2033 D PackageManager: Ephemeral installer not found with new action; try old one
01-17 07:28:55.248  1699  2033 D PackageManager: Clear ephemeral installer activity
01-17 07:28:55.298  1699  2438 W ActivityManager: Slow operation: 83ms so far, now at startProcess: returned from zygote!
01-17 07:28:55.298  1699  2438 W ActivityManager: Slow operation: 83ms so far, now at startProcess: done updating battery stats
01-17 07:28:55.298  1699  2438 W ActivityManager: Slow operation: 83ms so far, now at startProcess: building log message
01-17 07:28:55.298  1699  2438 I ActivityManager: Start proc 3140:com.google.android.calendar/u0a42 for service com.google.android.calendar/.alerts.TasksListenerService
01-17 07:28:55.298  1699  2438 W ActivityManager: Slow operation: 83ms so far, now at startProcess: starting to update pids map
01-17 07:28:55.298  1699  2438 W ActivityManager: Slow operation: 84ms so far, now at startProcess: done updating pids map
01-17 07:28:55.299  1699  2438 W ActivityManager: Slow operation: 84ms so far, now at startProcess: done starting proc!
01-17 07:28:55.468  1699  2027 W ActivityManager: Unable to start service Intent { act=com.google.android.gms.auth.key.retrieval.service.START pkg=com.google.android.gms } U=0: not found
01-17 07:28:55.495  1699  1896 W ActivityManager: Unbind failed: could not find connection for android.os.BinderProxy@989f8f2
01-17 07:28:55.674  1699  2033 I ActivityManager: Start proc 3174:android.process.media/u0a11 for content provider com.android.providers.downloads/.DownloadProvider
01-17 07:28:55.774  1699  1896 I ActivityManager: Start proc 3197:com.android.providers.calendar/u0a3 for content provider com.android.providers.calendar/.CalendarProvider2
01-17 07:28:55.999  1699  1808 D ConnectivityService: Got NetworkFactory Messenger for WIFI
01-17 07:28:55.999  1699  1808 D ConnectivityService: Got NetworkFactory Messenger for WIFI_UT
01-17 07:28:56.157  1699  2441 I ActivityManager: Start proc 3244:com.google.android.dialer/u0a21 for broadcast com.google.android.dialer/com.android.dialer.app.voicemail.LegacyVoicemailNotificationReceiver
01-17 07:28:56.547  1699  2438 I ActivityManager: Start proc 3291:android.process.acore/u0a1 for content provider com.android.providers.blockednumber/.BlockedNumberProvider
01-17 07:28:58.785  1699  2441 W ActivityManager: Slow operation: 63ms so far, now at startProcess: returned from zygote!
01-17 07:28:58.785  1699  2441 W ActivityManager: Slow operation: 63ms so far, now at startProcess: done updating battery stats
01-17 07:28:58.785  1699  2441 W ActivityManager: Slow operation: 63ms so far, now at startProcess: building log message
01-17 07:28:58.785  1699  2441 I ActivityManager: Start proc 3379:com.google.process.gapps/u0a50 for content provider com.google.android.syncadapters.contacts/.ProxyGalProvider
01-17 07:28:58.785  1699  2441 W ActivityManager: Slow operation: 63ms so far, now at startProcess: starting to update pids map
01-17 07:28:58.785  1699  2441 W ActivityManager: Slow operation: 63ms so far, now at startProcess: done updating pids map
01-17 07:28:58.785  1699  2441 W ActivityManager: Slow operation: 63ms so far, now at startProcess: done starting proc!
01-17 07:28:58.785  1699  2441 W ActivityManager: Slow operation: 65ms so far, now at getContentProviderImpl: after start process
01-17 07:28:58.785  1699  2441 W ActivityManager: Slow operation: 65ms so far, now at getContentProviderImpl: updating data structures
01-17 07:28:58.785  1699  2441 W ActivityManager: Slow operation: 65ms so far, now at getContentProviderImpl: done!
01-17 07:28:59.053  1699  2439 I ActivityManager: Start proc 3408:com.google.android.gm/u0a73 for content provider com.google.android.gm/com.android.exchange.provider.ExchangeDirectoryProvider
01-17 07:28:59.064  1699  2462 D PackageManager: Ephemeral installer not found with new action; try old one
01-17 07:28:59.064  1699  2462 D PackageManager: Clear ephemeral installer activity
01-17 07:28:59.099  1578  1578 W wificond: Scan is not started. Ignore abort request
01-17 07:28:59.139  1699  1886 W ActivityManager: Slow operation: 78ms so far, now at attachApplicationLocked: immediately after bindApplication
01-17 07:28:59.139  1699  1886 W ActivityManager: Slow operation: 78ms so far, now at attachApplicationLocked: after updateLruProcessLocked
01-17 07:28:59.140  1699  1886 W ActivityManager: Slow operation: 79ms so far, now at attachApplicationLocked: after mServices.attachApplicationLocked
01-17 07:28:59.140  1699  1886 W ActivityManager: Slow operation: 79ms so far, now at attachApplicationLocked: after updateOomAdjLocked
01-17 07:28:59.234  1699  1804 D ConnectivityService: registerNetworkAgent NetworkAgentInfo{ ni{[type: WIFI[], state: CONNECTING/CONNECTING, reason: (unspecified), extra: "AndroidWifi", failover: false, available: true, roaming: false]}  network{101}  nethandle{433808132830}  lp{{LinkAddresses: []  Routes: [] DnsAddresses: [] Domains: null MTU: 0}}  nc{[ Transports: WIFI Capabilities: NOT_METERED&INTERNET&NOT_RESTRICTED&TRUSTED&NOT_VPN LinkUpBandwidth>=1048576Kbps LinkDnBandwidth>=1048576Kbps]}  Score{20}  everValidated{false}  lastValidated{false}  created{false} lingering{false} explicitlySelected{false} acceptUnvalidated{false} everCaptivePortalDetected{false} lastCaptivePortalDetected{false} clat{null} }
01-17 07:28:59.237  1699  1808 D ConnectivityService: NetworkAgentInfo [WIFI () - 101] EVENT_NETWORK_INFO_CHANGED, going from null to CONNECTING
01-17 07:28:59.330  3408  3440 D ActivityThread: Loading provider com.google.android.gmail.provider;com.android.mail.notifier;com.google.android.gm.email.provider;com.google.android.gm.tasks.provider;com.google.android.gm.email.notifier: com.android.email.provider.EmailProvider
01-17 07:28:59.398  1699  1896 I ActivityManager: Start proc 3446:com.android.managedprovisioning/u0a22 for broadcast com.android.managedprovisioning/.ota.PreBootListener
01-17 07:28:59.590  1699  2026 I PreBootBroadcaster: Pre-boot of {com.android.providers.calendar/com.android.providers.calendar.CalendarUpgradeReceiver} for user 0
01-17 07:28:59.660  1699  1808 D ConnectivityService: NetworkAgentInfo [WIFI () - 101] EVENT_NETWORK_INFO_CHANGED, going from CONNECTING to CONNECTED
01-17 07:28:59.694  1699  1808 D ConnectivityService: Adding iface wlan0 to network 101
01-17 07:28:59.719  1699  1808 D ConnectivityService: Setting DNS servers for network 101 to [/10.0.2.3]
01-17 07:28:59.750  1699  2802 D PackageManager: Ephemeral installer not found with new action; try old one
01-17 07:28:59.750  1699  2802 D PackageManager: Clear ephemeral installer activity
01-17 07:28:59.841  1699  1801 D NetworkStats: Resolving plan for NetworkTemplate: matchRule=MOBILE_ALL, subscriberId=310260..., matchSubscriberIds=[310260...]
01-17 07:28:59.854  1699  1801 D NetworkStats: Found active matching subId 1
01-17 07:28:59.879  1699  1801 D NetworkStats: Resolved to plan null
01-17 07:28:59.890  1699  2462 D PackageManager: Ephemeral installer not found with new action; try old one
01-17 07:28:59.890  1699  2462 D PackageManager: Clear ephemeral installer activity
01-17 07:28:59.898  1699  2462 D PackageManager: Ephemeral installer not found with new action; try old one
01-17 07:28:59.898  1699  2462 D PackageManager: Clear ephemeral installer activity
01-17 07:28:59.906  1699  1801 D NetworkStats: Resolving plan for NetworkTemplate: matchRule=MOBILE_ALL, subscriberId=310260..., matchSubscriberIds=[310260...]
01-17 07:28:59.924  1699  1801 D NetworkStats: Found active matching subId 1
01-17 07:28:59.956  1699  1896 D VoldConnector: SND -> {37 volume mkdirs /storage/emulated/0/Android/data/com.google.android.googlequicksearchbox/files/pending_blobs/}
01-17 07:28:59.956  1699  1793 D VoldConnector: RCV <- {200 37 Command succeeded}
--------- beginning of main
01-17 07:28:59.964  2572  2593 I zygote  : After code cache collection, code=26KB, data=22KB
01-17 07:28:59.964  2572  2593 I zygote  : Increasing code cache capacity to 128KB
01-17 07:28:59.965  1699  3486 D NetworkMonitor/NetworkAgentInfo [WIFI () - 101]: PROBE_HTTPS https://www.google.com/generate_204 time=60ms ret=204 request={User-Agent=[Mozilla/5.0 (X11; Linux x86_64) AppleWebKit/537.36 (KHTML, like Gecko) Chrome/60.0.3112.32 Safari/537.36]} headers={null=[HTTP/1.1 204 No Content], Alt-Svc=[h3=":443"; ma=2592000,h3-29=":443"; ma=2592000,h3-Q050=":443"; ma=2592000,h3-Q046=":443"; ma=2592000,h3-Q043=":443"; ma=2592000,quic=":443"; ma=2592000; v="46,43"], Content-Length=[0], Date=[Mon, 17 Jan 2022 07:29:08 GMT], X-Android-Received-Millis=[1642404539964], X-Android-Response-Source=[NETWORK 204], X-Android-Selected-Protocol=[http/1.1], X-Android-Sent-Millis=[1642404539954]}
01-17 07:28:59.965  1699  1808 D ConnectivityService: NetworkAgentInfo [WIFI () - 101] validation passed
01-17 07:28:59.967  2252  2752 I Auth    : [SupervisedAccountIntentOperation] onHandleIntent(): com.google.android.chimera.IntentOperation.NEW_MODULE
01-17 07:28:59.968  1699  1808 D ConnectivityService: Switching to new default network: NetworkAgentInfo{ ni{[type: WIFI[], state: CONNECTED/CONNECTED, reason: (unspecified), extra: "AndroidWifi", failover: false, available: true, roaming: false]}  network{101}  nethandle{433808132830}  lp{{InterfaceName: wlan0 LinkAddresses: [fe80::ff:fe44:5566/64,192.168.232.2/21,]  Routes: [fe80::/64 -> :: wlan0,192.168.232.0/21 -> 0.0.0.0 wlan0,0.0.0.0/0 -> 192.168.232.1 wlan0,] DnsAddresses: [10.0.2.3,] Domains: null MTU: 0 TcpBufferSizes: 524288,1048576,2097152,262144,524288,1048576}}  nc{[ Transports: WIFI Capabilities: NOT_METERED&INTERNET&NOT_RESTRICTED&TRUSTED&NOT_VPN&VALIDATED&FOREGROUND LinkUpBandwidth>=1048576Kbps LinkDnBandwidth>=1048576Kbps SignalStrength: -50]}  Score{57}  everValidated{true}  lastValidated{true}  created{true} lingering{false} explicitlySelected{false} acceptUnvalidated{false} everCaptivePortalDetected{false} lastCaptivePortalDetected{false} clat{null} }
01-17 07:28:59.974  1699  1725 I WifiService: requestActivityInfo uid=1000
01-17 07:28:59.974  1699  1725 I WifiService: reportActivityInfo uid=1000
01-17 07:28:59.974  1699  1725 I WifiService: getSupportedFeatures uid=1000
01-17 07:28:59.976  2876  2876 I dex2oat : Explicit concurrent copying GC freed 1210(335KB) AllocSpace objects, 0(0B) LOS objects, 93% free, 104KB/1640KB, paused 889us total 6.778ms
01-17 07:28:59.988  2876  2876 I dex2oat : Explicit concurrent copying GC freed 103(87KB) AllocSpace objects, 0(0B) LOS objects, 93% free, 105KB/1641KB, paused 625us total 2.803ms
01-17 07:28:59.991  1699  1978 D NetworkTimeUpdateService: New default network 101; checking time.
01-17 07:28:59.998  2876  2876 I dex2oat : Explicit concurrent copying GC freed 341(153KB) AllocSpace objects, 0(0B) LOS objects, 93% free, 105KB/1641KB, paused 716us total 3.265ms
01-17 07:29:00.003  1699  1801 D NetworkStats: Resolved to plan null
01-17 07:29:00.060  1699  2763 D PackageManager: Ephemeral installer not found with new action; try old one
01-17 07:29:00.060  1699  2763 D PackageManager: Clear ephemeral installer activity
01-17 07:29:00.069  1699  2439 W zygote  : Long monitor contention with owner Binder:1699_F (2763) at android.content.ComponentName com.android.server.am.ActivityManagerService.startService(android.app.IApplicationThread, android.content.Intent, java.lang.String, boolean, java.lang.String, int)(ActivityManagerService.java:18272) waiters=2 in int com.android.server.am.ActivityManagerService.bindService(android.app.IApplicationThread, android.os.IBinder, android.content.Intent, java.lang.String, android.app.IServiceConnection, int, java.lang.String, int) for 107ms
01-17 07:29:00.088  1699  3499 W zygote  : Long monitor contention with owner Binder:1699_F (2763) at android.content.ComponentName com.android.server.am.ActivityManagerService.startService(android.app.IApplicationThread, android.content.Intent, java.lang.String, boolean, java.lang.String, int)(ActivityManagerService.java:18272) waiters=7 in boolean com.android.server.am.ActivityManagerService.refContentProvider(android.os.IBinder, int, int) for 113ms
01-17 07:29:00.088  1699  1727 W zygote  : Long monitor contention with owner Binder:1699_F (2763) at android.content.ComponentName com.android.server.am.ActivityManagerService.startService(android.app.IApplicationThread, android.content.Intent, java.lang.String, boolean, java.lang.String, int)(ActivityManagerService.java:18272) waiters=6 in int com.android.server.am.ActivityManagerService.broadcastIntent(android.app.IApplicationThread, android.content.Intent, java.lang.String, android.content.IIntentReceiver, int, java.lang.String, android.os.Bundle, java.lang.String[], int, android.os.Bundle, boolean, boolean, int) for 113ms
01-17 07:29:00.089  1699  1808 D ConnectivityService: Lingering NetworkAgentInfo [MOBILE (LTE) - 100] for 30000ms
01-17 07:29:00.091  2876  2876 I dex2oat : dex2oat took 7.090s (4.615s cpu) (threads: 4) arena alloc=1400KB (1434576B) java alloc=105KB (108112B) native alloc=2MB (2667472B) free=4MB (4672560B)
01-17 07:29:00.094  1699  1808 D ConnectivityService: Sending DISCONNECTED broadcast for type 0 NetworkAgentInfo [MOBILE (LTE) - 100] isDefaultNetwork=true
01-17 07:29:00.097  1699  1808 D ConnectivityService: Sending CONNECTED broadcast for type 1 NetworkAgentInfo [WIFI () - 101] isDefaultNetwork=true
01-17 07:29:00.185  1570  1778 D installd: Applied hard quotas for 10079
01-17 07:29:00.186  1699  1738 D PackageManager: Ephemeral installer not found with new action; try old one
01-17 07:29:00.186  1699  1738 D PackageManager: Clear ephemeral installer activity
01-17 07:29:00.188  1699  1738 V BackupManagerService: restoreAtInstall pkg=edu.uw.hello token=1 restoreSet=0
01-17 07:29:00.188  1699  1738 V BackupManagerService: Finishing install immediately
01-17 07:29:00.193  1699  1801 I WifiService: getConnectionInfo uid=1000
01-17 07:29:00.197  1699  1801 D RecurrenceRule: Resolving using anchor 2022-01-16T23:29:00.197-08:00[America/Los_Angeles]
01-17 07:29:00.198  2880  2880 I GsaVoiceInteractionSrv: Not calling getSupportedRecognitionModes. Availability: -2
01-17 07:29:00.198  1699  1801 D RecurrenceRule: Resolving using anchor 2022-01-16T23:29:00.198-08:00[America/Los_Angeles]
01-17 07:29:00.198  2880  2880 I HwDetectorWithState: #performNextHotwordAction action: 3
01-17 07:29:00.198  1699  1801 D RecurrenceRule: Cycle 12 from 2022-01-16T00:00-08:00[America/Los_Angeles] to 2022-02-16T00:00-08:00[America/Los_Angeles]
01-17 07:29:00.198  1699  1801 D NetworkStats: Resolving plan for NetworkTemplate: matchRule=MOBILE_ALL, subscriberId=310260..., matchSubscriberIds=[310260...]
01-17 07:29:00.209  2252  2752 I Auth    : [SupervisedAccountIntentOperation] This operation is disabled
01-17 07:29:00.210  1699  1801 D NetworkStats: Found active matching subId 1
01-17 07:29:00.220  1699  1801 D NetworkStats: Resolved to plan null
01-17 07:29:00.231  1834  1836 I zygote  : Do partial code cache collection, code=124KB, data=67KB
01-17 07:29:00.232  1834  1836 I zygote  : After code cache collection, code=124KB, data=66KB
01-17 07:29:00.232  1834  1836 I zygote  : Increasing code cache capacity to 512KB
01-17 07:29:00.272  1699  2439 D PackageManager: Ephemeral installer not found with new action; try old one
01-17 07:29:00.273  1699  2439 D PackageManager: Clear ephemeral installer activity
01-17 07:29:00.274  1699  2462 D PackageManager: Ephemeral installer not found with new action; try old one
01-17 07:29:00.274  1699  2462 D PackageManager: Clear ephemeral installer activity
01-17 07:29:00.279  3408  3408 W GAV2    : Thread[main,5,main]: Need to call initialize() and be in fallback mode to start dispatch.
01-17 07:29:00.285  1699  2462 D PackageManager: Ephemeral installer not found with new action; try old one
01-17 07:29:00.285  1699  2462 D PackageManager: Clear ephemeral installer activity
01-17 07:29:00.286  1699  2464 D PackageManager: Ephemeral installer not found with new action; try old one
01-17 07:29:00.286  1699  2464 D PackageManager: Clear ephemeral installer activity
01-17 07:29:00.286  1699  2464 D PackageManager: Ephemeral installer not found with new action; try old one
01-17 07:29:00.286  1699  2464 D PackageManager: Clear ephemeral installer activity
01-17 07:29:00.287  1699  2464 D PackageManager: Ephemeral installer not found with new action; try old one
01-17 07:29:00.287  1699  2464 D PackageManager: Clear ephemeral installer activity
01-17 07:29:00.288  1699  2464 D PackageManager: Ephemeral installer not found with new action; try old one
01-17 07:29:00.288  1699  2464 D PackageManager: Clear ephemeral installer activity
01-17 07:29:00.288  1699  2464 D PackageManager: Ephemeral installer not found with new action; try old one
01-17 07:29:00.288  1699  2464 D PackageManager: Clear ephemeral installer activity
01-17 07:29:00.377  1699  1713 W zygote  : Long monitor contention with owner NetworkPolicy.uid (1802) at void com.android.server.net.NetworkPolicyManagerService.handleUidChanged(int, int, long)(NetworkPolicyManagerService.java:3995) waiters=0 in boolean com.android.server.net.NetworkPolicyManagerService.isUidNetworkingBlockedInternal(int, boolean) for 103ms
01-17 07:29:00.400  3291  3318 I ContactsDatabaseHelper: Locale change completed in 514ms
01-17 07:29:00.401  3291  3318 I ContactsDatabaseHelper: Switching to locale [en_US] (ICU v58.2)
01-17 07:29:00.404  1570  1778 E         : Couldn't opendir /data/app/vmdl607232841.tmp: No such file or directory
01-17 07:29:00.404  1570  1778 E installd: Failed to delete /data/app/vmdl607232841.tmp: No such file or directory
01-17 07:29:00.404  2252  3404 W zygote  : Long monitor contention with owner [com.google.android.gms.chimera.GmsIntentOperationService$ChimeraService-Executor] processing qlx for action android.intent.action.LOCKED_BOOT_COMPLETED (3405) at boolean android.app.ActivityThread.releaseProvider(android.content.IContentProvider, boolean)(ActivityThread.java:5957) waiters=0 in boolean android.app.ActivityThread.releaseProvider(android.content.IContentProvider, boolean) for 116ms
01-17 07:29:00.417  3174  3443 V MediaScanner: pruneDeadThumbnailFiles... android.content.ContentProviderClient$CursorWrapperInner@6dff463
