01-17 07:29:04.219  1699  1896 D PackageManager: Ephemeral installer not found with new action; try old one
01-17 07:29:04.219  1699  1896 D PackageManager: Clear ephemeral installer activity
01-17 07:29:04.219  1699  1896 D PackageManager: Ephemeral installer not found with new action; try old one
01-17 07:29:04.219  1699  1896 D PackageManager: Clear ephemeral installer activity
01-17 07:29:04.219  1699  1896 D PackageManager: Ephemeral installer not found with new action; try old one
01-17 07:29:04.219  1699  1896 D PackageManager: Clear ephemeral installer activity
01-17 07:29:04.220  1699  1896 D PackageManager: Ephemeral installer not found with new action; try old one
01-17 07:29:04.220  1699  1896 D PackageManager: Clear ephemeral installer activity
01-17 07:29:04.231  1853  3480 I PlacesLogger: [PlaceInferenceEngine]: [anon] Changed inference mode: 1 [CONTEXT service_id=253 ]
01-17 07:29:04.235  1853  3664 I Fitness : FitCleanupIntentOperation received Intent android.intent.action.PACKAGE_CHANGED [CONTEXT service_id=17 ]
01-17 07:29:04.235  1853  3650 I Fitness : OnPackageChangedOperation got intent: Intent { act=android.intent.action.PACKAGE_CHANGED dat=package:com.google.android.gms flg=0x45000010 cmp=com.google.android.gms/.chimera.PersistentIntentOperationService (has extras) } [CONTEXT service_id=17 ]
01-17 07:29:04.318  3665  3665 I Bugle   : ApnsOta: OTA version -1
01-17 07:29:04.322  3665  3716 I Bugle   : Upgrading shared prefs from -1 to 1
01-17 07:29:04.326  1853  3650 I Fitness : FitCleanupIntentOperation received Intent android.intent.action.PACKAGE_CHANGED [CONTEXT service_id=17 ]
01-17 07:29:04.334  1853  3664 I Fitness : OnPackageChangedOperation got intent: Intent { act=android.intent.action.PACKAGE_CHANGED dat=package:com.android.settings flg=0x45000010 cmp=com.google.android.gms/.chimera.PersistentIntentOperationService (has extras) } [CONTEXT service_id=17 ]
01-17 07:29:04.347  3665  3705 W Bugle   : Rebuilt databases: reseting related state
01-17 07:29:04.369  1853  1853 I BeaconBle: Client requested scan, settings=BleSettings [scanMode=ZERO_POWER, callbackType=ALL_MATCHES, reportDelayMillis=0, 1 filters, 0 clients, callingClientName=Places] [CONTEXT service_id=111 ]
01-17 07:29:04.373  3665  3716 I BugleBackup: Registering preference change listener for "buglesub_1".
01-17 07:29:04.385  1853  3480 I PlacesLogger: [PlaceInferenceEngine]: Too few candidate results: percentageOfMissingArea 100 [CONTEXT service_id=253 ]
01-17 07:29:04.388  3665  3716 E Bugle   : Get mms config failed: invalid subId. subId=1, real subId=1, map=android.support.v4.e.l@0
01-17 07:29:04.390  3665  3716 E Bugle   : Get mms config failed: invalid subId. subId=1, real subId=1, map=android.support.v4.e.l@0
01-17 07:29:04.425  1853  1853 I BeaconBle: Scan : No clients left, canceling alarm. [CONTEXT service_id=111 ]
01-17 07:29:04.425  1853  1853 E BeaconBle: Scan couldn't start for Places [CONTEXT service_id=111 ]
01-17 07:29:04.455  3665  3716 W Bugle   : canonicalizeMccMnc: invalid mccmnc:null ,null
01-17 07:29:04.468  1699  2464 D MmsServiceBroker: getCarrierConfigValues() by com.google.android.apps.messaging
01-17 07:29:04.468  1699  2464 W MmsServiceBroker: MmsService not connected. Try connecting...
01-17 07:29:04.469  1699  1699 I MmsServiceBroker: Connecting to MmsService
01-17 07:29:04.472  1699  1699 W ContextImpl: Calling a method in the system process without a qualified user: android.app.ContextImpl.bindService:1556 com.android.server.MmsServiceBroker.tryConnecting:241 com.android.server.MmsServiceBroker.-wrap3:0 com.android.server.MmsServiceBroker$1.handleMessage:83 android.os.Handler.dispatchMessage:106 
01-17 07:29:04.480  1987  1987 I zygote  : The ClassLoaderContext is a special shared library.
01-17 07:29:04.481  1853  3230 I LogUtils: [Places]: ?: Couldn't find platform key file. [CONTEXT service_id=253 ]
01-17 07:29:04.487  1853  2313 I LogUtils: [Places]: ?: Couldn't find platform key file. [CONTEXT service_id=253 ]
01-17 07:29:04.489  1987  1987 D MmsService: onCreate
01-17 07:29:04.497  1853  3139 W Conscrypt: Could not set socket write timeout: java.net.SocketException: Socket closed
01-17 07:29:04.498  1699  1831 E TaskPersister: File error accessing recents directory (directory doesn't exist?).
01-17 07:29:04.499  1853  3139 W Conscrypt: 	at com.google.android.gms.org.conscrypt.Platform.setSocketWriteTimeout(:com.google.android.gms@202414022@20.24.14 (040700-319035315):2)
01-17 07:29:04.499  1853  3139 W Conscrypt: 	at com.google.android.gms.org.conscrypt.ConscryptFileDescriptorSocket.setSoWriteTimeout(:com.google.android.gms@202414022@20.24.14 (040700-319035315):0)
01-17 07:29:04.513  1699  1699 I MmsServiceBroker: MmsService connected
01-17 07:29:04.513  1987  1987 I MmsService: MmsConfigManager receiver action: android.intent.action.SIM_STATE_CHANGED
01-17 07:29:04.514  1987  1987 I MmsService: MmsConfigManager receiver action: android.telephony.action.CARRIER_CONFIG_CHANGED
01-17 07:29:04.514  1987  3023 D MmsService: getCarrierConfigValues
01-17 07:29:04.514  1987  3023 I MmsService: mms config for sub 1: null
01-17 07:29:04.514  3665  3716 I Bugle   : Carrier configs loaded: Bundle[{smsToMmsTextThreshold=12, spamForwardingNumber=7726, maxImageHeight=1944, allowEnablingWapPushSI=false, maxMessageSize=1048576, maxImageWidth=2592, enableWapPushSI=true}] from resources+system for subId=1
01-17 07:29:04.515  3665  3665 D Bugle   : onServiceStateChanged: 3 to 0
01-17 07:29:04.520  1853  3650 I Fitness : FitCleanupIntentOperation received Intent android.intent.action.PACKAGE_CHANGED [CONTEXT service_id=17 ]
01-17 07:29:04.521  1699  1896 W BroadcastQueue: Permission Denial: broadcasting Intent { act=com.google.android.gsf.settings.GoogleLocationSettings.UPDATE_LOCATION_SETTINGS flg=0x10 } from com.google.android.sdksetup (pid=2559, uid=10020) is not exported from uid 10013 due to receiver com.google.android.gms/.chimera.GmsIntentOperationService$PersistentInternalReceiver
01-17 07:29:04.521  1699  1722 W BroadcastQueue: Background execution not allowed: receiving Intent { act=com.google.android.gsf.settings.GoogleLocationSettings.UPDATE_LOCATION_SETTINGS flg=0x10 } to com.google.android.gsf/.settings.GoogleLocationSettings$LocationSettingsChangedListener
01-17 07:29:04.522  1853  3664 I Fitness : OnPackageChangedOperation got intent: Intent { act=android.intent.action.PACKAGE_CHANGED dat=package:com.google.android.inputmethod.latin flg=0x45000010 cmp=com.google.android.gms/.chimera.PersistentIntentOperationService (has extras) } [CONTEXT service_id=17 ]
01-17 07:29:04.524  1987  3722 I MmsService: MmsConfigManager loads in background mcc/mnc: 310/260
01-17 07:29:04.527  1987  3723 I MmsService: MmsConfigManager loads in background mcc/mnc: 310/260
01-17 07:29:04.532  1987  3724 I MmsService: MmsConfigManager loads in background mcc/mnc: 310/260
01-17 07:29:04.546  1853  3139 W Conscrypt: Could not set socket write timeout: java.net.SocketException: Socket closed
01-17 07:29:04.546  1853  3139 W Conscrypt: 	at com.google.android.gms.org.conscrypt.Platform.setSocketWriteTimeout(:com.google.android.gms@202414022@20.24.14 (040700-319035315):2)
01-17 07:29:04.546  1853  3139 W Conscrypt: 	at com.google.android.gms.org.conscrypt.ConscryptFileDescriptorSocket.setSoWriteTimeout(:com.google.android.gms@202414022@20.24.14 (040700-319035315):0)
01-17 07:29:04.554  3665  3665 I Bugle   : Carrier config changed. Reloading MMS config.
01-17 07:29:04.555  3665  3665 I BugleRcs: updating RCS availability
01-17 07:29:04.559  1987  1987 I VvmSimStateTracker: android.intent.action.SIM_STATE_CHANGED
01-17 07:29:04.560  3174  3707 W StorageManager: fallocate() not supported; falling back to ftruncate()
01-17 07:29:04.570  1853  1853 W Places  : BLE failure while scanning - code 5
01-17 07:29:04.578  3665  3705 I BugleDataModel: Fixup: Send failed - 0 Download failed - 0
01-17 07:29:04.578  3665  3705 W BugleDataModel: Used 325ms for FixupMessageStatusOnStartupAction#executeAction
01-17 07:29:04.598  1853  3638 I Fitness : FitCleanupIntentOperation received Intent android.intent.action.PACKAGE_CHANGED [CONTEXT service_id=17 ]
01-17 07:29:04.603  3665  3726 W Bugle   : canonicalizeMccMnc: invalid mccmnc:null ,null
01-17 07:29:04.604  1699  1713 D MmsServiceBroker: getCarrierConfigValues() by com.google.android.apps.messaging
01-17 07:29:04.605  1987  3023 D MmsService: getCarrierConfigValues
01-17 07:29:04.605  1987  3023 I MmsService: mms config for sub 1: Bundle[{httpSocketTimeout=60000, aliasMinChars=2, smsToMmsTextThreshold=-1, enableSMSDeliveryReports=true, maxMessageTextSize=-1, supportMmsContentDisposition=true, enabledTransID=false, aliasEnabled=false, supportHttpCharsetHeader=false, allowAttachAudio=true, smsToMmsTextLengthThreshold=-1, recipientLimit=2147483647, uaProfTagName=x-wap-profile, aliasMaxChars=48, maxImageHeight=1944, enableMMSDeliveryReports=false, userAgent=, mmsCloseConnection=false, config_cellBroadcastAppLinks=true, maxSubjectLength=40, httpParams=, enableGroupMms=true, emailGatewayNumber=, maxMessageSize=1048576, naiSuffix=, enableMMSReadReports=false, maxImageWidth=2592, uaProfUrl=, enabledMMS=false, enabledNotifyWapMMSC=false, sendMultipartSmsAsSeparateMessages=false, enableMultipartSMS=true}]
01-17 07:29:04.605  3665  3726 I Bugle   : Carrier configs loaded: Bundle[{httpSocketTimeout=60000, aliasMinChars=2, smsToMmsTextThreshold=-1, enableSMSDeliveryReports=true, maxMessageTextSize=-1, supportMmsContentDisposition=true, enabledTransID=false, aliasEnabled=false, supportHttpCharsetHeader=false, allowAttachAudio=true, spamForwardingNumber=7726, smsToMmsTextLengthThreshold=-1, recipientLimit=2147483647, uaProfTagName=x-wap-profile, aliasMaxChars=48, maxImageHeight=1944, enableMMSDeliveryReports=false, userAgent=, mmsCloseConnection=false, config_cellBroadcastAppLinks=true, maxSubjectLength=40, httpParams=, enableGroupMms=true, allowEnablingWapPushSI=false, emailGatewayNumber=, maxMessageSize=1048576, naiSuffix=, enableMMSReadReports=false, maxImageWidth=2592, uaProfUrl=, enabledMMS=false, enabledNotifyWapMMSC=false, enableWapPushSI=true, sendMultipartSmsAsSeparateMessages=false, enableMultipartSMS=true}] from resources+system for subId=1
01-17 07:29:04.615  3665  3665 I CarrierServices: [2] a.connect: Binding to local JibeService
01-17 07:29:04.619  1853  3664 W GCM     : Unexpected forwarded intent: Intent { act=android.intent.action.PACKAGE_ADDED dat=package:edu.uw.hello flg=0x4000010 cmp=com.google.android.gms/.chimera.PersistentIntentOperationService (has extras) }
01-17 07:29:04.619  3665  3705 W BugleDataModel: tried to cancel job 100 that can't be found. already finished?
01-17 07:29:04.621  1853  3650 W GCM     : Unexpected forwarded intent: Intent { act=android.intent.action.PACKAGE_ADDED dat=package:edu.uw.hello flg=0x4000010 cmp=com.google.android.gms/.chimera.PersistentIntentOperationService (has extras) }
01-17 07:29:04.627  3665  3727 W Bugle   : canonicalizeMccMnc: invalid mccmnc:null ,null
01-17 07:29:04.643  1699  2763 D MmsServiceBroker: getCarrierConfigValues() by com.google.android.apps.messaging
01-17 07:29:04.643  1987  2762 D MmsService: getCarrierConfigValues
01-17 07:29:04.643  1987  2762 I MmsService: mms config for sub 1: Bundle[{httpSocketTimeout=60000, aliasMinChars=2, smsToMmsTextThreshold=-1, enableSMSDeliveryReports=true, maxMessageTextSize=-1, supportMmsContentDisposition=true, enabledTransID=false, aliasEnabled=false, supportHttpCharsetHeader=false, allowAttachAudio=true, smsToMmsTextLengthThreshold=-1, recipientLimit=2147483647, uaProfTagName=x-wap-profile, aliasMaxChars=48, maxImageHeight=1944, enableMMSDeliveryReports=false, userAgent=, mmsCloseConnection=false, config_cellBroadcastAppLinks=true, maxSubjectLength=40, httpParams=, enableGroupMms=true, emailGatewayNumber=, maxMessageSize=1048576, naiSuffix=, enableMMSReadReports=false, maxImageWidth=2592, uaProfUrl=, enabledMMS=false, enabledNotifyWapMMSC=false, sendMultipartSmsAsSeparateMessages=false, enableMultipartSMS=true}]
01-17 07:29:04.644  3665  3727 I Bugle   : Carrier configs loaded: Bundle[{httpSocketTimeout=60000, aliasMinChars=2, smsToMmsTextThreshold=-1, enableSMSDeliveryReports=true, maxMessageTextSize=-1, supportMmsContentDisposition=true, enabledTransID=false, aliasEnabled=false, supportHttpCharsetHeader=false, allowAttachAudio=true, spamForwardingNumber=7726, smsToMmsTextLengthThreshold=-1, recipientLimit=2147483647, uaProfTagName=x-wap-profile, aliasMaxChars=48, maxImageHeight=1944, enableMMSDeliveryReports=false, userAgent=, mmsCloseConnection=false, config_cellBroadcastAppLinks=true, maxSubjectLength=40, httpParams=, enableGroupMms=true, allowEnablingWapPushSI=false, emailGatewayNumber=, maxMessageSize=1048576, naiSuffix=, enableMMSReadReports=false, maxImageWidth=2592, uaProfUrl=, enabledMMS=false, enabledNotifyWapMMSC=false, enableWapPushSI=true, sendMultipartSmsAsSeparateMessages=false, enableMultipartSMS=true}] from resources+system for subId=1
01-17 07:29:04.657  1699  1707 I zygote  : Background concurrent copying GC freed 28563(2012KB) AllocSpace objects, 14(600KB) LOS objects, 39% free, 9MB/15MB, paused 896us total 128.543ms
01-17 07:29:04.673  3732  3732 W zygote  : Unexpected CPU variant for X86 using defaults: x86
01-17 07:29:04.682  1699  1896 I ActivityManager: Start proc 3732:com.google.android.apps.messaging:rcs/u0a70 for service com.google.android.apps.messaging/com.google.android.ims.service.JibeService
01-17 07:29:04.684  3665  3665 I CarrierServices: [2] a.connect: Binding to local JibeService
01-17 07:29:04.764  3732  3732 I zygote  : The ClassLoaderContext is a special shared library.
01-17 07:29:04.769  1699  1896 D PackageManager: Ephemeral installer not found with new action; try old one
01-17 07:29:04.769  1699  1896 D PackageManager: Clear ephemeral installer activity
01-17 07:29:04.777  3174  3707 W DownloadManager: [13] Stop requested with status HTTP_DATA_ERROR: Failed reading response: java.net.ProtocolException: unexpected end of stream
01-17 07:29:04.787  3174  3707 D DownloadManager: [13] Finished with status CANNOT_RESUME
01-17 07:29:04.797  3732  3732 I MultiDex: VM with version 2.1.0 has multidex support
01-17 07:29:04.797  3732  3732 I MultiDex: install
01-17 07:29:04.797  3732  3732 I MultiDex: VM has multidex support, MultiDex support library is disabled.
01-17 07:29:04.803  3665  3705 I BugleDataModel: ProcessPendingMessagesAction: process from ProcessPendingMessagesAction due to scheduled processing with 0 earliest sending messages, and 0 earliest downloading messages
01-17 07:29:04.803  3665  3705 W BugleDataModel: Used 224ms for ProcessPendingMessagesAction#executeAction
01-17 07:29:04.804  3665  3705 V Bugle   : Executing sticker action: com.google.android.apps.messaging.shared.datamodel.sticker.ProcessPendingStickerSyncAction
01-17 07:29:04.812  3665  3706 I BugleDataModel: SyncMessagesAction: Starting batch for messages from -1 to 1642404539417 (message update limit = 80, message scan limit = 4000)
01-17 07:29:04.815  3665  3705 V Bugle   : Executing sticker action: com.google.android.apps.messaging.shared.datamodel.sticker.SyncStickerSetListAction
01-17 07:29:04.839  1853  2313 I LogUtils: [Places]: ?: Couldn't find platform key file. [CONTEXT service_id=253 ]
01-17 07:29:04.881  1853  1861 I zygote  : Do partial code cache collection, code=505KB, data=312KB
01-17 07:29:04.904  1853  1861 I zygote  : After code cache collection, code=502KB, data=311KB
01-17 07:29:04.904  1853  1861 I zygote  : Increasing code cache capacity to 2MB
01-17 07:29:04.916  3732  3732 I CarrierServices: [2] a.a: Initializing Carrier Services Library.
01-17 07:29:04.942  3665  3703 I BugleRcs: RcsAvailability updated: RCS is disabled for this carrier by Google
01-17 07:29:04.944  3665  3665 I BugleRcs: Broadcast disable RCS for availability (2)
01-17 07:29:04.962  3732  3761 I Bugle   : GServicesValues:
01-17 07:29:04.962  3732  3761 I Bugle   : No bugle gservices keys/values
01-17 07:29:05.015  3732  3732 I CarrierServices: [2] a.c: Initializing Carrier Services Logging.
01-17 07:29:05.017  1853  2313 I zygote  : Deoptimizing int bjoh.a(java.util.Map, boolean, boolean) due to JIT inline cache
01-17 07:29:05.023  3732  3732 I com.google.android.ims.util.z: LogSaver new instance with filename: carrier_services
01-17 07:29:05.025  3665  3706 I ShortcutBadger: Checking if platform supports badge counters, attempt 1/3.
01-17 07:29:05.030  3732  3732 I CarrierServices: [2] zzbgb$zza.shouldUseCarrierServicesApkForV1Apis: Checking if using CarrierServices.apk is possible. Enabled: true, isAtLeastM: true, runningInsideBugle: true
01-17 07:29:05.031  3665  3706 I ShortcutBadger: Checking if platform supports badge counters, attempt 2/3.
01-17 07:29:05.038  3732  3732 W CarrierServices: [2] zzbgb$zza.C: Carrier Services Apk was not found.
01-17 07:29:05.038  3732  3732 W CarrierServices: [2] zzbgb$zza.a: CarrierServices.apk was not found, not pre-loaded or is disabled.
01-17 07:29:05.038  3732  3732 I CarrierServices: [2] t.c: Using AndroidNetworkFactory
01-17 07:29:05.041  3732  3732 I CarrierServices: [2] zzbgb$zza.shouldUseCarrierServicesApkForV1Apis: Checking if using CarrierServices.apk is possible. Enabled: true, isAtLeastM: true, runningInsideBugle: true
01-17 07:29:05.041  3732  3732 W CarrierServices: [2] zzbgb$zza.C: Carrier Services Apk was not found.
01-17 07:29:05.042  3732  3732 W CarrierServices: [2] zzbgb$zza.a: CarrierServices.apk was not found, not pre-loaded or is disabled.
01-17 07:29:05.052  2252  3371 I Wear_Controller: Wear requires a companion app to be installed.
01-17 07:29:05.053  2252  3371 I Wear_Controller: onStartup - Wear is not available on this device.
01-17 07:29:05.063  3665  3706 I ShortcutBadger: Checking if platform supports badge counters, attempt 3/3.
01-17 07:29:05.076  3665  3706 W ShortcutBadger: Badge counter seems not supported in this platform: unable to resolve intent: Intent { act=android.intent.action.BADGE_COUNT_UPDATE (has extras) }
01-17 07:29:05.080  3665  3706 I Bugle   : Downloading from https://www.gstatic.com/android/sms/sticker/sticker_sets_list-5.xml to /data/user/0/com.google.android.apps.messaging/files/sticker_sets_list-5.xml
01-17 07:29:05.082  3665  3706 D NetworkSecurityConfig: No Network Security Config specified, using platform default
01-17 07:29:05.122  2252  3121 I Icing   : IndexChimeraService.getServiceInterface callingPackage=com.google.android.apps.messaging componentName=null serviceId=36
01-17 07:29:05.142  3732  3732 V RcsProvisioning: No legacy config file found, migration not necessary
01-17 07:29:05.150  3732  3732 W RcsProvisioning: Failed to read configuration: /data/user/0/com.google.android.apps.messaging/files/rcsconfig (No such file or directory)
01-17 07:29:05.150  3732  3732 D RcsProvisioning: Retrieving backup token
01-17 07:29:05.182  1853  3139 I LogUtils: [Places]: ?: Couldn't find platform key file. [CONTEXT service_id=253 ]
01-17 07:29:05.256  1853  2307 I PlacesLogger: [PlaceInferenceEngine]: No beacon scan available - ignoring candidates. [CONTEXT service_id=253 ]
01-17 07:29:05.258  3732  3732 D RcsProvisioning: No backup token found
01-17 07:29:05.287  3732  3732 W CarrierServices: [2] zzbgb$zza.av: No config URL. RCS will be disabled!
01-17 07:29:05.327  3665  3705 I BugleDataModel: SyncMessagesAction: All messages now in sync
01-17 07:29:05.328  3665  3705 W BugleDataModel: Used 304ms for SyncMessagesAction#backgroundResponse
01-17 07:29:05.329  3665  3705 V Bugle   : Executing sticker action: com.google.android.apps.messaging.shared.datamodel.sticker.ProcessPendingStickerSyncAction
01-17 07:29:05.334  3732  3732 W DynamiteModule: Local module descriptor class for com.google.android.gms.googlecertificates not found.
01-17 07:29:05.349  1699  2763 D CountryDetector: The first listener is added
01-17 07:29:05.374  1853  2313 I LogUtils: [Places]: ?: Couldn't find platform key file. [CONTEXT service_id=253 ]
01-17 07:29:05.409  3665  3705 V Bugle   : Executing sticker action: com.google.android.apps.messaging.shared.datamodel.sticker.LoadStickerSetAction
01-17 07:29:05.463  3732  3732 I zygote  : The ClassLoaderContext is a special shared library.
01-17 07:29:05.464  3732  3732 I chatty  : uid=10070 com.google.android.apps.messaging:rcs identical 1 line
01-17 07:29:05.465  3732  3732 I zygote  : The ClassLoaderContext is a special shared library.
01-17 07:29:05.468  1853  1853 I GeofencerStateMachine: sendQueryLocationOptIn
01-17 07:29:05.482  1853  1869 I zygote  : Background concurrent copying GC freed 60037(3MB) AllocSpace objects, 4(176KB) LOS objects, 40% free, 8MB/14MB, paused 788us total 165.897ms
01-17 07:29:05.499  3732  3732 I DynamiteModule: Considering local module com.google.android.gms.googlecertificates:0 and remote module com.google.android.gms.googlecertificates:4
01-17 07:29:05.499  3732  3732 I DynamiteModule: Selected remote version of com.google.android.gms.googlecertificates, version >= 4
01-17 07:29:05.507  1853  1853 I GeofencerStateMachine: sendQueryLocationOptIn
01-17 07:29:05.531  3732  3732 W zygote  : Unsupported class loader
01-17 07:29:05.531  3732  3732 W zygote  : Skipping duplicate class check due to unsupported classloader
01-17 07:29:05.546  3732  3732 D GoogleCertificates: com.google.android.gms.googlecertificates module is loaded
01-17 07:29:05.555  1853  1853 I GeofencerStateMachine: sendQueryLocationOptIn
01-17 07:29:05.559  1853  2758 I LogUtils: [Places]: ?: Couldn't find platform key file. [CONTEXT service_id=253 ]
01-17 07:29:05.617  1853  2307 I LogUtils: [Places]: ?: Couldn't find platform key file. [CONTEXT service_id=253 ]
01-17 07:29:05.638  1853  1853 I GeofencerStateMachine: sendQueryLocationOptIn
01-17 07:29:05.711  1853  1853 I GeofencerStateMachine: sendQueryLocationOptIn
01-17 07:29:05.718  3732  3732 D CarrierServices: log_saver already enabled
01-17 07:29:05.737  1699  3509 I ActivityManager: Killing 2001:com.android.settings:CryptKeeper/1000 (adj 906): empty #17
01-17 07:29:05.739  1699  1724 W zygote  : kill(-2001, 9) failed: No such process
01-17 07:29:05.742  3732  3732 I CarrierServices: [2] e.onReceive: intent=Intent { act=android.net.conn.CONNECTIVITY_CHANGE flg=0x4000010 (has extras) }, isDeviceIdleMode=false
01-17 07:29:05.744  3732  3732 W CarrierServices: [2] zzbgb$zza.C: Carrier Services Apk was not found.
01-17 07:29:05.744  3732  3732 W CarrierServices: [2] zzbgb$zza.a: CarrierServices.apk was not found, not pre-loaded or is disabled.
01-17 07:29:05.747  1853  1853 I GeofencerStateMachine: sendQueryLocationOptIn
01-17 07:29:05.772  1853  1853 I GeofencerStateMachine: sendQueryLocationOptIn
01-17 07:29:05.782  1699  1724 W zygote  : kill(-2001, 9) failed: No such process
01-17 07:29:05.782  1699  1724 I zygote  : Successfully killed process cgroup uid 1000 pid 2001 in 42ms
01-17 07:29:05.799  1699  2770 D PackageManager: Ephemeral installer not found with new action; try old one
01-17 07:29:05.799  1699  2770 D PackageManager: Clear ephemeral installer activity
01-17 07:29:05.800  2816  2912 E PlaceStateUpdater: Received no places
01-17 07:29:05.805  3665  3665 V Bugle   : DefaultSmsPackageChangedReceiver.onReceive Intent { act=android.provider.action.DEFAULT_SMS_PACKAGE_CHANGED flg=0x10 cmp=com.google.android.apps.messaging/.shared.receiver.DefaultSmsPackageChangedReceiver (has extras) }
01-17 07:29:05.805  2252  2751 I Auth    : [SupervisedAccountIntentOperation] onHandleIntent(): android.intent.action.PACKAGE_ADDED
01-17 07:29:05.805  3665  3665 V Bugle   : DefaultSmsPackageChangedReceiver: forceFullSync
01-17 07:29:05.805  2252  2751 I Auth    : [SupervisedAccountIntentOperation] This operation is disabled
01-17 07:29:05.806  2252  3405 I ChromeSync: [Sync,SyncIntentOperation] Handling the intent: Intent { act=android.intent.action.PACKAGE_ADDED dat=package:edu.uw.hello flg=0x4000010 cmp=com.google.android.gms/.chimera.GmsIntentOperationService (has extras) }.
01-17 07:29:05.815  3665  3665 I BugleRcs: updating RCS availability
01-17 07:29:05.815  3665  3665 I CarrierServices: [2] a.connect: Binding to local JibeService
01-17 07:29:05.818  3665  3706 I BugleDataModel: SyncMessagesAction: Starting batch for messages from -1 to 1642404540809 (message update limit = 80, message scan limit = 4000)
01-17 07:29:05.821  1699  2464 W BroadcastQueue: Background execution not allowed: receiving Intent { act=android.intent.action.DROPBOX_ENTRY_ADDED flg=0x10 (has extras) } to com.google.android.gms/.stats.service.DropBoxEntryAddedReceiver
01-17 07:29:05.823  1699  1722 W BroadcastQueue: Background execution not allowed: receiving Intent { act=android.intent.action.DROPBOX_ENTRY_ADDED flg=0x10 (has extras) } to com.google.android.gms/.chimera.GmsIntentOperationService$PersistentTrustedReceiver
01-17 07:29:05.827  3632  3632 D CellBroadcastReceiver: onReceive Intent { act=android.telephony.action.CARRIER_CONFIG_CHANGED flg=0x5000010 cmp=com.android.cellbroadcastreceiver/.CellBroadcastReceiver (has extras) }
01-17 07:29:05.827  3632  3632 D CellBroadcastReceiver: Start Cell Broadcast configuration.
01-17 07:29:05.830  3632  3632 D CellBroadcastReceiver: Default interval 0 did not change.
01-17 07:29:05.836  1987  1987 D OtaspSimStateReceiver: Received intent: android.telephony.action.CARRIER_CONFIG_CHANGED
01-17 07:29:05.838  1987  1987 D OtaspSimStateReceiver: otasp activation not needed: no supported carrier
01-17 07:29:05.840  3665  3665 I CarrierServices: [2] a.connect: Binding to local JibeService
01-17 07:29:05.845  1987  1987 I VvmSimStateTracker: android.telephony.action.CARRIER_CONFIG_CHANGED
01-17 07:29:05.852  3632  3787 D CellBroadcastConfigService: Enable CellBroadcast on sub 1
01-17 07:29:05.854  1987  1987 I VvmSimStateTracker: Service connected on ComponentInfo{com.android.phone/com.android.services.telephony.TelephonyConnectionService}, [e2f7d48dd2b5ca523e7313cf4ba0f6ea830b6281], UserHandle{0}
01-17 07:29:05.855  2252  3498 I FontLog : Package edu.uw.hello has no metadata [CONTEXT service_id=132 ]
01-17 07:29:05.883  1987  2312 D IccSmsInterfaceManager: [IccSmsInterfaceManager] Calling setCdmaBroadcastConfig with 1 configurations
01-17 07:29:05.900  1987  1987 I RemoteVvmTaskManager: Binding to ComponentInfo{com.google.android.dialer/com.android.voicemail.impl.OmtpService}
01-17 07:29:05.904  1987  2312 D IccSmsInterfaceManager: [IccSmsInterfaceManager] Failed to add cdma broadcast subscription for MID range 4096 to 4096 from client com.android.cellbroadcastreceiver
01-17 07:29:05.910  1987  2312 D IccSmsInterfaceManager: [IccSmsInterfaceManager] Calling setCdmaBroadcastConfig with 1 configurations
01-17 07:29:05.912  1699  2464 I zygote  : IncrementDisableThreadFlip blocked for 6.361ms
01-17 07:29:05.914  1987  2312 D IccSmsInterfaceManager: [IccSmsInterfaceManager] Failed to add cdma broadcast subscription for MID range 4097 to 4097 from client com.android.cellbroadcastreceiver
01-17 07:29:05.916  3244  3244 I Dialer  : VvmOmtpService - onCellServiceConnected
01-17 07:29:05.917  1987  2312 D IccSmsInterfaceManager: [IccSmsInterfaceManager] Calling setCdmaBroadcastConfig with 1 configurations
01-17 07:29:05.919  1987  2312 D IccSmsInterfaceManager: [IccSmsInterfaceManager] Failed to add cdma broadcast subscription for MID range 4098 to 4098 from client com.android.cellbroadcastreceiver
01-17 07:29:05.920  1987  2312 D IccSmsInterfaceManager: [IccSmsInterfaceManager] Calling setCdmaBroadcastConfig with 1 configurations
01-17 07:29:05.921  3244  3244 I Dialer  : VoicemailModule.provideVoicemailClient - providing VoicemailClientImpl
01-17 07:29:05.922  1987  2312 D IccSmsInterfaceManager: [IccSmsInterfaceManager] Failed to add cdma broadcast subscription for MID range 4099 to 4099 from client com.android.cellbroadcastreceiver
01-17 07:29:05.927  1699  1721 E memtrack: Couldn't load memtrack module
01-17 07:29:05.927  1699  1721 W android.os.Debug: failed to get memory consumption info: -1
01-17 07:29:05.928  2252  2252 I GAv4-SVC: Google Analytics 202.4.14 is starting up.
01-17 07:29:05.931  3665  3727 V BugleRcs: RcsAvailability updated but unchanged: RCS is disabled for this carrier by Google
01-17 07:29:05.941  1987  3023 D IccSmsInterfaceManager: [IccSmsInterfaceManager] Failed to remove cdma broadcast subscription for MID range 4100 to 4100 from client com.android.cellbroadcastreceiver
01-17 07:29:05.952  1987  3023 D IccSmsInterfaceManager: [IccSmsInterfaceManager] Calling setGsmBroadcastConfig with 1 configurations
01-17 07:29:05.956  1987  3023 D IccSmsInterfaceManager: [IccSmsInterfaceManager] Failed to add GSM cell broadcast subscription for MID range 4352 to 4354 from client com.android.cellbroadcastreceiver
01-17 07:29:05.957  3174  3699 D DownloadManager: [12] Finished with status SUCCESS
01-17 07:29:05.963  1987  3023 D IccSmsInterfaceManager: [IccSmsInterfaceManager] Calling setGsmBroadcastConfig with 1 configurations
01-17 07:29:05.967  1987  3023 D IccSmsInterfaceManager: [IccSmsInterfaceManager] Failed to add GSM cell broadcast subscription for MID range 4356 to 4356 from client com.android.cellbroadcastreceiver
01-17 07:29:05.970  1987  3023 D IccSmsInterfaceManager: [IccSmsInterfaceManager] Failed to remove GSM cell broadcast subscription for MID range 4355 to 4355 from client com.android.cellbroadcastreceiver
01-17 07:29:05.977  2337  2337 I DigitalWidgetProvider: onReceive: Intent { act=com.android.deskclock.ALARM_CHANGED flg=0x10 cmp=com.google.android.deskclock/com.android.alarmclock.DigitalAppWidgetProvider }
01-17 07:29:05.979  1987  3023 D IccSmsInterfaceManager: [IccSmsInterfaceManager] Calling setGsmBroadcastConfig with 1 configurations
01-17 07:29:05.981  1987  3023 D IccSmsInterfaceManager: [IccSmsInterfaceManager] Failed to add GSM cell broadcast subscription for MID range 4370 to 4370 from client com.android.cellbroadcastreceiver
01-17 07:29:05.992  1987  3023 D IccSmsInterfaceManager: [IccSmsInterfaceManager] Calling setGsmBroadcastConfig with 1 configurations
01-17 07:29:05.995  1987  3023 D IccSmsInterfaceManager: [IccSmsInterfaceManager] Failed to add GSM cell broadcast subscription for MID range 4371 to 4372 from client com.android.cellbroadcastreceiver
01-17 07:29:05.997  1987  2762 D IccSmsInterfaceManager: [IccSmsInterfaceManager] Calling setGsmBroadcastConfig with 1 configurations
01-17 07:29:06.001  1987  2762 D IccSmsInterfaceManager: [IccSmsInterfaceManager] Failed to add GSM cell broadcast subscription for MID range 4373 to 4378 from client com.android.cellbroadcastreceiver
01-17 07:29:06.003  1987  2312 D IccSmsInterfaceManager: [IccSmsInterfaceManager] Calling setGsmBroadcastConfig with 1 configurations
01-17 07:29:06.006  1699  1707 I zygote  : Background concurrent copying GC freed 25311(1682KB) AllocSpace objects, 4(100KB) LOS objects, 39% free, 9MB/15MB, paused 660us total 100.551ms
01-17 07:29:06.009  1699  1722 W BroadcastQueue: Background execution not allowed: receiving Intent { act=android.intent.action.DROPBOX_ENTRY_ADDED flg=0x10 (has extras) } to com.google.android.gms/.stats.service.DropBoxEntryAddedReceiver
01-17 07:29:06.009  1699  1722 W BroadcastQueue: Background execution not allowed: receiving Intent { act=android.intent.action.DROPBOX_ENTRY_ADDED flg=0x10 (has extras) } to com.google.android.gms/.chimera.GmsIntentOperationService$PersistentTrustedReceiver
01-17 07:29:06.014  1987  2312 D IccSmsInterfaceManager: [IccSmsInterfaceManager] Failed to add GSM cell broadcast subscription for MID range 4379 to 4379 from client com.android.cellbroadcastreceiver
01-17 07:29:06.017  1987  2762 D IccSmsInterfaceManager: [IccSmsInterfaceManager] Failed to remove GSM cell broadcast subscription for MID range 4380 to 4382 from client com.android.cellbroadcastreceiver
01-17 07:29:06.019  1987  2762 D IccSmsInterfaceManager: [IccSmsInterfaceManager] Calling setGsmBroadcastConfig with 1 configurations
01-17 07:29:06.024  1987  2762 D IccSmsInterfaceManager: [IccSmsInterfaceManager] Failed to add GSM cell broadcast subscription for MID range 4383 to 4383 from client com.android.cellbroadcastreceiver
01-17 07:29:06.025  1987  2762 D IccSmsInterfaceManager: [IccSmsInterfaceManager] Calling setGsmBroadcastConfig with 1 configurations
01-17 07:29:06.031  1987  2762 D IccSmsInterfaceManager: [IccSmsInterfaceManager] Failed to add GSM cell broadcast subscription for MID range 4384 to 4385 from client com.android.cellbroadcastreceiver
01-17 07:29:06.036  3174  3791 I zygote  : Deoptimizing void com.android.providers.downloads.DownloadProvider$SqlSelection.appendClause(java.lang.String, java.lang.Object[]) due to JIT inline cache
01-17 07:29:06.036  1987  2762 D IccSmsInterfaceManager: [IccSmsInterfaceManager] Calling setGsmBroadcastConfig with 1 configurations
01-17 07:29:06.039  1699  3501 W BroadcastQueue: Background execution not allowed: receiving Intent { act=android.provider.Contacts.DATABASE_CREATED flg=0x4000010 } to com.google.android.gms/.chimera.GmsIntentOperationService$GmsExternalReceiver
01-17 07:29:06.041  1987  2762 D IccSmsInterfaceManager: [IccSmsInterfaceManager] Failed to add GSM cell broadcast subscription for MID range 4386 to 4391 from client com.android.cellbroadcastreceiver
01-17 07:29:06.044  1987  2762 D IccSmsInterfaceManager: [IccSmsInterfaceManager] Calling setGsmBroadcastConfig with 1 configurations
01-17 07:29:06.047  1987  2762 D IccSmsInterfaceManager: [IccSmsInterfaceManager] Failed to add GSM cell broadcast subscription for MID range 4392 to 4392 from client com.android.cellbroadcastreceiver
01-17 07:29:06.049  1987  2762 D IccSmsInterfaceManager: [IccSmsInterfaceManager] Failed to remove GSM cell broadcast subscription for MID range 4393 to 4395 from client com.android.cellbroadcastreceiver
01-17 07:29:06.056  3665  3705 I BugleDataModel: SyncMessagesAction: All messages now in sync
01-17 07:29:06.056  3665  3705 W BugleDataModel: Used 144ms for SyncMessagesAction#backgroundResponse
01-17 07:29:06.075  2252  3370 I constellation: [sim_state_checker] Handling intent Intent { act=android.intent.action.SIM_STATE_CHANGED flg=0x5000010 cmp=com.google.android.gms/.chimera.GmsIntentOperationService (has extras) }
01-17 07:29:06.104  2252  2751 I zygote  : Deoptimizing int cacw.a(java.lang.Object, byte[], int, int, int, int, int, int, long, int, long, bzyw) due to JIT inline cache
01-17 07:29:06.121  1699  2802 W BroadcastQueue: Background execution not allowed: receiving Intent { act=android.intent.action.DROPBOX_ENTRY_ADDED flg=0x10 (has extras) } to com.google.android.gms/.stats.service.DropBoxEntryAddedReceiver
01-17 07:29:06.123  1699  1722 W BroadcastQueue: Background execution not allowed: receiving Intent { act=android.intent.action.DROPBOX_ENTRY_ADDED flg=0x10 (has extras) } to com.google.android.gms/.chimera.GmsIntentOperationService$PersistentTrustedReceiver
01-17 07:29:06.135  3140  3140 D PhenotypeJobService: Job scheduled successfully
01-17 07:29:06.142  1699  1801 D RecurrenceRule: Resolving using anchor 2022-01-16T23:29:06.142-08:00[America/Los_Angeles]
01-17 07:29:06.143  1699  1801 D RecurrenceRule: Resolving using anchor 2022-01-16T23:29:06.143-08:00[America/Los_Angeles]
01-17 07:29:06.144  1699  1801 D RecurrenceRule: Cycle 12 from 2022-01-16T00:00-08:00[America/Los_Angeles] to 2022-02-16T00:00-08:00[America/Los_Angeles]
01-17 07:29:06.144  1699  1801 D NetworkStats: Resolving plan for NetworkTemplate: matchRule=MOBILE_ALL, subscriberId=310260..., matchSubscriberIds=[310260...]
01-17 07:29:06.144  2816  2816 W SearchService: Abort, client detached.
01-17 07:29:06.153  1699  1801 D NetworkStats: Found active matching subId 1
01-17 07:29:06.161  1699  1801 D NetworkStats: Resolved to plan null
01-17 07:29:06.175  3197  3197 I CalendarUpgradeReceiver: Creating or opening calendar database
01-17 07:29:06.197  1699  2802 I PreBootBroadcaster: Pre-boot of {com.android.providers.contacts/com.android.providers.contacts.ContactsUpgradeReceiver} for user 0
01-17 07:29:06.216  2252  2257 I zygote  : Compiler allocated 4MB to compile acfq acfr.a(abyh, acfo, long)
01-17 07:29:06.233  1873  2181 D EGL_emulation: eglMakeCurrent: 0xdd285900: ver 3 1 (tinfo 0xdd283d90)
01-17 07:29:06.268  2252  3405 I ChromeSync: [Persistence,AffiliationManager] One of affiliation or grouping data for android://rJnLn71jChe9ujZVfoWWk55YUn9XVDVNtjvjk6ZT67vFssPmbyu7-fBI-SWD068a9b-6afYH-g4ZTfD1CTj-kw==@edu.uw.hello/ was not found. Marking affiliation data as stale...
01-17 07:29:06.279  3174  3186 V DownloadManager: Deleting /data/data/com.android.providers.downloads/cache/theme_index.binarypb via provider delete
01-17 07:29:06.309  1853  2313 I zygote  : Deoptimizing java.lang.Runnable soy.a(java.lang.Runnable) due to JIT inline cache
01-17 07:29:06.362  1699  2787 W BroadcastQueue: Background execution not allowed: receiving Intent { act=android.intent.action.PACKAGE_ADDED dat=package:edu.uw.hello flg=0x4000010 (has extras) } to com.google.android.gms/.games.chimera.GamesSystemBroadcastReceiverProxy
01-17 07:29:06.362  1699  1722 W BroadcastQueue: Background execution not allowed: receiving Intent { act=android.intent.action.PACKAGE_ADDED dat=package:edu.uw.hello flg=0x4000010 (has extras) } to com.google.android.gms/.gass.chimera.PackageChangeBroadcastReceiver
01-17 07:29:06.363  1699  1722 W BroadcastQueue: Background execution not allowed: receiving Intent { act=android.intent.action.PACKAGE_ADDED dat=package:edu.uw.hello flg=0x4000010 (has extras) } to com.google.android.gms/.chimera.GmsIntentOperationService$PersistentTrustedReceiver
01-17 07:29:06.363  1699  1722 W BroadcastQueue: Background execution not allowed: receiving Intent { act=android.intent.action.PACKAGE_ADDED dat=package:edu.uw.hello flg=0x4000010 (has extras) } to com.google.android.googlequicksearchbox/com.google.android.apps.gsa.googlequicksearchbox.GelStubAppWatcher
01-17 07:29:06.416  2816  3125 I BlobLobber: Handling download id 2 (blob JyPhVyYMSjWAwdV7UP7PAGw)
01-17 07:29:06.444  2816  2816 I DownloadCompleteRrvr: Download Completed
01-17 07:29:06.462  2816  3125 I LanguagePackUpdateContr: Not processing download: 2, not a language pack
01-17 07:29:06.481  1699  3499 W BroadcastQueue: Background execution not allowed: receiving Intent { act=android.intent.action.DROPBOX_ENTRY_ADDED flg=0x10 (has extras) } to com.google.android.gms/.stats.service.DropBoxEntryAddedReceiver
01-17 07:29:06.481  1699  1722 W BroadcastQueue: Background execution not allowed: receiving Intent { act=android.intent.action.DROPBOX_ENTRY_ADDED flg=0x10 (has extras) } to com.google.android.gms/.chimera.GmsIntentOperationService$PersistentTrustedReceiver
01-17 07:29:06.498  2816  2952 I BlobLobber: Handling download id 4 (blob Jh7qp5gqlRVqEWOvOrmR41g)
01-17 07:29:06.512  2816  2816 I DownloadCompleteRrvr: Download Completed
01-17 07:29:06.528  2816  2952 I LanguagePackUpdateContr: Not processing download: 4, not a language pack
01-17 07:29:06.567  2816  3124 I BlobLobber: Handling download id 3 (blob main_apk)
01-17 07:29:06.585  2816  2816 I DownloadCompleteRrvr: Download Completed
01-17 07:29:06.593  2816  3124 I LanguagePackUpdateContr: Not processing download: 3, not a language pack
01-17 07:29:06.641  2816  2947 I BlobLobber: Handling download id 5 (blob JVtFtTBFRm5S2FSFu2bXoDQ)
01-17 07:29:06.674  2816  2816 I DownloadCompleteRrvr: Download Completed
01-17 07:29:06.699  2816  2947 I LanguagePackUpdateContr: Not processing download: 5, not a language pack
01-17 07:29:06.735  2816  2952 I BlobLobber: Handling download id 6 (blob JS8AJ5YXhxoOjmXRdireLqQ)
01-17 07:29:06.745  2816  2816 I DownloadCompleteRrvr: Download Completed
01-17 07:29:06.754  2816  2952 I LanguagePackUpdateContr: Not processing download: 6, not a language pack
01-17 07:29:06.804  2816  2947 I BlobLobber: Handling download id 7 (blob JzJiBqSJ3uJsIcBcShVJhdw)
01-17 07:29:06.817  2816  2816 I DownloadCompleteRrvr: Download Completed
01-17 07:29:06.818  1853  3021 I aopq    : Scheduling Phenotype for a PhenotypeSyncImmediately(6, com.google.android.gms.auth_api_phone) one off with window [1, 2] in seconds [CONTEXT service_id=51 ]
01-17 07:29:06.833  2816  2947 I LanguagePackUpdateContr: Not processing download: 7, not a language pack
01-17 07:29:06.840  2252  2252 I Checkin : [CheckinChimeraService] onStartCommand
01-17 07:29:06.869  1853  3000 I aopq    : Scheduling Phenotype for a PhenotypeSyncImmediately(6, com.google.android.ims.library#com.google.android.apps.messaging) one off with window [1, 2] in seconds [CONTEXT service_id=51 ]
01-17 07:29:06.873  2252  3169 I CheckinCompat: Disabling old GoogleServicesFramework version [CONTEXT service_id=130 ]
01-17 07:29:06.877  1853  3021 I aopq    : Scheduling Phenotype for a PhenotypeSyncImmediately(6, com.google.android.gms.people) one off with window [1, 2] in seconds [CONTEXT service_id=51 ]
01-17 07:29:06.880  2252  3169 I CheckinCompat: No service .checkin.CheckinService$Receiver to disable [CONTEXT service_id=130 ]
01-17 07:29:06.881  2252  3169 I CheckinCompat: No service .checkin.CheckinService$TriggerReceiver to disable [CONTEXT service_id=130 ]
01-17 07:29:06.882  2252  3169 I CheckinCompat: No service .checkin.CheckinService$SecretCodeReceiver to disable [CONTEXT service_id=130 ]
01-17 07:29:06.898  2816  3124 I BlobLobber: Handling download id 8 (blob JA14XSXdNIgW9ArBu2MwSnQ)
01-17 07:29:06.905  2252  2252 I Checkin : [CheckinChimeraService] runCheckinOnNewThread
01-17 07:29:06.905  2252  2252 I Checkin : [CheckinChimeraService] Check queued to run. Is task waiting: false
01-17 07:29:06.912  2816  2816 I DownloadCompleteRrvr: Download Completed
01-17 07:29:06.917  1853  3000 I aopq    : Scheduling Phenotype for a PhenotypeSyncImmediately(6, com.google.android.apps.messaging) one off with window [1, 2] in seconds [CONTEXT service_id=51 ]
01-17 07:29:06.919  2816  3124 I LanguagePackUpdateContr: Not processing download: 8, not a language pack
01-17 07:29:06.935  2252  2252 I Checkin : [CheckinChimeraService] Run checkin on new thread return:1
01-17 07:29:06.935  2252  3131 I Checkin : [CheckinChimeraService] Starting Checkin Task: CheckinNowTaskTag Reason : 8 Force : false UserId: 0
01-17 07:29:06.969  1699  3501 D PackageManager: Ephemeral installer not found with new action; try old one
01-17 07:29:06.969  1699  3501 D PackageManager: Clear ephemeral installer activity
01-17 07:29:06.969  1699  3501 D PackageManager: Ephemeral installer not found with new action; try old one
01-17 07:29:06.970  1699  3501 D PackageManager: Clear ephemeral installer activity
01-17 07:29:06.970  1699  3501 D PackageManager: Ephemeral installer not found with new action; try old one
01-17 07:29:06.970  1699  3501 D PackageManager: Clear ephemeral installer activity
01-17 07:29:06.971  1699  3501 D PackageManager: Ephemeral installer not found with new action; try old one
01-17 07:29:06.971  1699  3501 D PackageManager: Clear ephemeral installer activity
01-17 07:29:06.971  1699  3501 D PackageManager: Ephemeral installer not found with new action; try old one
01-17 07:29:06.971  1699  3501 D PackageManager: Clear ephemeral installer activity
01-17 07:29:06.980  1699  3501 D PackageManager: Ephemeral installer not found with new action; try old one
01-17 07:29:06.980  1699  3501 D PackageManager: Clear ephemeral installer activity
01-17 07:29:06.981  1699  1711 D PackageManager: Ephemeral installer not found with new action; try old one
01-17 07:29:06.981  1699  1711 D PackageManager: Clear ephemeral installer activity
01-17 07:29:06.982  1699  1711 D PackageManager: Ephemeral installer not found with new action; try old one
01-17 07:29:06.982  1699  1711 D PackageManager: Clear ephemeral installer activity
01-17 07:29:07.014  2816  3125 I BlobLobber: Handling download id 10 (blob Jp8pgu8pEaqBtMZDDI0GX0A)
01-17 07:29:07.014  1853  3130 I zygote  : Deoptimizing com.google.android.gms.phenotype.Configurations aool.a(java.util.Set, java.util.Set, java.lang.String, aook, boolean) due to JIT inline cache
01-17 07:29:07.030  1853  3000 I aopq    : Scheduling Phenotype for a PhenotypeSyncImmediately(6, com.google.android.gms.people.ui) one off with window [1, 2] in seconds [CONTEXT service_id=51 ]
01-17 07:29:07.039  2252  3371 I GCM-GMS : Scheduling task to register GMS
01-17 07:29:07.069  3810  3810 W zygote  : Unexpected CPU variant for X86 using defaults: x86
01-17 07:29:07.077  2252  3131 I Checkin : [EventLogChimeraService] Opted in for usage reporting: false
01-17 07:29:07.079  1699  2462 I ActivityManager: Start proc 3810:com.google.android.gms.ui/u0a13 for service com.google.android.gms/.chimera.UiIntentOperationService
01-17 07:29:07.086  2816  2821 I zygote  : Do full code cache collection, code=265KB, data=167KB
01-17 07:29:07.087  2816  2821 I zygote  : After code cache collection, code=234KB, data=140KB
01-17 07:29:07.099  1699  3499 I WifiService: getConnectionInfo uid=10032
01-17 07:29:07.099  2816  3125 I LanguagePackUpdateContr: Not processing download: 10, not a language pack
01-17 07:29:07.100  1699  2438 I WifiService: getWifiEnabledState uid=10032
01-17 07:29:07.100  2816  2955 W Settings: Setting mobile_data has moved from android.provider.Settings.Secure to android.provider.Settings.Global.
01-17 07:29:07.101  2816  3124 I ModelDownloadController: Handle the downloaded hotword model
01-17 07:29:07.101  2816  3124 I ModelDownloadController: the model is already used
01-17 07:29:07.111  3810  3810 I zygote  : The ClassLoaderContext is a special shared library.
01-17 07:29:07.111  3810  3810 I chatty  : uid=10013 com.google.android.gms.ui identical 1 line
01-17 07:29:07.112  3810  3810 I zygote  : The ClassLoaderContext is a special shared library.
01-17 07:29:07.112  2816  2816 I DownloadCompleteRrvr: Download Completed
01-17 07:29:07.151  1853  3130 I Herrevad: [89] absm.a: updateListenState
01-17 07:29:07.153  3140  3265 I PhenotypeFlagCommitter: Experiment Configs successfully retrieved for com.google.android.calendar
01-17 07:29:07.193  2252  3131 I Checkin : [EventLogChimeraService] Opted in for usage reporting: false
01-17 07:29:07.195  2816  3125 I BlobLobber: Handling download id 9 (blob JedSVOyMNkvit8TBmhRdBGw)
01-17 07:29:07.197  2252  3131 I Checkin : [EventLogChimeraService] Accumulating logs since 0
01-17 07:29:07.220  2816  2816 I DownloadCompleteRrvr: Download Completed
01-17 07:29:07.247  2816  3125 I LanguagePackUpdateContr: Not processing download: 9, not a language pack
01-17 07:29:07.275  1699  2438 D PackageManager: Ephemeral installer not found with new action; try old one
01-17 07:29:07.275  1699  2438 D PackageManager: Clear ephemeral installer activity
01-17 07:29:07.277  1699  3501 W BroadcastQueue: Background execution not allowed: receiving Intent { act=com.google.android.chimera.MODULE_CONFIGURATION_CHANGED flg=0x10 (has extras) } to com.google.android.gms/.chimera.GmsIntentOperationService$PersistentInternalReceiver
01-17 07:29:07.284  1853  3000 I zygote  : Deoptimizing com.google.android.gms.phenotype.ExperimentTokens aooq.a(aond) due to JIT inline cache
01-17 07:29:07.285  1853  3000 E aoob    : Phenotype API error. Event # ccoz@607fe7f0, EventCode: 7 [CONTEXT service_id=51 ]
01-17 07:29:07.285  1853  3000 E aoob    : aonf: 29505: No config packages for log source, or config package not registered
01-17 07:29:07.285  1853  3000 E aoob    : 	at aooq.b(:com.google.android.gms@202414022@20.24.14 (040700-319035315):7)
01-17 07:29:07.285  1853  3000 E aoob    : 	at aoon.b(:com.google.android.gms@202414022@20.24.14 (040700-319035315):2)
01-17 07:29:07.285  1853  3000 E aoob    : 	at aoob.a(:com.google.android.gms@202414022@20.24.14 (040700-319035315):91)
01-17 07:29:07.285  1853  3000 E aoob    : 	at aoob.a(:com.google.android.gms@202414022@20.24.14 (040700-319035315):86)
01-17 07:29:07.285  1853  3000 E aoob    : 	at aabt.run(:com.google.android.gms@202414022@20.24.14 (040700-319035315):9)
01-17 07:29:07.285  1853  3000 E aoob    : 	at bnin.run(:com.google.android.gms@202414022@20.24.14 (040700-319035315):2)
01-17 07:29:07.285  1853  3000 E aoob    : 	at soy.b(:com.google.android.gms@202414022@20.24.14 (040700-319035315):12)
01-17 07:29:07.285  1853  3000 E aoob    : 	at soy.run(:com.google.android.gms@202414022@20.24.14 (040700-319035315):7)
01-17 07:29:07.285  1853  3000 E aoob    : 	at java.util.concurrent.ThreadPoolExecutor.runWorker(ThreadPoolExecutor.java:1162)
01-17 07:29:07.285  1853  3000 E aoob    : 	at java.util.concurrent.ThreadPoolExecutor$Worker.run(ThreadPoolExecutor.java:636)
01-17 07:29:07.285  1853  3000 E aoob    : 	at sux.run(:com.google.android.gms@202414022@20.24.14 (040700-319035315):0)
01-17 07:29:07.285  1853  3000 E aoob    : 	at java.lang.Thread.run(Thread.java:764)
01-17 07:29:07.285  1853  3000 E AsyncOperation: serviceID=51, operation=GetExperimentTokensOperationCall
01-17 07:29:07.285  1853  3000 E AsyncOperation: OperationException[Status{statusCode=No config packages for log source, or config package not registered, resolution=null}]
01-17 07:29:07.285  1853  3000 E AsyncOperation: 	at aoob.a(:com.google.android.gms@202414022@20.24.14 (040700-319035315):93)
01-17 07:29:07.285  1853  3000 E AsyncOperation: 	at aoob.a(:com.google.android.gms@202414022@20.24.14 (040700-319035315):86)
01-17 07:29:07.285  1853  3000 E AsyncOperation: 	at aabt.run(:com.google.android.gms@202414022@20.24.14 (040700-319035315):9)
01-17 07:29:07.285  1853  3000 E AsyncOperation: 	at bnin.run(:com.google.android.gms@202414022@20.24.14 (040700-319035315):2)
01-17 07:29:07.285  1853  3000 E AsyncOperation: 	at soy.b(:com.google.android.gms@202414022@20.24.14 (040700-319035315):12)
01-17 07:29:07.285  1853  3000 E AsyncOperation: 	at soy.run(:com.google.android.gms@202414022@20.24.14 (040700-319035315):7)
01-17 07:29:07.285  1853  3000 E AsyncOperation: 	at java.util.concurrent.ThreadPoolExecutor.runWorker(ThreadPoolExecutor.java:1162)
